{"ts":"2026-10-07T01:05:16.678Z","level":"error","requestId":"47154426-cde3-4537-a57a-272d53a434b2","code":"UPSTREAM_ERROR","message":"Failed to load seasons","route":"/api/v1/players/carlos-mendez/details"}
{"ts":"2026-10-07T01:05:17.113Z","level":"error","requestId":"f6291392-9357-4f48-a908-5ced66385c01","code":"UPSTREAM_ERROR","message":"Failed to load seasons","route":"/api/v1/players/carlos-mendez/details"}
{"ts":"2026-10-07T01:05:17.404Z","level":"error","requestId":"697e1c4b-ed31-4a35-a968-e386c9cd8ea9","code":"UPSTREAM_ERROR","message":"Failed to load seasons","route":"/api/v1/players/carlos-mendez/details"}
{"ts":"2026-10-07T01:05:17.800Z","level":"error","requestId":"a50c1c66-c1e7-4439-a12d-204f70474851","code":"UPSTREAM_ERROR","message":"Failed to load seasons","route":"/api/v1/players/carlos-mendez/details"}
{"ts":"2026-10-07T01:05:18.336Z","level":"error","requestId":"aa6a5bf5-97e2-46b5-8a68-34d620920cfc","code":"UPSTREAM_ERROR","message":"Failed to load seasons","route":"/api/v1/players/carlos-mendez/details"}
{"ts":"2026-10-07T01:05:18.730Z","level":"error","requestId":"237cae31-fb31-41ca-bfb1-7af028d65973","code":"UPSTREAM_ERROR","message":"Failed to load seasons","route":"/api/v1/players/carlos-mendez/details"}
{"ts":"2026-10-07T01:05:19.236Z","level":"error","requestId":"06b6574f-2808-42ab-8954-9b9c9880346d","code":"UPSTREAM_ERROR","message":"Failed to load seasons","route":"/api/v1/players/daniel-okafor/details"}
{"ts":"2026-10-07T01:05:19.650Z","level":"error","requestId":"879ee1c3-a286-48d5-a364-370bcd0d1f5d","code":"UPSTREAM_ERROR","message":"Failed to load seasons","route":"/api/v1/players/daniel-okafor/details"}
{"ts":"2026-10-07T01:05:19.927Z","level":"error","requestId":"123a68e4-647c-487e-a590-265d2f9558ef","code":"UPSTREAM_ERROR","message":"Failed to load seasons","route":"/api/v1/players/daniel-okafor/details"}
{"ts":"2026-10-07T01:05:20.333Z","level":"error","requestId":"c5e15005-2ddf-42fb-b87c-7dfcdf76827b","code":"UPSTREAM_ERROR","message":"Failed to load seasons","route":"/api/v1/players/daniel-okafor/details"}
{"ts":"2026-10-07T01:05:20.845Z","level":"error","requestId":"fcf1c4fd-aaab-4705-a74f-4d5976a6bae5","code":"UPSTREAM_ERROR","message":"Failed to load seasons","route":"/api/v1/players/daniel-okafor/details"}
{"ts":"2026-10-07T01:05:21.274Z","level":"error","requestId":"b0cfe855-d702-446a-9070-1c280fac3368","code":"UPSTREAM_ERROR","message":"Failed to load seasons","route":"/api/v1/players/daniel-okafor/details"}
{"ts":"2026-10-07T01:05:21.790Z","level":"error","requestId":"172181f0-45c6-411a-b12f-e54eda35f66c","code":"UPSTREAM_ERROR","message":"Failed to load seasons","route":"/api/v1/players/harry-collins/details"}
{"ts":"2026-10-07T01:05:22.207Z","level":"error","requestId":"275ec04e-56a3-4ff6-a3c8-c95b55be12bd","code":"UPSTREAM_ERROR","message":"Failed to load seasons","route":"/api/v1/players/harry-collins/details"}
{"ts":"2026-10-07T01:05:22.467Z","level":"error","requestId":"41ade253-3d9f-4fdc-ac15-70fb4a0a4a2e","code":"UPSTREAM_ERROR","message":"Failed to load seasons","route":"/api/v1/players/harry-collins/details"}
{"ts":"2026-10-07T01:05:22.892Z","level":"error","requestId":"13a7472f-ea89-4217-ad3c-fb7fff294bc5","code":"UPSTREAM_ERROR","message":"Failed to load seasons","route":"/api/v1/players/harry-collins/details"}
{"ts":"2026-10-07T01:05:23.396Z","level":"error","requestId":"0626b727-0446-45f0-9624-1e6344bf7157","code":"UPSTREAM_ERROR","message":"Failed to load seasons","route":"/api/v1/players/harry-collins/details"}
{"ts":"2026-10-07T01:05:23.819Z","level":"error","requestId":"879641e7-05e1-459f-978d-970e0a478f39","code":"UPSTREAM_ERROR","message":"Failed to load seasons","route":"/api/v1/players/harry-collins/details"}
{"ts":"2026-10-07T01:05:24.303Z","level":"error","requestId":"a95dff3e-153e-4f2e-8c06-0037f0474b56","code":"UPSTREAM_ERROR","message":"Failed to load seasons","route":"/api/v1/players/james-thornton/details"}
{"ts":"2026-10-07T01:05:24.725Z","level":"error","requestId":"dd5ca1bc-9107-45a3-a550-7a741e442b59","code":"UPSTREAM_ERROR","message":"Failed to load seasons","route":"/api/v1/players/james-thornton/details"}
{"ts":"2026-10-07T01:05:25.003Z","level":"error","requestId":"bcb82b4f-01f4-4d67-8d25-ca55b20e8ec6","code":"UPSTREAM_ERROR","message":"Failed to load seasons","route":"/api/v1/players/james-thornton/details"}
{"ts":"2026-10-07T01:05:25.407Z","level":"error","requestId":"3c685ad5-d4b0-486f-bae7-de2ca3f11288","code":"UPSTREAM_ERROR","message":"Failed to load seasons","route":"/api/v1/players/james-thornton/details"}
{"ts":"2026-10-07T01:05:25.943Z","level":"error","requestId":"e37b4f5d-6418-4fd6-89c5-5f5fcdd09205","code":"UPSTREAM_ERROR","message":"Failed to load seasons","route":"/api/v1/players/james-thornton/details"}
{"ts":"2026-10-07T01:05:26.338Z","level":"error","requestId":"e8f3171d-25c5-4faa-92fe-5e55398a3ef0","code":"UPSTREAM_ERROR","message":"Failed to load seasons","route":"/api/v1/players/james-thornton/details"}
{"ts":"2026-10-07T01:05:26.849Z","level":"error","requestId":"98c949d4-47bd-45e7-9103-a4b241c0266e","code":"UPSTREAM_ERROR","message":"Failed to load seasons","route":"/api/v1/players/lucas-ferreira/details"}
{"ts":"2026-10-07T01:05:27.264Z","level":"error","requestId":"27250d82-4c79-4fe8-802c-102a3dcbe461","code":"UPSTREAM_ERROR","message":"Failed to load seasons","route":"/api/v1/players/lucas-ferreira/details"}
{"ts":"2026-10-07T01:05:27.535Z","level":"error","requestId":"35628021-3320-4310-bd7d-ea94c379896d","code":"UPSTREAM_ERROR","message":"Failed to load seasons","route":"/api/v1/players/lucas-ferreira/details"}
{"ts":"2026-10-07T01:05:27.939Z","level":"error","requestId":"ceffb389-c7df-4fcf-a35b-77d9d19f17dc","code":"UPSTREAM_ERROR","message":"Failed to load seasons","route":"/api/v1/players/lucas-ferreira/details"}
{"ts":"2026-10-07T01:05:28.462Z","level":"error","requestId":"23003ebf-51cb-4fe5-aa7b-5c92397ba6e7","code":"UPSTREAM_ERROR","message":"Failed to load seasons","route":"/api/v1/players/lucas-ferreira/details"}
{"ts":"2026-10-07T01:05:28.871Z","level":"error","requestId":"925b144f-2402-4898-8004-7b222a852bfd","code":"UPSTREAM_ERROR","message":"Failed to load seasons","route":"/api/v1/players/lucas-ferreira/details"}
{"ts":"2026-10-07T01:05:31.417Z","level":"error","requestId":"33342dd3-79b1-4f21-b466-83de75b940e5","code":"UPSTREAM_ERROR","message":"Failed to load teams","route":"/api/v1/teams?page=2&limit=24&active=true"}
{"ts":"2026-10-07T01:05:31.815Z","level":"error","requestId":"12d80f6f-5272-43eb-b422-66bfb0c22a8b","code":"UPSTREAM_ERROR","message":"Failed to load teams","route":"/api/v1/teams?page=2&limit=24&active=true"}
{"ts":"2026-10-07T01:05:32.466Z","level":"error","requestId":"f8bc1d7a-7f5c-4dc2-90a9-74bf31b3fd9d","code":"UPSTREAM_ERROR","message":"Failed to load teams","route":"/api/v1/teams?page=2&limit=24&active=true"}
{"ts":"2026-10-07T01:05:32.679Z","level":"error","requestId":"8745a931-4282-45a4-b6bd-e30e07cdf893","code":"UPSTREAM_ERROR","message":"Failed to load players","route":"/api/v1/players?page=2&limit=24"}
{"ts":"2026-10-07T01:05:33.086Z","level":"error","requestId":"edeb1eb5-015e-44b6-b714-a81c2a1cf8c4","code":"UPSTREAM_ERROR","message":"Failed to load players","route":"/api/v1/players?page=2&limit=24"}
{"ts":"2026-10-07T01:05:33.735Z","level":"error","requestId":"18a20e06-1045-40d1-b63a-1f2469a70cc4","code":"UPSTREAM_ERROR","message":"Failed to load players","route":"/api/v1/players?page=2&limit=24"}
{"ts":"2026-10-07T01:05:33.938Z","level":"error","requestId":"5e91cdac-bcb8-4297-b88b-09fbb2cf6535","code":"UPSTREAM_ERROR","message":"Failed to load competitions","route":"/api/v1/competitions?page=2&limit=24&active=true"}
{"ts":"2026-10-07T01:05:34.341Z","level":"error","requestId":"6c76a227-38ec-4acd-a559-3baf0f818d77","code":"UPSTREAM_ERROR","message":"Failed to load competitions","route":"/api/v1/competitions?page=2&limit=24&active=true"}
{"ts":"2026-10-07T01:05:34.987Z","level":"error","requestId":"3ce63c13-c91c-4f9a-95a0-c3afa5c484bb","code":"UPSTREAM_ERROR","message":"Failed to load competitions","route":"/api/v1/competitions?page=2&limit=24&active=true"}
{"ts":"2026-10-07T01:06:00.008Z","level":"error","requestId":"e9fac26e-8bb5-4bc2-b2b9-25d0eb37e145","code":"UPSTREAM_ERROR","message":"Failed to load seasons","route":"/api/v1/players/carlos-mendez/details"}
{"ts":"2026-10-07T01:06:00.428Z","level":"error","requestId":"79d51754-32c8-46a9-a7d4-1a27ce18fcdd","code":"UPSTREAM_ERROR","message":"Failed to load seasons","route":"/api/v1/players/carlos-mendez/details"}
{"ts":"2026-10-07T01:06:00.686Z","level":"error","requestId":"016f3508-018b-4bbd-9501-742fce934548","code":"UPSTREAM_ERROR","message":"Failed to load seasons","route":"/api/v1/players/carlos-mendez/details"}
{"ts":"2026-10-07T01:06:01.107Z","level":"error","requestId":"eaaeb897-05a5-4274-89aa-418d54c5f4cd","code":"UPSTREAM_ERROR","message":"Failed to load seasons","route":"/api/v1/players/carlos-mendez/details"}
{"ts":"2026-10-07T01:06:01.622Z","level":"error","requestId":"aec80c1a-5a4d-4dce-8aca-440dd6706d78","code":"UPSTREAM_ERROR","message":"Failed to load seasons","route":"/api/v1/players/carlos-mendez/details"}
{"ts":"2026-10-07T01:06:02.041Z","level":"error","requestId":"8563750e-3359-486f-8510-9179735d357d","code":"UPSTREAM_ERROR","message":"Failed to load seasons","route":"/api/v1/players/carlos-mendez/details"}
{"ts":"2026-10-07T01:06:02.555Z","level":"error","requestId":"d24c57e2-d130-404c-834c-c4428ae7a153","code":"UPSTREAM_ERROR","message":"Failed to load seasons","route":"/api/v1/players/daniel-okafor/details"}
{"ts":"2026-10-07T01:06:02.972Z","level":"error","requestId":"20046463-df2a-4571-a81f-1c7f9394e606","code":"UPSTREAM_ERROR","message":"Failed to load seasons","route":"/api/v1/players/daniel-okafor/details"}
{"ts":"2026-10-07T01:06:03.251Z","level":"error","requestId":"1b784ddf-a675-4fc2-a378-e8d67799e0ca","code":"UPSTREAM_ERROR","message":"Failed to load seasons","route":"/api/v1/players/daniel-okafor/details"}
{"ts":"2026-10-07T01:06:03.657Z","level":"error","requestId":"c6f312f0-db37-4f24-9053-dc17a420e76a","code":"UPSTREAM_ERROR","message":"Failed to load seasons","route":"/api/v1/players/daniel-okafor/details"}
{"ts":"2026-10-07T01:06:04.182Z","level":"error","requestId":"e411617d-aa11-4925-b69f-7e92452a2368","code":"UPSTREAM_ERROR","message":"Failed to load seasons","route":"/api/v1/players/daniel-okafor/details"}
{"ts":"2026-10-07T01:06:04.635Z","level":"error","requestId":"357d5c99-edfc-4c2e-a2da-d3bdfa8357c7","code":"UPSTREAM_ERROR","message":"Failed to load seasons","route":"/api/v1/players/daniel-okafor/details"}
{"ts":"2026-10-07T01:06:05.154Z","level":"error","requestId":"6e7468d5-5e47-44bf-8dd2-a92d9b132694","code":"UPSTREAM_ERROR","message":"Failed to load seasons","route":"/api/v1/players/harry-collins/details"}
{"ts":"2026-10-07T01:06:05.579Z","level":"error","requestId":"422d487a-fd3a-45b4-91e0-21dc3be116f0","code":"UPSTREAM_ERROR","message":"Failed to load seasons","route":"/api/v1/players/harry-collins/details"}
{"ts":"2026-10-07T01:06:05.829Z","level":"error","requestId":"a42905cf-9f54-42c3-8172-8d3a25afac51","code":"UPSTREAM_ERROR","message":"Failed to load seasons","route":"/api/v1/players/harry-collins/details"}
{"ts":"2026-10-07T01:06:06.265Z","level":"error","requestId":"36a8d235-7548-42a7-b92f-2fabe8be77df","code":"UPSTREAM_ERROR","message":"Failed to load seasons","route":"/api/v1/players/harry-collins/details"}
{"ts":"2026-10-07T01:06:06.766Z","level":"error","requestId":"b85c0c05-c24f-4b4c-8893-a2cc25e05dea","code":"UPSTREAM_ERROR","message":"Failed to load seasons","route":"/api/v1/players/harry-collins/details"}
{"ts":"2026-10-07T01:06:07.188Z","level":"error","requestId":"335d248d-901a-424c-b44b-e4a4f45bd1c2","code":"UPSTREAM_ERROR","message":"Failed to load seasons","route":"/api/v1/players/harry-collins/details"}
{"ts":"2026-10-07T01:06:07.680Z","level":"error","requestId":"184b5968-4892-46f5-b56b-154ee1d6dd99","code":"UPSTREAM_ERROR","message":"Failed to load seasons","route":"/api/v1/players/james-thornton/details"}
{"ts":"2026-10-07T01:06:08.112Z","level":"error","requestId":"26344c59-cec6-4b8a-991b-81fc4ca6b4e1","code":"UPSTREAM_ERROR","message":"Failed to load seasons","route":"/api/v1/players/james-thornton/details"}
{"ts":"2026-10-07T01:06:08.400Z","level":"error","requestId":"550a846f-8ca2-4bee-b659-d54636eb326a","code":"UPSTREAM_ERROR","message":"Failed to load seasons","route":"/api/v1/players/james-thornton/details"}
{"ts":"2026-10-07T01:06:08.803Z","level":"error","requestId":"502c822e-33a6-4dc1-8b26-c3ec0496d090","code":"UPSTREAM_ERROR","message":"Failed to load seasons","route":"/api/v1/players/james-thornton/details"}
{"ts":"2026-10-07T01:06:09.332Z","level":"error","requestId":"9d83f695-5593-4d91-a1fc-72214496a2d5","code":"UPSTREAM_ERROR","message":"Failed to load seasons","route":"/api/v1/players/james-thornton/details"}
{"ts":"2026-10-07T01:06:09.729Z","level":"error","requestId":"ae90c2ad-b1df-454d-8760-df06e8a08049","code":"UPSTREAM_ERROR","message":"Failed to load seasons","route":"/api/v1/players/james-thornton/details"}
{"ts":"2026-10-07T01:06:10.213Z","level":"error","requestId":"fd95e900-643d-475c-b06a-b10ff9766432","code":"UPSTREAM_ERROR","message":"Failed to load seasons","route":"/api/v1/players/lucas-ferreira/details"}
{"ts":"2026-10-07T01:06:10.631Z","level":"error","requestId":"a837df48-9396-4c97-8c43-a2863097385b","code":"UPSTREAM_ERROR","message":"Failed to load seasons","route":"/api/v1/players/lucas-ferreira/details"}
{"ts":"2026-10-07T01:06:10.907Z","level":"error","requestId":"32d9e8e7-179c-4ebb-aeaa-86e59387b625","code":"UPSTREAM_ERROR","message":"Failed to load seasons","route":"/api/v1/players/lucas-ferreira/details"}
{"ts":"2026-10-07T01:06:11.322Z","level":"error","requestId":"5a570fe4-c119-4a08-bb67-40c24bf17731","code":"UPSTREAM_ERROR","message":"Failed to load seasons","route":"/api/v1/players/lucas-ferreira/details"}
{"ts":"2026-10-07T01:06:11.832Z","level":"error","requestId":"1951f344-c73a-401d-848a-cda951412ef7","code":"UPSTREAM_ERROR","message":"Failed to load seasons","route":"/api/v1/players/lucas-ferreira/details"}
{"ts":"2026-10-07T01:06:12.247Z","level":"error","requestId":"c9e78863-ed1d-4d1c-b9b0-47b5653bb684","code":"UPSTREAM_ERROR","message":"Failed to load seasons","route":"/api/v1/players/lucas-ferreira/details"}
{"ts":"2026-10-07T01:06:12.647Z","level":"error","requestId":"a8e14309-35ce-40d3-bb37-cc01238e4ec7","code":"UPSTREAM_ERROR","message":"Failed to load teams","route":"/api/v1/teams?page=2&limit=24&active=true"}
{"ts":"2026-10-07T01:06:13.049Z","level":"error","requestId":"783cdfe6-e1bd-4cee-b62c-c92442403979","code":"UPSTREAM_ERROR","message":"Failed to load teams","route":"/api/v1/teams?page=2&limit=24&active=true"}
{"ts":"2026-10-07T01:06:13.708Z","level":"error","requestId":"798c7cc0-14b7-40d4-bdf2-64a619bb8e44","code":"UPSTREAM_ERROR","message":"Failed to load teams","route":"/api/v1/teams?page=2&limit=24&active=true"}
{"ts":"2026-10-07T01:06:13.888Z","level":"error","requestId":"564be27e-6f58-4524-a36e-38e4eae77edc","code":"UPSTREAM_ERROR","message":"Failed to load players","route":"/api/v1/players?page=2&limit=24"}
{"ts":"2026-10-07T01:06:14.296Z","level":"error","requestId":"b42c62be-7c47-4fc5-8959-d44c089fffac","code":"UPSTREAM_ERROR","message":"Failed to load players","route":"/api/v1/players?page=2&limit=24"}
{"ts":"2026-10-07T01:06:14.940Z","level":"error","requestId":"21122cef-0c4a-415a-959f-50aa85cff4a7","code":"UPSTREAM_ERROR","message":"Failed to load players","route":"/api/v1/players?page=2&limit=24"}
{"ts":"2026-10-07T01:06:15.129Z","level":"error","requestId":"4a24bc81-649e-40ef-ad16-e8ca3eccb222","code":"UPSTREAM_ERROR","message":"Failed to load competitions","route":"/api/v1/competitions?page=2&limit=24&active=true"}
{"ts":"2026-10-07T01:06:15.522Z","level":"error","requestId":"1db86531-b97c-472c-b6ea-d89a7719ccbb","code":"UPSTREAM_ERROR","message":"Failed to load competitions","route":"/api/v1/competitions?page=2&limit=24&active=true"}
{"ts":"2026-10-07T01:06:16.180Z","level":"error","requestId":"a8c11fe3-440e-4943-bfd4-7e83eeb5715f","code":"UPSTREAM_ERROR","message":"Failed to load competitions","route":"/api/v1/competitions?page=2&limit=24&active=true"}
{"ts":"2026-10-07T01:06:37.240Z","level":"error","requestId":"80a85e1f-e222-42cc-8235-03c430e1b296","code":"UPSTREAM_ERROR","message":"Failed to load seasons","route":"/api/v1/players/carlos-mendez/details"}
{"ts":"2026-10-07T01:06:37.662Z","level":"error","requestId":"ed9e93c4-513c-4a36-8c4f-2aec927e8740","code":"UPSTREAM_ERROR","message":"Failed to load seasons","route":"/api/v1/players/carlos-mendez/details"}
{"ts":"2026-10-07T01:06:37.928Z","level":"error","requestId":"0b44fc28-39bd-4ec1-9d4a-453ed9b4782b","code":"UPSTREAM_ERROR","message":"Failed to load seasons","route":"/api/v1/players/carlos-mendez/details"}
{"ts":"2026-10-07T01:06:38.350Z","level":"error","requestId":"f660b008-c468-4ca3-babf-9ac4d6d1a946","code":"UPSTREAM_ERROR","message":"Failed to load seasons","route":"/api/v1/players/carlos-mendez/details"}
{"ts":"2026-10-07T01:06:38.875Z","level":"error","requestId":"69f69113-dac8-4148-a425-282d2494f988","code":"UPSTREAM_ERROR","message":"Failed to load seasons","route":"/api/v1/players/carlos-mendez/details"}
{"ts":"2026-10-07T01:06:39.275Z","level":"error","requestId":"fe234618-2d68-48b3-9422-011ea194dbcf","code":"UPSTREAM_ERROR","message":"Failed to load seasons","route":"/api/v1/players/carlos-mendez/details"}
{"ts":"2026-10-07T01:06:39.751Z","level":"error","requestId":"05f3ab7c-c456-4d41-973d-7dc7178c6551","code":"UPSTREAM_ERROR","message":"Failed to load seasons","route":"/api/v1/players/daniel-okafor/details"}
{"ts":"2026-10-07T01:06:40.171Z","level":"error","requestId":"dd155a22-daec-42df-ab10-ef700adf8d18","code":"UPSTREAM_ERROR","message":"Failed to load seasons","route":"/api/v1/players/daniel-okafor/details"}
{"ts":"2026-10-07T01:06:40.434Z","level":"error","requestId":"ff6df282-5718-40c5-a59b-f52c15658c21","code":"UPSTREAM_ERROR","message":"Failed to load seasons","route":"/api/v1/players/daniel-okafor/details"}
{"ts":"2026-10-07T01:06:40.844Z","level":"error","requestId":"b4a920b3-b004-4f9e-b987-8a78480ed402","code":"UPSTREAM_ERROR","message":"Failed to load seasons","route":"/api/v1/players/daniel-okafor/details"}
{"ts":"2026-10-07T01:06:41.374Z","level":"error","requestId":"811bdc40-1fbd-459d-9e34-8dc29563b523","code":"UPSTREAM_ERROR","message":"Failed to load seasons","route":"/api/v1/players/daniel-okafor/details"}
{"ts":"2026-10-07T01:06:41.782Z","level":"error","requestId":"c9b5a574-ce7a-4b41-9ea8-1c833d3544fc","code":"UPSTREAM_ERROR","message":"Failed to load seasons","route":"/api/v1/players/daniel-okafor/details"}
{"ts":"2026-10-07T01:06:42.290Z","level":"error","requestId":"be411bff-bb0d-49c9-916e-b93efd654f81","code":"UPSTREAM_ERROR","message":"Failed to load seasons","route":"/api/v1/players/harry-collins/details"}
{"ts":"2026-10-07T01:06:42.713Z","level":"error","requestId":"ada2b494-b813-4a01-a89a-51190375ddce","code":"UPSTREAM_ERROR","message":"Failed to load seasons","route":"/api/v1/players/harry-collins/details"}
{"ts":"2026-10-07T01:06:42.974Z","level":"error","requestId":"c74ae243-7f0f-4195-a828-f0e1985b97e0","code":"UPSTREAM_ERROR","message":"Failed to load seasons","route":"/api/v1/players/harry-collins/details"}
{"ts":"2026-10-07T01:06:43.399Z","level":"error","requestId":"e41c1003-146e-4498-9736-4b7f71937e67","code":"UPSTREAM_ERROR","message":"Failed to load seasons","route":"/api/v1/players/harry-collins/details"}
{"ts":"2026-10-07T01:06:43.897Z","level":"error","requestId":"4f9f8103-4a3c-482e-b0e7-ae5db45e1804","code":"UPSTREAM_ERROR","message":"Failed to load seasons","route":"/api/v1/players/harry-collins/details"}
{"ts":"2026-10-07T01:06:44.717Z","level":"error","requestId":"e198b490-941c-46cd-9bad-1a3d6bbba7fb","code":"UPSTREAM_ERROR","message":"Failed to load seasons","route":"/api/v1/players/harry-collins/details"}
{"ts":"2026-10-07T01:06:45.324Z","level":"error","requestId":"9cb388d1-fa9f-4f38-9053-02cecbb7da8a","code":"UPSTREAM_ERROR","message":"Failed to load seasons","route":"/api/v1/players/james-thornton/details"}
{"ts":"2026-10-07T01:06:45.746Z","level":"error","requestId":"07bdec5d-9bc2-44ae-b106-386929a23dfa","code":"UPSTREAM_ERROR","message":"Failed to load seasons","route":"/api/v1/players/james-thornton/details"}
{"ts":"2026-10-07T01:06:46.012Z","level":"error","requestId":"2a89153f-6539-4b58-8eb0-2bee32fedbfb","code":"UPSTREAM_ERROR","message":"Failed to load seasons","route":"/api/v1/players/james-thornton/details"}
{"ts":"2026-10-07T01:06:46.421Z","level":"error","requestId":"9910cafd-e87e-4750-a46a-74c149043b07","code":"UPSTREAM_ERROR","message":"Failed to load seasons","route":"/api/v1/players/james-thornton/details"}
{"ts":"2026-10-07T01:06:46.952Z","level":"error","requestId":"f3d06e65-7e72-4701-bf9b-f072550be9d3","code":"UPSTREAM_ERROR","message":"Failed to load seasons","route":"/api/v1/players/james-thornton/details"}
{"ts":"2026-10-07T01:06:47.350Z","level":"error","requestId":"0a55e8b4-6d77-4512-941e-b4360cbd103f","code":"UPSTREAM_ERROR","message":"Failed to load seasons","route":"/api/v1/players/james-thornton/details"}
{"ts":"2026-10-07T01:06:47.849Z","level":"error","requestId":"67896666-6580-4063-8821-e776f9ada322","code":"UPSTREAM_ERROR","message":"Failed to load seasons","route":"/api/v1/players/lucas-ferreira/details"}
{"ts":"2026-10-07T01:06:48.266Z","level":"error","requestId":"3c7e5161-00c9-4a18-ab7d-922d9b8536f1","code":"UPSTREAM_ERROR","message":"Failed to load seasons","route":"/api/v1/players/lucas-ferreira/details"}
{"ts":"2026-10-07T01:06:48.539Z","level":"error","requestId":"26dd5f09-2575-4d1d-98bd-231574901915","code":"UPSTREAM_ERROR","message":"Failed to load seasons","route":"/api/v1/players/lucas-ferreira/details"}
{"ts":"2026-10-07T01:06:48.931Z","level":"error","requestId":"e2b67a0f-9a3f-474e-8b34-40b215361a16","code":"UPSTREAM_ERROR","message":"Failed to load seasons","route":"/api/v1/players/lucas-ferreira/details"}
{"ts":"2026-10-07T01:06:49.481Z","level":"error","requestId":"4d56b407-1403-4fec-9082-06efe465205c","code":"UPSTREAM_ERROR","message":"Failed to load seasons","route":"/api/v1/players/lucas-ferreira/details"}
{"ts":"2026-10-07T01:06:49.857Z","level":"error","requestId":"ca05e911-d353-455a-9ae2-18572ad53a2d","code":"UPSTREAM_ERROR","message":"Failed to load seasons","route":"/api/v1/players/lucas-ferreira/details"}
{"ts":"2026-10-07T01:06:50.383Z","level":"error","requestId":"cecd35a8-6307-4061-83e3-f801f630f07c","code":"UPSTREAM_ERROR","message":"Failed to load seasons","route":"/api/v1/players/oliver-bennett/details"}
{"ts":"2026-10-07T01:06:50.813Z","level":"error","requestId":"ac2d49da-53cb-43b6-8cfc-1feb9139fab9","code":"UPSTREAM_ERROR","message":"Failed to load seasons","route":"/api/v1/players/oliver-bennett/details"}
{"ts":"2026-10-07T01:06:51.062Z","level":"error","requestId":"afd16230-be22-46d8-ac73-57dad78d6643","code":"UPSTREAM_ERROR","message":"Failed to load seasons","route":"/api/v1/players/oliver-bennett/details"}
{"ts":"2026-10-07T01:06:51.495Z","level":"error","requestId":"adac1237-3ae1-479a-8181-491e1fa030aa","code":"UPSTREAM_ERROR","message":"Failed to load seasons","route":"/api/v1/players/oliver-bennett/details"}
{"ts":"2026-10-07T01:06:51.990Z","level":"error","requestId":"489ba763-92df-4c28-8a83-a59763676352","code":"UPSTREAM_ERROR","message":"Failed to load seasons","route":"/api/v1/players/oliver-bennett/details"}
{"ts":"2026-10-07T01:06:52.427Z","level":"error","requestId":"e68049c0-28d1-419b-b3bf-6e049cd00e54","code":"UPSTREAM_ERROR","message":"Failed to load seasons","route":"/api/v1/players/oliver-bennett/details"}
{"ts":"2026-10-07T01:06:52.921Z","level":"error","requestId":"dcd1f975-2c9f-4ba0-a81d-6ba86a7e359c","code":"UPSTREAM_ERROR","message":"Failed to load seasons","route":"/api/v1/players/thomas-wright/details"}
{"ts":"2026-10-07T01:06:53.350Z","level":"error","requestId":"d28e1e2a-8aea-417f-acbb-454c11b498ff","code":"UPSTREAM_ERROR","message":"Failed to load seasons","route":"/api/v1/players/thomas-wright/details"}
{"ts":"2026-10-07T01:06:53.594Z","level":"error","requestId":"0ae0ed6d-0e0f-4674-bceb-8d1bc3377be8","code":"UPSTREAM_ERROR","message":"Failed to load seasons","route":"/api/v1/players/thomas-wright/details"}
{"ts":"2026-10-07T01:06:54.026Z","level":"error","requestId":"0b90d1d0-2760-4255-8639-e979f477bcaf","code":"UPSTREAM_ERROR","message":"Failed to load seasons","route":"/api/v1/players/thomas-wright/details"}
{"ts":"2026-10-07T01:06:54.533Z","level":"error","requestId":"1ed302b4-006c-4126-bd5c-8f299afea0c5","code":"UPSTREAM_ERROR","message":"Failed to load seasons","route":"/api/v1/players/thomas-wright/details"}
{"ts":"2026-10-07T01:06:54.967Z","level":"error","requestId":"eb45ad82-1ccc-42e0-b9a3-1543bb51d5b2","code":"UPSTREAM_ERROR","message":"Failed to load seasons","route":"/api/v1/players/thomas-wright/details"}
{"ts":"2026-10-07T01:06:55.457Z","level":"error","requestId":"0a23600d-99b8-47a0-8ed2-9165a4d6a7f3","code":"UPSTREAM_ERROR","message":"Failed to load seasons","route":"/api/v1/players/yusuf-demir/details"}
{"ts":"2026-10-07T01:06:55.889Z","level":"error","requestId":"61627801-5acc-4fdd-aee2-5c101231aac8","code":"UPSTREAM_ERROR","message":"Failed to load seasons","route":"/api/v1/players/yusuf-demir/details"}
{"ts":"2026-10-07T01:06:56.138Z","level":"error","requestId":"f80e61a2-e812-440b-8896-74f357e064d9","code":"UPSTREAM_ERROR","message":"Failed to load seasons","route":"/api/v1/players/yusuf-demir/details"}
{"ts":"2026-10-07T01:06:56.564Z","level":"error","requestId":"2782cf39-9bdc-4c06-a053-9bd07f37b605","code":"UPSTREAM_ERROR","message":"Failed to load seasons","route":"/api/v1/players/yusuf-demir/details"}
{"ts":"2026-10-07T01:06:57.062Z","level":"error","requestId":"744d7e0a-370e-47e7-a6dc-0ce9a1c4e42a","code":"UPSTREAM_ERROR","message":"Failed to load seasons","route":"/api/v1/players/yusuf-demir/details"}
{"ts":"2026-10-07T01:06:57.523Z","level":"error","requestId":"8c495083-37d6-4773-8ab1-4905a8953e84","code":"UPSTREAM_ERROR","message":"Failed to load seasons","route":"/api/v1/players/yusuf-demir/details"}
{"ts":"2026-10-07T01:06:57.850Z","level":"error","requestId":"2e5d16b7-5fe5-4c41-8acc-cc1ab2ac8e81","code":"UPSTREAM_ERROR","message":"Failed to load teams","route":"/api/v1/teams?page=2&limit=24&active=true"}
{"ts":"2026-10-07T01:06:58.252Z","level":"error","requestId":"cbb60534-aafa-4e61-8521-d93920b35fa9","code":"UPSTREAM_ERROR","message":"Failed to load teams","route":"/api/v1/teams?page=2&limit=24&active=true"}
{"ts":"2026-10-07T01:06:58.911Z","level":"error","requestId":"8ed24a27-89f7-4127-9165-9b7c4d92803a","code":"UPSTREAM_ERROR","message":"Failed to load teams","route":"/api/v1/teams?page=2&limit=24&active=true"}
{"ts":"2026-10-07T01:06:59.109Z","level":"error","requestId":"ffb649ae-6b6c-414b-95b8-56677e7e63c8","code":"UPSTREAM_ERROR","message":"Failed to load players","route":"/api/v1/players?page=2&limit=24"}
{"ts":"2026-10-07T01:06:59.506Z","level":"error","requestId":"1144397b-8840-4d16-b6a4-f866669dac10","code":"UPSTREAM_ERROR","message":"Failed to load players","route":"/api/v1/players?page=2&limit=24"}
{"ts":"2026-10-07T01:07:00.162Z","level":"error","requestId":"fa4c18a4-c637-4032-b401-c40361de4969","code":"UPSTREAM_ERROR","message":"Failed to load players","route":"/api/v1/players?page=2&limit=24"}
{"ts":"2026-10-07T01:07:00.357Z","level":"error","requestId":"3faa4fd7-a955-428c-9af3-9c9e6026db24","code":"UPSTREAM_ERROR","message":"Failed to load competitions","route":"/api/v1/competitions?page=2&limit=24&active=true"}
{"ts":"2026-10-07T01:07:00.749Z","level":"error","requestId":"5c068e23-258c-4fee-b7c5-df382d27e0e4","code":"UPSTREAM_ERROR","message":"Failed to load competitions","route":"/api/v1/competitions?page=2&limit=24&active=true"}
{"ts":"2026-10-07T01:07:01.400Z","level":"error","requestId":"8d56052a-33be-4c27-bf58-f59042d9e227","code":"UPSTREAM_ERROR","message":"Failed to load competitions","route":"/api/v1/competitions?page=2&limit=24&active=true"}
