
> football-api@1.0.0 dev
> tsx --env-file=.env src/server.ts

{"ts":"2026-10-07T00:54:51.699Z","msg":"football-api listening","port":4000,"env":"development"}
{"ts":"2026-10-07T00:54:51.700Z","msg":"WARNING: ADMIN_BYPASS_AUTH is active - every /api/v1/admin/* request is granted super_admin without authentication","env":"development"}
{"ts":"2026-10-07T00:56:37.390Z","requestId":"b91ad67d-d9be-4924-b891-cb109e63b305","method":"GET","route":"/api/v1/matches/live?page=1&limit=6","status":200,"latencyMs":1311,"userId":null}
{"ts":"2026-10-07T00:56:37.414Z","requestId":"5f83804c-95cc-465a-a910-0e9f89123168","method":"GET","route":"/api/v1/teams?page=1&limit=8&active=true","status":200,"latencyMs":1261,"userId":null}
{"ts":"2026-10-07T00:56:37.436Z","requestId":"972aee90-0dfb-4963-83a9-f8545cd950f6","method":"GET","route":"/api/v1/competitions?page=1&limit=6&active=true","status":200,"latencyMs":1268,"userId":null}
{"ts":"2026-10-07T00:56:37.454Z","requestId":"c9a7debf-4d6e-4a48-8964-9ed694496911","method":"GET","route":"/api/v1/matches/upcoming?page=1&limit=6","status":200,"latencyMs":1308,"userId":null}
{"ts":"2026-10-07T00:56:37.461Z","requestId":"d5d03e34-17c2-42c4-86c2-fa3c03023c8b","method":"GET","route":"/api/v1/news/breaking?page=1&limit=4","status":200,"latencyMs":1299,"userId":null}
{"ts":"2026-10-07T00:56:37.462Z","requestId":"9ca785da-fcf0-4755-98a1-4305eb4c5034","method":"GET","route":"/api/v1/news?page=1&limit=4&type=transfer","status":200,"latencyMs":1302,"userId":null}
{"ts":"2026-10-07T00:56:37.465Z","requestId":"7a71c36f-4b61-4b7c-89fa-aca09d995482","method":"GET","route":"/api/v1/news/latest?page=1&limit=8","status":200,"latencyMs":1323,"userId":null}
{"ts":"2026-10-07T00:56:37.467Z","requestId":"c616afd5-51cf-4981-8def-5bc5bc771475","method":"GET","route":"/api/v1/matches/finished?page=1&limit=6","status":200,"latencyMs":1318,"userId":null}
{"ts":"2026-10-07T00:56:37.469Z","requestId":"672c357f-6ecf-484c-a01a-ad5547438554","method":"GET","route":"/api/v1/players?page=1&limit=8","status":200,"latencyMs":1305,"userId":null}
{"ts":"2026-10-07T00:56:37.610Z","requestId":"62f819b7-5e92-431f-aaa0-6a6eb2a75277","method":"GET","route":"/api/v1/transfers?page=1&limit=6","status":200,"latencyMs":1454,"userId":null}
{"ts":"2026-10-07T00:56:37.928Z","requestId":"7a4bec7c-1269-4e77-82f2-7b09117eac7f","method":"GET","route":"/api/v1/matches/seed-team-nbu-vs-seed-team-evc-2026-09-12/details","status":200,"latencyMs":1756,"userId":null}
{"ts":"2026-10-07T00:56:37.930Z","requestId":"11d5bef4-c2e0-46f3-9ef6-98728f68f338","method":"GET","route":"/api/v1/matches/seed-team-spr-vs-seed-team-wfa-2026-09-13/details","status":200,"latencyMs":1753,"userId":null}
{"ts":"2026-10-07T00:56:37.931Z","requestId":"7a2a49d0-0728-43d1-aa57-e2f1ed0e0578","method":"GET","route":"/api/v1/matches/seed-team-nbu-vs-seed-team-spr-2030-02-01/details","status":200,"latencyMs":1756,"userId":null}
{"ts":"2026-10-07T01:01:42.062Z","requestId":"0a8ff33d-fd55-4d7d-93c3-fc231dae929a","method":"GET","route":"/api/v1/matches/finished?page=1&limit=6","status":200,"latencyMs":1020,"userId":null}
{"ts":"2026-10-07T01:01:42.091Z","requestId":"3283c41c-88a1-44b9-a86a-b887f23d8b41","method":"GET","route":"/api/v1/news/breaking?page=1&limit=4","status":200,"latencyMs":1046,"userId":null}
{"ts":"2026-10-07T01:01:42.103Z","requestId":"3432e8f5-10c2-4e14-85c3-acdce8c159a3","method":"GET","route":"/api/v1/matches/live?page=1&limit=6","status":200,"latencyMs":1073,"userId":null}
{"ts":"2026-10-07T01:01:42.129Z","requestId":"25da8060-5c27-486c-a53d-5375fee76064","method":"GET","route":"/api/v1/news?page=1&limit=4&type=transfer","status":200,"latencyMs":1083,"userId":null}
{"ts":"2026-10-07T01:01:42.135Z","requestId":"234bf405-3238-4c51-bebf-faaae0418c9b","method":"GET","route":"/api/v1/matches/upcoming?page=1&limit=6","status":200,"latencyMs":1095,"userId":null}
{"ts":"2026-10-07T01:01:42.136Z","requestId":"747526d1-db4a-4485-b96d-ba2ce4e57624","method":"GET","route":"/api/v1/news/latest?page=1&limit=8","status":200,"latencyMs":1092,"userId":null}
{"ts":"2026-10-07T01:01:42.307Z","requestId":"f9488bbc-a2d2-45b1-bd60-5b9e6916ef0e","method":"GET","route":"/api/v1/transfers?page=1&limit=6","status":200,"latencyMs":1259,"userId":null}
{"ts":"2026-10-07T01:01:42.586Z","requestId":"6d67af0b-15a6-4a02-9c18-1f9ff0193a32","method":"GET","route":"/api/v1/matches/seed-team-spr-vs-seed-team-wfa-2026-09-13/details","status":200,"latencyMs":1535,"userId":null}
{"ts":"2026-10-07T01:01:42.591Z","requestId":"2ceb5664-8f0d-43a6-80c3-1bbfd8ba2c8a","method":"GET","route":"/api/v1/matches/seed-team-nbu-vs-seed-team-spr-2030-02-01/details","status":200,"latencyMs":1542,"userId":null}
{"ts":"2026-10-07T01:01:42.612Z","requestId":"1fb5bec7-1852-40bf-8322-904f563371f7","method":"GET","route":"/api/v1/matches/seed-team-nbu-vs-seed-team-evc-2026-09-12/details","status":200,"latencyMs":1561,"userId":null}
{"ts":"2026-10-07T01:01:42.720Z","requestId":"202651b8-2ff9-4802-9d64-3f033c1583ff","method":"GET","route":"/api/v1/transfers?page=1&limit=6","status":200,"latencyMs":536,"userId":null}
{"ts":"2026-10-07T01:01:42.822Z","requestId":"16ab9342-f399-45e6-afb0-ef52b6582055","method":"GET","route":"/api/v1/matches/seed-team-spr-vs-seed-team-wfa-2026-09-13/details","status":200,"latencyMs":636,"userId":null}
{"ts":"2026-10-07T01:01:42.876Z","requestId":"f9de9be6-b5bc-4eec-91d0-b8b7bf483338","method":"GET","route":"/api/v1/matches/seed-team-nbu-vs-seed-team-spr-2030-02-01/details","status":200,"latencyMs":691,"userId":null}
{"ts":"2026-10-07T01:01:43.163Z","requestId":"b9a17d34-3aa8-4d50-8626-2b952bafe0d7","method":"GET","route":"/api/v1/matches/seed-team-nbu-vs-seed-team-evc-2026-09-12/details","status":200,"latencyMs":976,"userId":null}
{"ts":"2026-10-07T01:04:31.865Z","requestId":"e33659cf-5f8f-4c49-85c5-d68f17199d3a","method":"GET","route":"/api/v1/matches?page=1&limit=24","status":200,"latencyMs":511,"userId":null}
{"ts":"2026-10-07T01:04:45.750Z","requestId":"213a100e-0157-469d-9e72-c523ce961b78","method":"GET","route":"/api/v1/health","status":200,"latencyMs":1,"userId":null}
{"ts":"2026-10-07T01:04:46.199Z","requestId":"8da73d2b-ec7d-45c0-bac7-59b34742012d","method":"GET","route":"/api/v1/matches/upcoming?page=1&limit=6","status":200,"latencyMs":209,"userId":null}
{"ts":"2026-10-07T01:04:46.219Z","requestId":"692e013e-15b7-4621-a646-17a1d0f3ff49","method":"GET","route":"/api/v1/news/breaking?page=1&limit=4","status":200,"latencyMs":227,"userId":null}
{"ts":"2026-10-07T01:04:46.236Z","requestId":"4cef06f5-075f-41d0-bc1f-cd196c84f131","method":"GET","route":"/api/v1/matches/live?page=1&limit=6","status":200,"latencyMs":248,"userId":null}
{"ts":"2026-10-07T01:04:46.431Z","requestId":"a860da5d-f767-49c7-934e-86f09ee6609f","method":"GET","route":"/api/v1/matches/seed-team-nbu-vs-seed-team-spr-2030-02-01/details","status":200,"latencyMs":438,"userId":null}
{"ts":"2026-10-07T01:04:58.516Z","msg":"sitemap_index_generated","partitions":10}
{"ts":"2026-10-07T01:04:58.517Z","requestId":"219b2142-6000-4c5d-90cd-ddc30d7b3502","method":"GET","route":"/api/v1/sitemap.xml","status":200,"latencyMs":1081,"userId":null}
{"ts":"2026-10-07T01:04:59.048Z","msg":"sitemap_generated","partition":"news","page":1,"entries":0}
{"ts":"2026-10-07T01:04:59.048Z","requestId":"f78a7267-5217-4c8e-9d8c-525546bb8fc7","method":"GET","route":"/api/v1/sitemaps/news.xml","status":200,"latencyMs":163,"userId":null}
{"ts":"2026-10-07T01:04:59.217Z","msg":"sitemap_generated","partition":"articles","page":1,"entries":10}
{"ts":"2026-10-07T01:04:59.218Z","requestId":"7377a2db-1fb7-404c-9f14-0572712a0fa8","method":"GET","route":"/api/v1/sitemaps/articles.xml","status":200,"latencyMs":146,"userId":null}
{"ts":"2026-10-07T01:04:59.379Z","msg":"sitemap_generated","partition":"matches","page":1,"entries":3}
{"ts":"2026-10-07T01:04:59.380Z","requestId":"6f89098a-14f1-4e9c-a17d-ef611d41550e","method":"GET","route":"/api/v1/sitemaps/matches.xml","status":200,"latencyMs":143,"userId":null}
{"ts":"2026-10-07T01:04:59.551Z","msg":"sitemap_generated","partition":"teams","page":1,"entries":4}
{"ts":"2026-10-07T01:04:59.551Z","requestId":"2189a4f3-8b76-4965-9b9b-1c88a4a9084d","method":"GET","route":"/api/v1/sitemaps/teams.xml","status":200,"latencyMs":145,"userId":null}
{"ts":"2026-10-07T01:04:59.712Z","msg":"sitemap_generated","partition":"players","page":1,"entries":8}
{"ts":"2026-10-07T01:04:59.712Z","requestId":"2bb391d4-81cf-4076-bb88-10dab381db10","method":"GET","route":"/api/v1/sitemaps/players.xml","status":200,"latencyMs":138,"userId":null}
{"ts":"2026-10-07T01:04:59.893Z","msg":"sitemap_generated","partition":"competitions","page":1,"entries":1}
{"ts":"2026-10-07T01:04:59.894Z","requestId":"2d004010-36a8-4d0a-ac4f-c99d8adabb1e","method":"GET","route":"/api/v1/sitemaps/competitions.xml","status":200,"latencyMs":157,"userId":null}
{"ts":"2026-10-07T01:05:00.060Z","msg":"sitemap_generated","partition":"transfers","page":1,"entries":1}
{"ts":"2026-10-07T01:05:00.060Z","requestId":"88367438-d2cc-4e1d-b4a9-781b0e8f9bcd","method":"GET","route":"/api/v1/sitemaps/transfers.xml","status":200,"latencyMs":145,"userId":null}
{"ts":"2026-10-07T01:05:00.225Z","msg":"sitemap_generated","partition":"categories","page":1,"entries":0}
{"ts":"2026-10-07T01:05:00.226Z","requestId":"34c342d8-c323-4066-9abb-9c21f0934a78","method":"GET","route":"/api/v1/sitemaps/categories.xml","status":200,"latencyMs":142,"userId":null}
{"ts":"2026-10-07T01:05:00.388Z","msg":"sitemap_generated","partition":"tags","page":1,"entries":0}
{"ts":"2026-10-07T01:05:00.389Z","requestId":"49e0e031-f5a2-4993-ac99-d1ad427c20da","method":"GET","route":"/api/v1/sitemaps/tags.xml","status":200,"latencyMs":143,"userId":null}
{"ts":"2026-10-07T01:05:00.411Z","msg":"sitemap_generated","partition":"pages","page":1,"entries":9}
{"ts":"2026-10-07T01:05:00.412Z","requestId":"9be3f1b1-3b69-404b-bea1-1c9d7fb5963c","method":"GET","route":"/api/v1/sitemaps/pages.xml","status":200,"latencyMs":1,"userId":null}
{"ts":"2026-10-07T01:05:01.390Z","requestId":"82ed2778-bdaf-472a-bad7-bc2f55daa861","method":"GET","route":"/api/v1/categories?page=1&limit=50","status":200,"latencyMs":142,"userId":null}
{"ts":"2026-10-07T01:05:01.398Z","requestId":"4441120a-4539-46fe-8777-68326d4fd383","method":"GET","route":"/api/v1/tags?page=1&limit=50","status":200,"latencyMs":152,"userId":null}
{"ts":"2026-10-07T01:05:01.399Z","requestId":"cbe44bec-c533-461c-89f8-ffc949a1b509","method":"GET","route":"/api/v1/news?page=1&limit=100","status":200,"latencyMs":158,"userId":null}
{"ts":"2026-10-07T01:05:02.271Z","requestId":"8c3266be-5daf-4282-9973-2cdec12f128b","method":"GET","route":"/api/v1/transfers?page=1&limit=20&sort=desc&sortField=effective_date","status":200,"latencyMs":280,"userId":null}
{"ts":"2026-10-07T01:05:02.727Z","requestId":"01a9ec33-aeea-4daa-97b9-3b01f00812f9","method":"GET","route":"/api/v1/matches/finished?page=1&limit=12","status":200,"latencyMs":148,"userId":null}
{"ts":"2026-10-07T01:05:02.728Z","requestId":"517cc45c-9c86-41fc-a081-8b06e01b2b51","method":"GET","route":"/api/v1/matches/live?page=1&limit=12","status":200,"latencyMs":148,"userId":null}
{"ts":"2026-10-07T01:05:02.733Z","requestId":"686d32fd-53d2-4c9c-8482-8ef1e33d1f39","method":"GET","route":"/api/v1/matches/upcoming?page=1&limit=12","status":200,"latencyMs":152,"userId":null}
{"ts":"2026-10-07T01:05:03.339Z","requestId":"04637ead-f023-4ad7-965d-ab8a454058e4","method":"GET","route":"/api/v1/competitions?page=1&limit=24&active=true","status":200,"latencyMs":145,"userId":null}
{"ts":"2026-10-07T01:05:03.643Z","requestId":"5f993ef2-d07d-4a3a-be95-878aac92c68b","method":"GET","route":"/api/v1/teams?page=1&limit=24&active=true","status":200,"latencyMs":137,"userId":null}
{"ts":"2026-10-07T01:05:04.098Z","requestId":"ef35e754-4d8e-4178-9efc-8b3a9b9c02c5","method":"GET","route":"/api/v1/players?page=1&limit=24","status":200,"latencyMs":141,"userId":null}
{"ts":"2026-10-07T01:05:05.108Z","requestId":"89463e6f-5b40-4a2c-abc8-f3d9333b7ea7","method":"GET","route":"/api/v1/news/bennett-keepers-clean-sheet","status":200,"latencyMs":143,"userId":null}
{"ts":"2026-10-07T01:05:06.133Z","requestId":"1502d541-080d-40a6-ae8b-e0ec9796d8de","method":"GET","route":"/api/v1/seo/related?limit=6&type=news&slug=bennett-keepers-clean-sheet","status":200,"latencyMs":1165,"userId":null}
{"ts":"2026-10-07T01:05:06.325Z","requestId":"2dea6a9f-63f6-4afc-9c72-5b1f331e4c23","method":"GET","route":"/api/v1/news/eastvale-manager-under-pressure","status":200,"latencyMs":144,"userId":null}
{"ts":"2026-10-07T01:05:07.316Z","requestId":"0f96499f-ac21-4588-8541-bbdcd8e96e9a","method":"GET","route":"/api/v1/seo/related?limit=6&type=news&slug=eastvale-manager-under-pressure","status":200,"latencyMs":1133,"userId":null}
{"ts":"2026-10-07T01:05:07.508Z","requestId":"d5734eb7-8f6e-48cf-8c4e-7ec10e2cbbc3","method":"GET","route":"/api/v1/news/eastvale-thrash-northbridge","status":200,"latencyMs":145,"userId":null}
{"ts":"2026-10-07T01:05:07.689Z","requestId":"f6c0356e-33aa-4438-a1df-eda57a806eb5","method":"GET","route":"/api/v1/news/ferreira-completes-move-to-eastvale","status":200,"latencyMs":143,"userId":null}
{"ts":"2026-10-07T01:05:08.514Z","requestId":"dc1e6fa9-96f0-45e2-995d-46c9a2ca788c","method":"GET","route":"/api/v1/seo/related?limit=6&type=news&slug=eastvale-thrash-northbridge","status":200,"latencyMs":1148,"userId":null}
{"ts":"2026-10-07T01:05:08.702Z","requestId":"31ba0414-4cda-42ba-ad54-25dd66cbdfbd","method":"GET","route":"/api/v1/seo/related?limit=6&type=news&slug=ferreira-completes-move-to-eastvale","status":200,"latencyMs":1152,"userId":null}
{"ts":"2026-10-07T01:05:08.890Z","requestId":"770312a4-6ed1-4457-84d2-033ebbaebddf","method":"GET","route":"/api/v1/news/northbridge-thornton-seizes-leadership","status":200,"latencyMs":142,"userId":null}
{"ts":"2026-10-07T01:05:09.861Z","requestId":"a79cd6d3-da90-4faa-b25d-b770ddb73776","method":"GET","route":"/api/v1/seo/related?limit=6&type=news&slug=northbridge-thornton-seizes-leadership","status":200,"latencyMs":1112,"userId":null}
{"ts":"2026-10-07T01:05:10.866Z","requestId":"ab1d5396-e646-4ef0-a13b-2be44887580f","method":"GET","route":"/api/v1/matches/seed-team-nbu-vs-seed-team-evc-2026-09-12","status":200,"latencyMs":141,"userId":null}
{"ts":"2026-10-07T01:05:11.023Z","requestId":"df2d687f-c684-428d-98ce-fb0c5e001542","method":"GET","route":"/api/v1/seo/breadcrumbs?type=match&slug=seed-team-nbu-vs-seed-team-evc-2026-09-12","status":200,"latencyMs":296,"userId":null}
{"ts":"2026-10-07T01:05:11.048Z","requestId":"5b8f712b-22da-4572-bd90-b7c9e4e37c61","method":"GET","route":"/api/v1/news?page=1&limit=5&match=seed-team-nbu-vs-seed-team-evc-2026-09-12","status":200,"latencyMs":307,"userId":null}
{"ts":"2026-10-07T01:05:11.059Z","msg":"seo_metadata_fallback","entityType":"match","slug":"seed-team-nbu-vs-seed-team-evc-2026-09-12"}
{"ts":"2026-10-07T01:05:11.059Z","requestId":"7ad54cc4-5f19-456c-af60-9c865f754346","method":"GET","route":"/api/v1/seo/metadata?type=match&slug=seed-team-nbu-vs-seed-team-evc-2026-09-12","status":200,"latencyMs":330,"userId":null}
{"ts":"2026-10-07T01:05:11.487Z","requestId":"b8ba3864-596a-4a7e-9f99-f206785ea3a1","method":"GET","route":"/api/v1/seo/structured?type=match&slug=seed-team-nbu-vs-seed-team-evc-2026-09-12","status":200,"latencyMs":760,"userId":null}
{"ts":"2026-10-07T01:05:11.695Z","requestId":"2a1ca6ee-014a-4775-aa80-598a9cdf6206","method":"GET","route":"/api/v1/matches/seed-team-nbu-vs-seed-team-spr-2030-02-01","status":200,"latencyMs":148,"userId":null}
{"ts":"2026-10-07T01:05:11.842Z","requestId":"d02b6b65-f6bc-42f4-a5c8-957a60c4960a","method":"GET","route":"/api/v1/seo/breadcrumbs?type=match&slug=seed-team-nbu-vs-seed-team-spr-2030-02-01","status":200,"latencyMs":296,"userId":null}
{"ts":"2026-10-07T01:05:11.846Z","requestId":"d6c0816e-ed93-4039-941c-74922e06e500","method":"GET","route":"/api/v1/news?page=1&limit=5&match=seed-team-nbu-vs-seed-team-spr-2030-02-01","status":200,"latencyMs":301,"userId":null}
{"ts":"2026-10-07T01:05:11.858Z","msg":"seo_metadata_fallback","entityType":"match","slug":"seed-team-nbu-vs-seed-team-spr-2030-02-01"}
{"ts":"2026-10-07T01:05:11.859Z","requestId":"c4cde16c-5cb1-4456-b52b-c3fdca40615d","method":"GET","route":"/api/v1/seo/metadata?type=match&slug=seed-team-nbu-vs-seed-team-spr-2030-02-01","status":200,"latencyMs":312,"userId":null}
{"ts":"2026-10-07T01:05:12.276Z","requestId":"acfae4b5-2ae4-4a8e-8c10-6db70a31d968","method":"GET","route":"/api/v1/seo/structured?type=match&slug=seed-team-nbu-vs-seed-team-spr-2030-02-01","status":200,"latencyMs":730,"userId":null}
{"ts":"2026-10-07T01:05:12.480Z","requestId":"ef189bb6-b1c1-4806-aa8e-366a0fbfd5a2","method":"GET","route":"/api/v1/matches/seed-team-spr-vs-seed-team-wfa-2026-09-13","status":200,"latencyMs":150,"userId":null}
{"ts":"2026-10-07T01:05:12.622Z","msg":"seo_metadata_fallback","entityType":"match","slug":"seed-team-spr-vs-seed-team-wfa-2026-09-13"}
{"ts":"2026-10-07T01:05:12.623Z","requestId":"24abcafc-5e74-472f-a53e-76f0a1962769","method":"GET","route":"/api/v1/seo/metadata?type=match&slug=seed-team-spr-vs-seed-team-wfa-2026-09-13","status":200,"latencyMs":291,"userId":null}
{"ts":"2026-10-07T01:05:12.624Z","requestId":"bce6ee35-5d13-4c15-9ae2-15fc43bfa514","method":"GET","route":"/api/v1/news?page=1&limit=5&match=seed-team-spr-vs-seed-team-wfa-2026-09-13","status":200,"latencyMs":293,"userId":null}
{"ts":"2026-10-07T01:05:12.633Z","requestId":"687c7392-2786-49b9-b1d3-18edbf49e871","method":"GET","route":"/api/v1/seo/breadcrumbs?type=match&slug=seed-team-spr-vs-seed-team-wfa-2026-09-13","status":200,"latencyMs":302,"userId":null}
{"ts":"2026-10-07T01:05:13.062Z","requestId":"8202a5ff-bc97-4719-84b3-62a9be1929dd","method":"GET","route":"/api/v1/seo/structured?type=match&slug=seed-team-spr-vs-seed-team-wfa-2026-09-13","status":200,"latencyMs":732,"userId":null}
{"ts":"2026-10-07T01:05:14.176Z","requestId":"165ba507-c8f8-4113-9d05-d28e1d25333f","method":"GET","route":"/api/v1/teams/evc/details","status":200,"latencyMs":457,"userId":null}
{"ts":"2026-10-07T01:05:14.663Z","requestId":"6b4cee46-4e6c-410a-9ed0-e88cf100dfbe","method":"GET","route":"/api/v1/teams/nbu/details","status":200,"latencyMs":432,"userId":null}
{"ts":"2026-10-07T01:05:15.134Z","requestId":"570d891d-2831-4691-8b03-8bdf1ac2e998","method":"GET","route":"/api/v1/teams/spr/details","status":200,"latencyMs":433,"userId":null}
{"ts":"2026-10-07T01:05:15.609Z","requestId":"03d31c57-e32a-4b36-801e-e4dde4ea2728","method":"GET","route":"/api/v1/teams/wfa/details","status":200,"latencyMs":430,"userId":null}
{"ts":"2026-10-07T01:05:16.680Z","requestId":"47154426-cde3-4537-a57a-272d53a434b2","method":"GET","route":"/api/v1/players/carlos-mendez/details","status":503,"latencyMs":454,"userId":null}
{"ts":"2026-10-07T01:05:17.114Z","requestId":"f6291392-9357-4f48-a908-5ced66385c01","method":"GET","route":"/api/v1/players/carlos-mendez/details","status":503,"latencyMs":432,"userId":null}
{"ts":"2026-10-07T01:05:17.405Z","requestId":"697e1c4b-ed31-4a35-a968-e386c9cd8ea9","method":"GET","route":"/api/v1/players/carlos-mendez/details","status":503,"latencyMs":458,"userId":null}
{"ts":"2026-10-07T01:05:17.801Z","requestId":"a50c1c66-c1e7-4439-a12d-204f70474851","method":"GET","route":"/api/v1/players/carlos-mendez/details","status":503,"latencyMs":428,"userId":null}
{"ts":"2026-10-07T01:05:18.337Z","requestId":"aa6a5bf5-97e2-46b5-8a68-34d620920cfc","method":"GET","route":"/api/v1/players/carlos-mendez/details","status":503,"latencyMs":426,"userId":null}
{"ts":"2026-10-07T01:05:18.484Z","requestId":"ef4b0d28-fd05-4013-aa67-136e3e41d492","method":"GET","route":"/api/v1/matches/live?page=1&limit=6","status":200,"latencyMs":140,"userId":null}
{"ts":"2026-10-07T01:05:18.731Z","requestId":"237cae31-fb31-41ca-bfb1-7af028d65973","method":"GET","route":"/api/v1/players/carlos-mendez/details","status":503,"latencyMs":420,"userId":null}
{"ts":"2026-10-07T01:05:19.237Z","requestId":"06b6574f-2808-42ab-8954-9b9c9880346d","method":"GET","route":"/api/v1/players/daniel-okafor/details","status":503,"latencyMs":433,"userId":null}
{"ts":"2026-10-07T01:05:19.651Z","requestId":"879ee1c3-a286-48d5-a364-370bcd0d1f5d","method":"GET","route":"/api/v1/players/daniel-okafor/details","status":503,"latencyMs":413,"userId":null}
{"ts":"2026-10-07T01:05:19.928Z","requestId":"123a68e4-647c-487e-a590-265d2f9558ef","method":"GET","route":"/api/v1/players/daniel-okafor/details","status":503,"latencyMs":432,"userId":null}
{"ts":"2026-10-07T01:05:20.334Z","requestId":"c5e15005-2ddf-42fb-b87c-7dfcdf76827b","method":"GET","route":"/api/v1/players/daniel-okafor/details","status":503,"latencyMs":422,"userId":null}
{"ts":"2026-10-07T01:05:20.845Z","requestId":"fcf1c4fd-aaab-4705-a74f-4d5976a6bae5","method":"GET","route":"/api/v1/players/daniel-okafor/details","status":503,"latencyMs":415,"userId":null}
{"ts":"2026-10-07T01:05:21.274Z","requestId":"b0cfe855-d702-446a-9070-1c280fac3368","method":"GET","route":"/api/v1/players/daniel-okafor/details","status":503,"latencyMs":424,"userId":null}
{"ts":"2026-10-07T01:05:21.790Z","requestId":"172181f0-45c6-411a-b12f-e54eda35f66c","method":"GET","route":"/api/v1/players/harry-collins/details","status":503,"latencyMs":418,"userId":null}
{"ts":"2026-10-07T01:05:22.208Z","requestId":"275ec04e-56a3-4ff6-a3c8-c95b55be12bd","method":"GET","route":"/api/v1/players/harry-collins/details","status":503,"latencyMs":416,"userId":null}
{"ts":"2026-10-07T01:05:22.467Z","requestId":"41ade253-3d9f-4fdc-ac15-70fb4a0a4a2e","method":"GET","route":"/api/v1/players/harry-collins/details","status":503,"latencyMs":419,"userId":null}
{"ts":"2026-10-07T01:05:22.893Z","requestId":"13a7472f-ea89-4217-ad3c-fb7fff294bc5","method":"GET","route":"/api/v1/players/harry-collins/details","status":503,"latencyMs":428,"userId":null}
{"ts":"2026-10-07T01:05:23.397Z","requestId":"0626b727-0446-45f0-9624-1e6344bf7157","method":"GET","route":"/api/v1/players/harry-collins/details","status":503,"latencyMs":419,"userId":null}
{"ts":"2026-10-07T01:05:23.820Z","requestId":"879641e7-05e1-459f-978d-970e0a478f39","method":"GET","route":"/api/v1/players/harry-collins/details","status":503,"latencyMs":417,"userId":null}
{"ts":"2026-10-07T01:05:24.304Z","requestId":"a95dff3e-153e-4f2e-8c06-0037f0474b56","method":"GET","route":"/api/v1/players/james-thornton/details","status":503,"latencyMs":426,"userId":null}
{"ts":"2026-10-07T01:05:24.726Z","requestId":"dd5ca1bc-9107-45a3-a550-7a741e442b59","method":"GET","route":"/api/v1/players/james-thornton/details","status":503,"latencyMs":420,"userId":null}
{"ts":"2026-10-07T01:05:25.004Z","requestId":"bcb82b4f-01f4-4d67-8d25-ca55b20e8ec6","method":"GET","route":"/api/v1/players/james-thornton/details","status":503,"latencyMs":440,"userId":null}
{"ts":"2026-10-07T01:05:25.407Z","requestId":"3c685ad5-d4b0-486f-bae7-de2ca3f11288","method":"GET","route":"/api/v1/players/james-thornton/details","status":503,"latencyMs":425,"userId":null}
{"ts":"2026-10-07T01:05:25.944Z","requestId":"e37b4f5d-6418-4fd6-89c5-5f5fcdd09205","method":"GET","route":"/api/v1/players/james-thornton/details","status":503,"latencyMs":425,"userId":null}
{"ts":"2026-10-07T01:05:26.339Z","requestId":"e8f3171d-25c5-4faa-92fe-5e55398a3ef0","method":"GET","route":"/api/v1/players/james-thornton/details","status":503,"latencyMs":422,"userId":null}
{"ts":"2026-10-07T01:05:26.850Z","requestId":"98c949d4-47bd-45e7-9103-a4b241c0266e","method":"GET","route":"/api/v1/players/lucas-ferreira/details","status":503,"latencyMs":422,"userId":null}
{"ts":"2026-10-07T01:05:27.264Z","requestId":"27250d82-4c79-4fe8-802c-102a3dcbe461","method":"GET","route":"/api/v1/players/lucas-ferreira/details","status":503,"latencyMs":413,"userId":null}
{"ts":"2026-10-07T01:05:27.535Z","requestId":"35628021-3320-4310-bd7d-ea94c379896d","method":"GET","route":"/api/v1/players/lucas-ferreira/details","status":503,"latencyMs":430,"userId":null}
{"ts":"2026-10-07T01:05:27.940Z","requestId":"ceffb389-c7df-4fcf-a35b-77d9d19f17dc","method":"GET","route":"/api/v1/players/lucas-ferreira/details","status":503,"latencyMs":421,"userId":null}
{"ts":"2026-10-07T01:05:28.463Z","requestId":"23003ebf-51cb-4fe5-aa7b-5c92397ba6e7","method":"GET","route":"/api/v1/players/lucas-ferreira/details","status":503,"latencyMs":425,"userId":null}
{"ts":"2026-10-07T01:05:28.872Z","requestId":"925b144f-2402-4898-8004-7b222a852bfd","method":"GET","route":"/api/v1/players/lucas-ferreira/details","status":503,"latencyMs":423,"userId":null}
{"ts":"2026-10-07T01:05:30.075Z","requestId":"ceef53d4-073a-4ca4-973f-ae723276e833","method":"GET","route":"/api/v1/competitions/premier-league/details","status":200,"latencyMs":433,"userId":null}
{"ts":"2026-10-07T01:05:30.910Z","msg":"seo_metadata_fallback","entityType":"transfer","slug":"07d865b0-6fae-41ba-bfaf-bc523b2f1c1c"}
{"ts":"2026-10-07T01:05:30.911Z","requestId":"71d4443b-7a8a-4bc4-bff1-f2da6fc61298","method":"GET","route":"/api/v1/seo/metadata?type=transfer&slug=07d865b0-6fae-41ba-bfaf-bc523b2f1c1c","status":200,"latencyMs":163,"userId":null}
{"ts":"2026-10-07T01:05:30.913Z","requestId":"424b2b15-9bd3-4f9e-a772-b4adac73169f","method":"GET","route":"/api/v1/seo/breadcrumbs?type=transfer&slug=07d865b0-6fae-41ba-bfaf-bc523b2f1c1c","status":200,"latencyMs":167,"userId":null}
{"ts":"2026-10-07T01:05:31.046Z","requestId":"8445f3d5-997a-43dc-bdaf-89fb14c8e648","method":"GET","route":"/api/v1/news?page=1&limit=4&player=lucas-ferreira&type=transfer","status":200,"latencyMs":293,"userId":null}
{"ts":"2026-10-07T01:05:31.053Z","requestId":"c4ce66a2-aa2a-4e27-9a54-995cd090896b","method":"GET","route":"/api/v1/seo/structured?type=transfer&slug=07d865b0-6fae-41ba-bfaf-bc523b2f1c1c","status":200,"latencyMs":308,"userId":null}
{"ts":"2026-10-07T01:05:31.195Z","requestId":"62aad4e9-9cb7-4503-b5fe-8cfebc6ab93a","method":"GET","route":"/api/v1/transfers/07d865b0-6fae-41ba-bfaf-bc523b2f1c1c/details","status":200,"latencyMs":451,"userId":null}
{"ts":"2026-10-07T01:05:31.418Z","requestId":"33342dd3-79b1-4f21-b466-83de75b940e5","method":"GET","route":"/api/v1/teams?page=2&limit=24&active=true","status":503,"latencyMs":140,"userId":null}
{"ts":"2026-10-07T01:05:31.816Z","requestId":"12d80f6f-5272-43eb-b422-66bfb0c22a8b","method":"GET","route":"/api/v1/teams?page=2&limit=24&active=true","status":503,"latencyMs":141,"userId":null}
{"ts":"2026-10-07T01:05:32.467Z","requestId":"f8bc1d7a-7f5c-4dc2-90a9-74bf31b3fd9d","method":"GET","route":"/api/v1/teams?page=2&limit=24&active=true","status":503,"latencyMs":141,"userId":null}
{"ts":"2026-10-07T01:05:32.679Z","requestId":"8745a931-4282-45a4-b6bd-e30e07cdf893","method":"GET","route":"/api/v1/players?page=2&limit=24","status":503,"latencyMs":141,"userId":null}
{"ts":"2026-10-07T01:05:33.087Z","requestId":"edeb1eb5-015e-44b6-b714-a81c2a1cf8c4","method":"GET","route":"/api/v1/players?page=2&limit=24","status":503,"latencyMs":145,"userId":null}
{"ts":"2026-10-07T01:05:33.736Z","requestId":"18a20e06-1045-40d1-b63a-1f2469a70cc4","method":"GET","route":"/api/v1/players?page=2&limit=24","status":503,"latencyMs":139,"userId":null}
{"ts":"2026-10-07T01:05:33.939Z","requestId":"5e91cdac-bcb8-4297-b88b-09fbb2cf6535","method":"GET","route":"/api/v1/competitions?page=2&limit=24&active=true","status":503,"latencyMs":148,"userId":null}
{"ts":"2026-10-07T01:05:34.342Z","requestId":"6c76a227-38ec-4acd-a559-3baf0f818d77","method":"GET","route":"/api/v1/competitions?page=2&limit=24&active=true","status":503,"latencyMs":136,"userId":null}
{"ts":"2026-10-07T01:05:34.988Z","requestId":"3ce63c13-c91c-4f9a-95a0-c3afa5c484bb","method":"GET","route":"/api/v1/competitions?page=2&limit=24&active=true","status":503,"latencyMs":143,"userId":null}
{"ts":"2026-10-07T01:05:35.208Z","requestId":"a792cc67-4aa8-4d79-a682-fcb495b91b6e","method":"GET","route":"/api/v1/news/no-such-article-xyz","status":404,"latencyMs":135,"userId":null}
{"ts":"2026-10-07T01:05:35.351Z","requestId":"cfaa9034-2508-4939-8a82-98fa326e464b","method":"GET","route":"/api/v1/news/no-such-article-xyz","status":404,"latencyMs":138,"userId":null}
{"ts":"2026-10-07T01:05:35.578Z","requestId":"fec4e117-82b4-4a77-8dc7-6eebbea6b9c6","method":"GET","route":"/api/v1/teams/no-such-team-xyz/details","status":404,"latencyMs":139,"userId":null}
{"ts":"2026-10-07T01:05:35.725Z","requestId":"f1aea969-ab3a-43ce-971f-8c37a7167754","method":"GET","route":"/api/v1/teams/no-such-team-xyz/details","status":404,"latencyMs":141,"userId":null}
{"ts":"2026-10-07T01:05:36.606Z","msg":"search","q":"test","type":"all","durationMs":324,"results":0,"zeroResult":true}
{"ts":"2026-10-07T01:05:36.607Z","requestId":"c7b496e6-bc29-44a6-9d9f-12681e092d0e","method":"GET","route":"/api/v1/search?page=1&limit=10&q=test","status":200,"latencyMs":326,"userId":null}
{"ts":"2026-10-07T01:05:55.831Z","requestId":"09feb4c6-bc8e-4787-93a6-aaa15c3a22f8","method":"GET","route":"/api/v1/matches/live?page=1&limit=6","status":200,"latencyMs":173,"userId":null}
{"ts":"2026-10-07T01:05:55.840Z","requestId":"9224aa39-8c9c-4f2b-b91f-4d0ed5a15a90","method":"GET","route":"/api/v1/matches/upcoming?page=1&limit=6","status":200,"latencyMs":180,"userId":null}
{"ts":"2026-10-07T01:05:55.842Z","requestId":"1ecab514-6abb-472d-9078-112452472ebf","method":"GET","route":"/api/v1/news/breaking?page=1&limit=4","status":200,"latencyMs":181,"userId":null}
{"ts":"2026-10-07T01:05:56.018Z","requestId":"89c95daa-6987-4045-a97c-ee184b134373","method":"GET","route":"/api/v1/matches/seed-team-nbu-vs-seed-team-spr-2030-02-01/details","status":200,"latencyMs":356,"userId":null}
{"ts":"2026-10-07T01:05:56.311Z","requestId":"91f6457d-7337-494a-83f2-affc02db66e1","method":"GET","route":"/api/v1/matches/live?page=1&limit=12","status":200,"latencyMs":141,"userId":null}
{"ts":"2026-10-07T01:05:57.134Z","requestId":"8d7838ef-60dc-4680-a33f-d88e57aa7299","method":"GET","route":"/api/v1/matches/seed-team-nbu-vs-seed-team-evc-2026-09-12","status":200,"latencyMs":149,"userId":null}
{"ts":"2026-10-07T01:05:57.290Z","msg":"seo_metadata_fallback","entityType":"match","slug":"seed-team-nbu-vs-seed-team-evc-2026-09-12"}
{"ts":"2026-10-07T01:05:57.290Z","requestId":"1d9accf7-836a-4a1f-b3a8-c83e1c8a90c3","method":"GET","route":"/api/v1/seo/metadata?type=match&slug=seed-team-nbu-vs-seed-team-evc-2026-09-12","status":200,"latencyMs":304,"userId":null}
{"ts":"2026-10-07T01:05:57.291Z","requestId":"ee1dc7a3-b6a7-4a24-96c1-1bb0346df05a","method":"GET","route":"/api/v1/seo/breadcrumbs?type=match&slug=seed-team-nbu-vs-seed-team-evc-2026-09-12","status":200,"latencyMs":305,"userId":null}
{"ts":"2026-10-07T01:05:57.719Z","requestId":"afcac616-41ad-4825-8f89-88b44696442c","method":"GET","route":"/api/v1/seo/structured?type=match&slug=seed-team-nbu-vs-seed-team-evc-2026-09-12","status":200,"latencyMs":733,"userId":null}
{"ts":"2026-10-07T01:05:57.892Z","requestId":"4fd90159-91ae-4d84-84d5-da131b75632b","method":"GET","route":"/api/v1/matches/seed-team-nbu-vs-seed-team-spr-2030-02-01","status":200,"latencyMs":144,"userId":null}
{"ts":"2026-10-07T01:05:58.039Z","requestId":"5f3e2feb-083e-4a2e-ac14-ccade0afc8b7","method":"GET","route":"/api/v1/seo/breadcrumbs?type=match&slug=seed-team-nbu-vs-seed-team-spr-2030-02-01","status":200,"latencyMs":290,"userId":null}
{"ts":"2026-10-07T01:05:58.045Z","msg":"seo_metadata_fallback","entityType":"match","slug":"seed-team-nbu-vs-seed-team-spr-2030-02-01"}
{"ts":"2026-10-07T01:05:58.045Z","requestId":"ff03f105-7279-46fb-bf6a-33afb2b81a89","method":"GET","route":"/api/v1/seo/metadata?type=match&slug=seed-team-nbu-vs-seed-team-spr-2030-02-01","status":200,"latencyMs":295,"userId":null}
{"ts":"2026-10-07T01:05:58.471Z","requestId":"dab755a6-f489-406d-af1a-965fee953b69","method":"GET","route":"/api/v1/seo/structured?type=match&slug=seed-team-nbu-vs-seed-team-spr-2030-02-01","status":200,"latencyMs":720,"userId":null}
{"ts":"2026-10-07T01:05:58.665Z","requestId":"70ef6d43-98d4-4c9d-9503-4858c99dcf23","method":"GET","route":"/api/v1/matches/seed-team-spr-vs-seed-team-wfa-2026-09-13","status":200,"latencyMs":142,"userId":null}
{"ts":"2026-10-07T01:05:58.823Z","requestId":"ee89fcb4-3054-42dd-ae35-6355fa0f1020","method":"GET","route":"/api/v1/seo/breadcrumbs?type=match&slug=seed-team-spr-vs-seed-team-wfa-2026-09-13","status":200,"latencyMs":299,"userId":null}
{"ts":"2026-10-07T01:05:58.832Z","msg":"seo_metadata_fallback","entityType":"match","slug":"seed-team-spr-vs-seed-team-wfa-2026-09-13"}
{"ts":"2026-10-07T01:05:58.833Z","requestId":"6f9c85a4-e85f-4899-93c0-7b38a4c8646e","method":"GET","route":"/api/v1/seo/metadata?type=match&slug=seed-team-spr-vs-seed-team-wfa-2026-09-13","status":200,"latencyMs":309,"userId":null}
{"ts":"2026-10-07T01:05:59.245Z","requestId":"d137a68f-318f-49a8-b5cd-193f918bfab0","method":"GET","route":"/api/v1/seo/structured?type=match&slug=seed-team-spr-vs-seed-team-wfa-2026-09-13","status":200,"latencyMs":721,"userId":null}
{"ts":"2026-10-07T01:06:00.009Z","requestId":"e9fac26e-8bb5-4bc2-b2b9-25d0eb37e145","method":"GET","route":"/api/v1/players/carlos-mendez/details","status":503,"latencyMs":421,"userId":null}
{"ts":"2026-10-07T01:06:00.428Z","requestId":"79d51754-32c8-46a9-a7d4-1a27ce18fcdd","method":"GET","route":"/api/v1/players/carlos-mendez/details","status":503,"latencyMs":417,"userId":null}
{"ts":"2026-10-07T01:06:00.687Z","requestId":"016f3508-018b-4bbd-9501-742fce934548","method":"GET","route":"/api/v1/players/carlos-mendez/details","status":503,"latencyMs":423,"userId":null}
{"ts":"2026-10-07T01:06:01.107Z","requestId":"eaaeb897-05a5-4274-89aa-418d54c5f4cd","method":"GET","route":"/api/v1/players/carlos-mendez/details","status":503,"latencyMs":423,"userId":null}
{"ts":"2026-10-07T01:06:01.622Z","requestId":"aec80c1a-5a4d-4dce-8aca-440dd6706d78","method":"GET","route":"/api/v1/players/carlos-mendez/details","status":503,"latencyMs":419,"userId":null}
{"ts":"2026-10-07T01:06:02.042Z","requestId":"8563750e-3359-486f-8510-9179735d357d","method":"GET","route":"/api/v1/players/carlos-mendez/details","status":503,"latencyMs":422,"userId":null}
{"ts":"2026-10-07T01:06:02.556Z","requestId":"d24c57e2-d130-404c-834c-c4428ae7a153","method":"GET","route":"/api/v1/players/daniel-okafor/details","status":503,"latencyMs":417,"userId":null}
{"ts":"2026-10-07T01:06:02.973Z","requestId":"20046463-df2a-4571-a81f-1c7f9394e606","method":"GET","route":"/api/v1/players/daniel-okafor/details","status":503,"latencyMs":416,"userId":null}
{"ts":"2026-10-07T01:06:03.252Z","requestId":"1b784ddf-a675-4fc2-a378-e8d67799e0ca","method":"GET","route":"/api/v1/players/daniel-okafor/details","status":503,"latencyMs":432,"userId":null}
{"ts":"2026-10-07T01:06:03.658Z","requestId":"c6f312f0-db37-4f24-9053-dc17a420e76a","method":"GET","route":"/api/v1/players/daniel-okafor/details","status":503,"latencyMs":418,"userId":null}
{"ts":"2026-10-07T01:06:04.183Z","requestId":"e411617d-aa11-4925-b69f-7e92452a2368","method":"GET","route":"/api/v1/players/daniel-okafor/details","status":503,"latencyMs":426,"userId":null}
{"ts":"2026-10-07T01:06:04.635Z","requestId":"357d5c99-edfc-4c2e-a2da-d3bdfa8357c7","method":"GET","route":"/api/v1/players/daniel-okafor/details","status":503,"latencyMs":464,"userId":null}
{"ts":"2026-10-07T01:06:05.155Z","requestId":"6e7468d5-5e47-44bf-8dd2-a92d9b132694","method":"GET","route":"/api/v1/players/harry-collins/details","status":503,"latencyMs":423,"userId":null}
{"ts":"2026-10-07T01:06:05.579Z","requestId":"422d487a-fd3a-45b4-91e0-21dc3be116f0","method":"GET","route":"/api/v1/players/harry-collins/details","status":503,"latencyMs":423,"userId":null}
{"ts":"2026-10-07T01:06:05.830Z","requestId":"a42905cf-9f54-42c3-8172-8d3a25afac51","method":"GET","route":"/api/v1/players/harry-collins/details","status":503,"latencyMs":421,"userId":null}
{"ts":"2026-10-07T01:06:06.266Z","requestId":"36a8d235-7548-42a7-b92f-2fabe8be77df","method":"GET","route":"/api/v1/players/harry-collins/details","status":503,"latencyMs":434,"userId":null}
{"ts":"2026-10-07T01:06:06.767Z","requestId":"b85c0c05-c24f-4b4c-8893-a2cc25e05dea","method":"GET","route":"/api/v1/players/harry-collins/details","status":503,"latencyMs":425,"userId":null}
{"ts":"2026-10-07T01:06:07.189Z","requestId":"335d248d-901a-424c-b44b-e4a4f45bd1c2","method":"GET","route":"/api/v1/players/harry-collins/details","status":503,"latencyMs":418,"userId":null}
{"ts":"2026-10-07T01:06:07.682Z","requestId":"184b5968-4892-46f5-b56b-154ee1d6dd99","method":"GET","route":"/api/v1/players/james-thornton/details","status":503,"latencyMs":427,"userId":null}
{"ts":"2026-10-07T01:06:08.114Z","requestId":"26344c59-cec6-4b8a-991b-81fc4ca6b4e1","method":"GET","route":"/api/v1/players/james-thornton/details","status":503,"latencyMs":431,"userId":null}
{"ts":"2026-10-07T01:06:08.401Z","requestId":"550a846f-8ca2-4bee-b659-d54636eb326a","method":"GET","route":"/api/v1/players/james-thornton/details","status":503,"latencyMs":455,"userId":null}
{"ts":"2026-10-07T01:06:08.804Z","requestId":"502c822e-33a6-4dc1-8b26-c3ec0496d090","method":"GET","route":"/api/v1/players/james-thornton/details","status":503,"latencyMs":426,"userId":null}
{"ts":"2026-10-07T01:06:09.333Z","requestId":"9d83f695-5593-4d91-a1fc-72214496a2d5","method":"GET","route":"/api/v1/players/james-thornton/details","status":503,"latencyMs":419,"userId":null}
{"ts":"2026-10-07T01:06:09.730Z","requestId":"ae90c2ad-b1df-454d-8760-df06e8a08049","method":"GET","route":"/api/v1/players/james-thornton/details","status":503,"latencyMs":419,"userId":null}
{"ts":"2026-10-07T01:06:10.213Z","requestId":"fd95e900-643d-475c-b06a-b10ff9766432","method":"GET","route":"/api/v1/players/lucas-ferreira/details","status":503,"latencyMs":422,"userId":null}
{"ts":"2026-10-07T01:06:10.632Z","requestId":"a837df48-9396-4c97-8c43-a2863097385b","method":"GET","route":"/api/v1/players/lucas-ferreira/details","status":503,"latencyMs":417,"userId":null}
{"ts":"2026-10-07T01:06:10.907Z","requestId":"32d9e8e7-179c-4ebb-aeaa-86e59387b625","method":"GET","route":"/api/v1/players/lucas-ferreira/details","status":503,"latencyMs":442,"userId":null}
{"ts":"2026-10-07T01:06:11.322Z","requestId":"5a570fe4-c119-4a08-bb67-40c24bf17731","method":"GET","route":"/api/v1/players/lucas-ferreira/details","status":503,"latencyMs":424,"userId":null}
{"ts":"2026-10-07T01:06:11.833Z","requestId":"1951f344-c73a-401d-848a-cda951412ef7","method":"GET","route":"/api/v1/players/lucas-ferreira/details","status":503,"latencyMs":417,"userId":null}
{"ts":"2026-10-07T01:06:12.248Z","requestId":"c9e78863-ed1d-4d1c-b9b0-47b5653bb684","method":"GET","route":"/api/v1/players/lucas-ferreira/details","status":503,"latencyMs":417,"userId":null}
{"ts":"2026-10-07T01:06:12.648Z","requestId":"a8e14309-35ce-40d3-bb37-cc01238e4ec7","method":"GET","route":"/api/v1/teams?page=2&limit=24&active=true","status":503,"latencyMs":136,"userId":null}
{"ts":"2026-10-07T01:06:13.050Z","requestId":"783cdfe6-e1bd-4cee-b62c-c92442403979","method":"GET","route":"/api/v1/teams?page=2&limit=24&active=true","status":503,"latencyMs":135,"userId":null}
{"ts":"2026-10-07T01:06:13.708Z","requestId":"798c7cc0-14b7-40d4-bdf2-64a619bb8e44","method":"GET","route":"/api/v1/teams?page=2&limit=24&active=true","status":503,"latencyMs":141,"userId":null}
{"ts":"2026-10-07T01:06:13.889Z","requestId":"564be27e-6f58-4524-a36e-38e4eae77edc","method":"GET","route":"/api/v1/players?page=2&limit=24","status":503,"latencyMs":148,"userId":null}
{"ts":"2026-10-07T01:06:14.297Z","requestId":"b42c62be-7c47-4fc5-8959-d44c089fffac","method":"GET","route":"/api/v1/players?page=2&limit=24","status":503,"latencyMs":145,"userId":null}
{"ts":"2026-10-07T01:06:14.940Z","requestId":"21122cef-0c4a-415a-959f-50aa85cff4a7","method":"GET","route":"/api/v1/players?page=2&limit=24","status":503,"latencyMs":140,"userId":null}
{"ts":"2026-10-07T01:06:15.130Z","requestId":"4a24bc81-649e-40ef-ad16-e8ca3eccb222","method":"GET","route":"/api/v1/competitions?page=2&limit=24&active=true","status":503,"latencyMs":139,"userId":null}
{"ts":"2026-10-07T01:06:15.523Z","requestId":"1db86531-b97c-472c-b6ea-d89a7719ccbb","method":"GET","route":"/api/v1/competitions?page=2&limit=24&active=true","status":503,"latencyMs":140,"userId":null}
{"ts":"2026-10-07T01:06:16.181Z","requestId":"a8c11fe3-440e-4943-bfd4-7e83eeb5715f","method":"GET","route":"/api/v1/competitions?page=2&limit=24&active=true","status":503,"latencyMs":147,"userId":null}
{"ts":"2026-10-07T01:06:16.395Z","requestId":"264ef5fd-49a3-4538-9ea0-8b5be0fd145b","method":"GET","route":"/api/v1/news/no-such-article-xyz","status":404,"latencyMs":134,"userId":null}
{"ts":"2026-10-07T01:06:16.537Z","requestId":"5ada21d7-edf3-4988-9cbe-316297666fb4","method":"GET","route":"/api/v1/news/no-such-article-xyz","status":404,"latencyMs":138,"userId":null}
{"ts":"2026-10-07T01:06:16.766Z","requestId":"001df303-280a-4cda-a436-af86c5e18f1f","method":"GET","route":"/api/v1/teams/no-such-team-xyz/details","status":404,"latencyMs":134,"userId":null}
{"ts":"2026-10-07T01:06:16.911Z","requestId":"24257d5f-27e2-45ae-9b0f-10b73ad2d9a7","method":"GET","route":"/api/v1/teams/no-such-team-xyz/details","status":404,"latencyMs":140,"userId":null}
{"ts":"2026-10-07T01:06:17.311Z","msg":"search","q":"test","type":"all","durationMs":317,"results":0,"zeroResult":true}
{"ts":"2026-10-07T01:06:17.312Z","requestId":"1f8d5720-8488-47f7-aad3-f70f376e51fa","method":"GET","route":"/api/v1/search?page=1&limit=10&q=test","status":200,"latencyMs":318,"userId":null}
{"ts":"2026-10-07T01:06:21.225Z","msg":"sitemap_index_generated","partitions":10}
{"ts":"2026-10-07T01:06:21.225Z","requestId":"5430d285-d08e-49f5-9de4-29ecb6689ffc","method":"GET","route":"/api/v1/sitemap.xml","status":200,"latencyMs":186,"userId":null}
{"ts":"2026-10-07T01:06:28.275Z","requestId":"3efb79ce-cf54-4d9c-be21-7a12abf36948","method":"GET","route":"/api/v1/matches/live?page=1&limit=6","status":200,"latencyMs":173,"userId":null}
{"ts":"2026-10-07T01:06:28.550Z","requestId":"0bd59fa2-01fb-460c-9132-7ccc0095e5e9","method":"GET","route":"/api/v1/matches/upcoming?page=1&limit=12","status":200,"latencyMs":146,"userId":null}
{"ts":"2026-10-07T01:06:28.687Z","requestId":"94fbc54e-53bf-4130-91f2-fa02085e8d4c","method":"GET","route":"/api/v1/matches/live?page=1&limit=12","status":200,"latencyMs":278,"userId":null}
{"ts":"2026-10-07T01:06:29.491Z","requestId":"070cd6a3-8f9c-4c85-b2f1-66224f6ba765","method":"GET","route":"/api/v1/news/okafor-assists-three","status":200,"latencyMs":147,"userId":null}
{"ts":"2026-10-07T01:06:30.513Z","requestId":"42876a31-2096-45e5-bdcd-13bf0946c506","method":"GET","route":"/api/v1/seo/related?limit=6&type=news&slug=okafor-assists-three","status":200,"latencyMs":1167,"userId":null}
{"ts":"2026-10-07T01:06:30.722Z","requestId":"a95e1f87-1bb6-4e8d-9e43-47441733afb9","method":"GET","route":"/api/v1/news/premier-league-table-explainer","status":200,"latencyMs":145,"userId":null}
{"ts":"2026-10-07T01:06:31.707Z","requestId":"d84a63c3-5b92-4df6-aad0-0a105a2bc2b3","method":"GET","route":"/api/v1/seo/related?limit=6&type=news&slug=premier-league-table-explainer","status":200,"latencyMs":1128,"userId":null}
{"ts":"2026-10-07T01:06:31.884Z","requestId":"134af161-a14f-4b03-8659-a96837d43a97","method":"GET","route":"/api/v1/news/southport-rovers-stake-claim","status":200,"latencyMs":137,"userId":null}
{"ts":"2026-10-07T01:06:32.874Z","requestId":"3bd3f320-621f-4603-9ec7-e5a1504f0fbc","method":"GET","route":"/api/v1/seo/related?limit=6&type=news&slug=southport-rovers-stake-claim","status":200,"latencyMs":1125,"userId":null}
{"ts":"2026-10-07T01:06:33.047Z","requestId":"e4418f5c-c7c9-4de0-b9c0-dedb7fe43d66","method":"GET","route":"/api/v1/news/venue-guide-northbridge-park","status":200,"latencyMs":140,"userId":null}
{"ts":"2026-10-07T01:06:33.217Z","requestId":"051673f7-1c70-4dde-b696-3e0c3743e1df","method":"GET","route":"/api/v1/news/westfield-need-points","status":200,"latencyMs":138,"userId":null}
{"ts":"2026-10-07T01:06:34.050Z","requestId":"5fd05e94-b7cf-42c5-93b6-02dfbe7e3931","method":"GET","route":"/api/v1/seo/related?limit=6&type=news&slug=venue-guide-northbridge-park","status":200,"latencyMs":1141,"userId":null}
{"ts":"2026-10-07T01:06:34.228Z","requestId":"f26c0522-20e2-4e5a-bc14-70ebebeca9d9","method":"GET","route":"/api/v1/seo/related?limit=6&type=news&slug=westfield-need-points","status":200,"latencyMs":1144,"userId":null}
{"ts":"2026-10-07T01:06:34.407Z","requestId":"133002da-9cde-4e0b-84ea-0f4aad8c4dbd","method":"GET","route":"/api/v1/matches/seed-team-nbu-vs-seed-team-evc-2026-09-12","status":200,"latencyMs":146,"userId":null}
{"ts":"2026-10-07T01:06:34.579Z","msg":"seo_metadata_fallback","entityType":"match","slug":"seed-team-nbu-vs-seed-team-evc-2026-09-12"}
{"ts":"2026-10-07T01:06:34.580Z","requestId":"5f93c67c-4ae3-4954-8de2-79ec06966179","method":"GET","route":"/api/v1/seo/metadata?type=match&slug=seed-team-nbu-vs-seed-team-evc-2026-09-12","status":200,"latencyMs":313,"userId":null}
{"ts":"2026-10-07T01:06:34.588Z","requestId":"ff6d4491-019d-4072-bf7d-62dbbf9e15d5","method":"GET","route":"/api/v1/seo/breadcrumbs?type=match&slug=seed-team-nbu-vs-seed-team-evc-2026-09-12","status":200,"latencyMs":327,"userId":null}
{"ts":"2026-10-07T01:06:34.985Z","requestId":"e6a06dd7-eeb6-48c3-97d6-792b2436afb4","method":"GET","route":"/api/v1/seo/structured?type=match&slug=seed-team-nbu-vs-seed-team-evc-2026-09-12","status":200,"latencyMs":723,"userId":null}
{"ts":"2026-10-07T01:06:35.179Z","requestId":"e2f8dc14-b49a-4b8f-bc49-05d9223d8d74","method":"GET","route":"/api/v1/matches/seed-team-nbu-vs-seed-team-spr-2030-02-01","status":200,"latencyMs":153,"userId":null}
{"ts":"2026-10-07T01:06:35.326Z","requestId":"2eab9933-f3ef-45df-9384-d006dcdd5125","method":"GET","route":"/api/v1/seo/breadcrumbs?type=match&slug=seed-team-nbu-vs-seed-team-spr-2030-02-01","status":200,"latencyMs":299,"userId":null}
{"ts":"2026-10-07T01:06:35.343Z","msg":"seo_metadata_fallback","entityType":"match","slug":"seed-team-nbu-vs-seed-team-spr-2030-02-01"}
{"ts":"2026-10-07T01:06:35.343Z","requestId":"d6e224ee-d11e-4aa3-b020-301666af7259","method":"GET","route":"/api/v1/seo/metadata?type=match&slug=seed-team-nbu-vs-seed-team-spr-2030-02-01","status":200,"latencyMs":316,"userId":null}
{"ts":"2026-10-07T01:06:35.750Z","requestId":"6a4fdf26-a6c7-4a48-b423-ea9b137aa7ec","method":"GET","route":"/api/v1/seo/structured?type=match&slug=seed-team-nbu-vs-seed-team-spr-2030-02-01","status":200,"latencyMs":723,"userId":null}
{"ts":"2026-10-07T01:06:35.944Z","requestId":"370f7218-f712-481d-9a09-2ccd83c876cf","method":"GET","route":"/api/v1/matches/seed-team-spr-vs-seed-team-wfa-2026-09-13","status":200,"latencyMs":151,"userId":null}
{"ts":"2026-10-07T01:06:36.092Z","requestId":"6e51c541-1ad6-47f7-b195-6a8120be65ea","method":"GET","route":"/api/v1/seo/breadcrumbs?type=match&slug=seed-team-spr-vs-seed-team-wfa-2026-09-13","status":200,"latencyMs":298,"userId":null}
{"ts":"2026-10-07T01:06:36.092Z","msg":"seo_metadata_fallback","entityType":"match","slug":"seed-team-spr-vs-seed-team-wfa-2026-09-13"}
{"ts":"2026-10-07T01:06:36.093Z","requestId":"d73766cd-ad24-4dfa-ae0f-a6cba176d1dc","method":"GET","route":"/api/v1/seo/metadata?type=match&slug=seed-team-spr-vs-seed-team-wfa-2026-09-13","status":200,"latencyMs":298,"userId":null}
{"ts":"2026-10-07T01:06:36.502Z","requestId":"0b36f739-5599-42c2-aad6-550a556564d8","method":"GET","route":"/api/v1/seo/structured?type=match&slug=seed-team-spr-vs-seed-team-wfa-2026-09-13","status":200,"latencyMs":708,"userId":null}
{"ts":"2026-10-07T01:06:37.241Z","requestId":"80a85e1f-e222-42cc-8235-03c430e1b296","method":"GET","route":"/api/v1/players/carlos-mendez/details","status":503,"latencyMs":439,"userId":null}
{"ts":"2026-10-07T01:06:37.662Z","requestId":"ed9e93c4-513c-4a36-8c4f-2aec927e8740","method":"GET","route":"/api/v1/players/carlos-mendez/details","status":503,"latencyMs":420,"userId":null}
{"ts":"2026-10-07T01:06:37.928Z","requestId":"0b44fc28-39bd-4ec1-9d4a-453ed9b4782b","method":"GET","route":"/api/v1/players/carlos-mendez/details","status":503,"latencyMs":423,"userId":null}
{"ts":"2026-10-07T01:06:38.351Z","requestId":"f660b008-c468-4ca3-babf-9ac4d6d1a946","method":"GET","route":"/api/v1/players/carlos-mendez/details","status":503,"latencyMs":420,"userId":null}
{"ts":"2026-10-07T01:06:38.876Z","requestId":"69f69113-dac8-4148-a425-282d2494f988","method":"GET","route":"/api/v1/players/carlos-mendez/details","status":503,"latencyMs":433,"userId":null}
{"ts":"2026-10-07T01:06:39.275Z","requestId":"fe234618-2d68-48b3-9422-011ea194dbcf","method":"GET","route":"/api/v1/players/carlos-mendez/details","status":503,"latencyMs":416,"userId":null}
{"ts":"2026-10-07T01:06:39.751Z","requestId":"05f3ab7c-c456-4d41-973d-7dc7178c6551","method":"GET","route":"/api/v1/players/daniel-okafor/details","status":503,"latencyMs":414,"userId":null}
{"ts":"2026-10-07T01:06:40.171Z","requestId":"dd155a22-daec-42df-ab10-ef700adf8d18","method":"GET","route":"/api/v1/players/daniel-okafor/details","status":503,"latencyMs":419,"userId":null}
{"ts":"2026-10-07T01:06:40.434Z","requestId":"ff6df282-5718-40c5-a59b-f52c15658c21","method":"GET","route":"/api/v1/players/daniel-okafor/details","status":503,"latencyMs":425,"userId":null}
{"ts":"2026-10-07T01:06:40.845Z","requestId":"b4a920b3-b004-4f9e-b987-8a78480ed402","method":"GET","route":"/api/v1/players/daniel-okafor/details","status":503,"latencyMs":418,"userId":null}
{"ts":"2026-10-07T01:06:41.375Z","requestId":"811bdc40-1fbd-459d-9e34-8dc29563b523","method":"GET","route":"/api/v1/players/daniel-okafor/details","status":503,"latencyMs":429,"userId":null}
{"ts":"2026-10-07T01:06:41.782Z","requestId":"c9b5a574-ce7a-4b41-9ea8-1c833d3544fc","method":"GET","route":"/api/v1/players/daniel-okafor/details","status":503,"latencyMs":421,"userId":null}
{"ts":"2026-10-07T01:06:42.290Z","requestId":"be411bff-bb0d-49c9-916e-b93efd654f81","method":"GET","route":"/api/v1/players/harry-collins/details","status":503,"latencyMs":416,"userId":null}
{"ts":"2026-10-07T01:06:42.713Z","requestId":"ada2b494-b813-4a01-a89a-51190375ddce","method":"GET","route":"/api/v1/players/harry-collins/details","status":503,"latencyMs":422,"userId":null}
{"ts":"2026-10-07T01:06:42.975Z","requestId":"c74ae243-7f0f-4195-a828-f0e1985b97e0","method":"GET","route":"/api/v1/players/harry-collins/details","status":503,"latencyMs":428,"userId":null}
{"ts":"2026-10-07T01:06:43.400Z","requestId":"e41c1003-146e-4498-9736-4b7f71937e67","method":"GET","route":"/api/v1/players/harry-collins/details","status":503,"latencyMs":424,"userId":null}
{"ts":"2026-10-07T01:06:43.898Z","requestId":"4f9f8103-4a3c-482e-b0e7-ae5db45e1804","method":"GET","route":"/api/v1/players/harry-collins/details","status":503,"latencyMs":421,"userId":null}
{"ts":"2026-10-07T01:06:44.049Z","requestId":"b395c0d2-c98a-4e8f-bc67-fd1fffdc86ca","method":"GET","route":"/api/v1/news?page=1&limit=4&type=transfer","status":200,"latencyMs":140,"userId":null}
{"ts":"2026-10-07T01:06:44.050Z","requestId":"1fe23ddb-67fe-4df8-901b-c58763f3c820","method":"GET","route":"/api/v1/matches/finished?page=1&limit=6","status":200,"latencyMs":147,"userId":null}
{"ts":"2026-10-07T01:06:44.062Z","requestId":"2bacc10c-c818-4d2f-bd23-0a3a8e94871a","method":"GET","route":"/api/v1/news/latest?page=1&limit=8","status":200,"latencyMs":154,"userId":null}
{"ts":"2026-10-07T01:06:44.203Z","requestId":"d93f2e31-d31b-499e-86b3-c6813b074fce","method":"GET","route":"/api/v1/transfers?page=1&limit=6","status":200,"latencyMs":294,"userId":null}
{"ts":"2026-10-07T01:06:44.577Z","requestId":"f60ea1b7-d8fb-4d72-93fb-f5da488950af","method":"GET","route":"/api/v1/matches/seed-team-spr-vs-seed-team-wfa-2026-09-13/details","status":200,"latencyMs":667,"userId":null}
{"ts":"2026-10-07T01:06:44.718Z","requestId":"e198b490-941c-46cd-9bad-1a3d6bbba7fb","method":"GET","route":"/api/v1/players/harry-collins/details","status":503,"latencyMs":808,"userId":null}
{"ts":"2026-10-07T01:06:44.852Z","requestId":"97031a73-f03f-48b3-a215-742b1903b491","method":"GET","route":"/api/v1/matches/seed-team-nbu-vs-seed-team-evc-2026-09-12/details","status":200,"latencyMs":942,"userId":null}
{"ts":"2026-10-07T01:06:45.325Z","requestId":"9cb388d1-fa9f-4f38-9053-02cecbb7da8a","method":"GET","route":"/api/v1/players/james-thornton/details","status":503,"latencyMs":417,"userId":null}
{"ts":"2026-10-07T01:06:45.747Z","requestId":"07bdec5d-9bc2-44ae-b106-386929a23dfa","method":"GET","route":"/api/v1/players/james-thornton/details","status":503,"latencyMs":421,"userId":null}
{"ts":"2026-10-07T01:06:46.013Z","requestId":"2a89153f-6539-4b58-8eb0-2bee32fedbfb","method":"GET","route":"/api/v1/players/james-thornton/details","status":503,"latencyMs":430,"userId":null}
{"ts":"2026-10-07T01:06:46.422Z","requestId":"9910cafd-e87e-4750-a46a-74c149043b07","method":"GET","route":"/api/v1/players/james-thornton/details","status":503,"latencyMs":421,"userId":null}
{"ts":"2026-10-07T01:06:46.958Z","requestId":"f3d06e65-7e72-4701-bf9b-f072550be9d3","method":"GET","route":"/api/v1/players/james-thornton/details","status":503,"latencyMs":430,"userId":null}
{"ts":"2026-10-07T01:06:47.351Z","requestId":"0a55e8b4-6d77-4512-941e-b4360cbd103f","method":"GET","route":"/api/v1/players/james-thornton/details","status":503,"latencyMs":419,"userId":null}
{"ts":"2026-10-07T01:06:47.850Z","requestId":"67896666-6580-4063-8821-e776f9ada322","method":"GET","route":"/api/v1/players/lucas-ferreira/details","status":503,"latencyMs":421,"userId":null}
{"ts":"2026-10-07T01:06:48.267Z","requestId":"3c7e5161-00c9-4a18-ab7d-922d9b8536f1","method":"GET","route":"/api/v1/players/lucas-ferreira/details","status":503,"latencyMs":416,"userId":null}
{"ts":"2026-10-07T01:06:48.539Z","requestId":"26dd5f09-2575-4d1d-98bd-231574901915","method":"GET","route":"/api/v1/players/lucas-ferreira/details","status":503,"latencyMs":421,"userId":null}
{"ts":"2026-10-07T01:06:48.932Z","requestId":"e2b67a0f-9a3f-474e-8b34-40b215361a16","method":"GET","route":"/api/v1/players/lucas-ferreira/details","status":503,"latencyMs":412,"userId":null}
{"ts":"2026-10-07T01:06:49.482Z","requestId":"4d56b407-1403-4fec-9082-06efe465205c","method":"GET","route":"/api/v1/players/lucas-ferreira/details","status":503,"latencyMs":431,"userId":null}
{"ts":"2026-10-07T01:06:49.858Z","requestId":"ca05e911-d353-455a-9ae2-18572ad53a2d","method":"GET","route":"/api/v1/players/lucas-ferreira/details","status":503,"latencyMs":421,"userId":null}
{"ts":"2026-10-07T01:06:50.384Z","requestId":"cecd35a8-6307-4061-83e3-f801f630f07c","method":"GET","route":"/api/v1/players/oliver-bennett/details","status":503,"latencyMs":418,"userId":null}
{"ts":"2026-10-07T01:06:50.814Z","requestId":"ac2d49da-53cb-43b6-8cfc-1feb9139fab9","method":"GET","route":"/api/v1/players/oliver-bennett/details","status":503,"latencyMs":427,"userId":null}
{"ts":"2026-10-07T01:06:51.062Z","requestId":"afd16230-be22-46d8-ac73-57dad78d6643","method":"GET","route":"/api/v1/players/oliver-bennett/details","status":503,"latencyMs":425,"userId":null}
{"ts":"2026-10-07T01:06:51.496Z","requestId":"adac1237-3ae1-479a-8181-491e1fa030aa","method":"GET","route":"/api/v1/players/oliver-bennett/details","status":503,"latencyMs":425,"userId":null}
{"ts":"2026-10-07T01:06:51.991Z","requestId":"489ba763-92df-4c28-8a83-a59763676352","method":"GET","route":"/api/v1/players/oliver-bennett/details","status":503,"latencyMs":417,"userId":null}
{"ts":"2026-10-07T01:06:52.428Z","requestId":"e68049c0-28d1-419b-b3bf-6e049cd00e54","method":"GET","route":"/api/v1/players/oliver-bennett/details","status":503,"latencyMs":420,"userId":null}
{"ts":"2026-10-07T01:06:52.922Z","requestId":"dcd1f975-2c9f-4ba0-a81d-6ba86a7e359c","method":"GET","route":"/api/v1/players/thomas-wright/details","status":503,"latencyMs":423,"userId":null}
{"ts":"2026-10-07T01:06:53.350Z","requestId":"d28e1e2a-8aea-417f-acbb-454c11b498ff","method":"GET","route":"/api/v1/players/thomas-wright/details","status":503,"latencyMs":426,"userId":null}
{"ts":"2026-10-07T01:06:53.595Z","requestId":"0ae0ed6d-0e0f-4674-bceb-8d1bc3377be8","method":"GET","route":"/api/v1/players/thomas-wright/details","status":503,"latencyMs":419,"userId":null}
{"ts":"2026-10-07T01:06:54.026Z","requestId":"0b90d1d0-2760-4255-8639-e979f477bcaf","method":"GET","route":"/api/v1/players/thomas-wright/details","status":503,"latencyMs":421,"userId":null}
{"ts":"2026-10-07T01:06:54.533Z","requestId":"1ed302b4-006c-4126-bd5c-8f299afea0c5","method":"GET","route":"/api/v1/players/thomas-wright/details","status":503,"latencyMs":426,"userId":null}
{"ts":"2026-10-07T01:06:54.967Z","requestId":"eb45ad82-1ccc-42e0-b9a3-1543bb51d5b2","method":"GET","route":"/api/v1/players/thomas-wright/details","status":503,"latencyMs":429,"userId":null}
{"ts":"2026-10-07T01:06:55.457Z","requestId":"0a23600d-99b8-47a0-8ed2-9165a4d6a7f3","method":"GET","route":"/api/v1/players/yusuf-demir/details","status":503,"latencyMs":419,"userId":null}
{"ts":"2026-10-07T01:06:55.889Z","requestId":"61627801-5acc-4fdd-aee2-5c101231aac8","method":"GET","route":"/api/v1/players/yusuf-demir/details","status":503,"latencyMs":430,"userId":null}
{"ts":"2026-10-07T01:06:56.139Z","requestId":"f80e61a2-e812-440b-8896-74f357e064d9","method":"GET","route":"/api/v1/players/yusuf-demir/details","status":503,"latencyMs":428,"userId":null}
{"ts":"2026-10-07T01:06:56.564Z","requestId":"2782cf39-9bdc-4c06-a053-9bd07f37b605","method":"GET","route":"/api/v1/players/yusuf-demir/details","status":503,"latencyMs":423,"userId":null}
{"ts":"2026-10-07T01:06:57.063Z","requestId":"744d7e0a-370e-47e7-a6dc-0ce9a1c4e42a","method":"GET","route":"/api/v1/players/yusuf-demir/details","status":503,"latencyMs":422,"userId":null}
{"ts":"2026-10-07T01:06:57.208Z","requestId":"5ee106c6-288e-481b-93d7-4415f8545749","method":"GET","route":"/api/v1/news/breaking?page=1&limit=4","status":200,"latencyMs":138,"userId":null}
{"ts":"2026-10-07T01:06:57.217Z","requestId":"5b99d7c2-477e-452d-8946-baf812d4828d","method":"GET","route":"/api/v1/matches/upcoming?page=1&limit=6","status":200,"latencyMs":149,"userId":null}
{"ts":"2026-10-07T01:06:57.389Z","requestId":"58269281-772b-4360-b72c-c7c0c54d1385","method":"GET","route":"/api/v1/matches/seed-team-nbu-vs-seed-team-spr-2030-02-01/details","status":200,"latencyMs":319,"userId":null}
{"ts":"2026-10-07T01:06:57.524Z","requestId":"8c495083-37d6-4773-8ab1-4905a8953e84","method":"GET","route":"/api/v1/players/yusuf-demir/details","status":503,"latencyMs":453,"userId":null}
{"ts":"2026-10-07T01:06:57.851Z","requestId":"2e5d16b7-5fe5-4c41-8acc-cc1ab2ac8e81","method":"GET","route":"/api/v1/teams?page=2&limit=24&active=true","status":503,"latencyMs":144,"userId":null}
{"ts":"2026-10-07T01:06:58.252Z","requestId":"cbb60534-aafa-4e61-8521-d93920b35fa9","method":"GET","route":"/api/v1/teams?page=2&limit=24&active=true","status":503,"latencyMs":140,"userId":null}
{"ts":"2026-10-07T01:06:58.911Z","requestId":"8ed24a27-89f7-4127-9165-9b7c4d92803a","method":"GET","route":"/api/v1/teams?page=2&limit=24&active=true","status":503,"latencyMs":148,"userId":null}
{"ts":"2026-10-07T01:06:59.110Z","requestId":"ffb649ae-6b6c-414b-95b8-56677e7e63c8","method":"GET","route":"/api/v1/players?page=2&limit=24","status":503,"latencyMs":142,"userId":null}
{"ts":"2026-10-07T01:06:59.112Z","requestId":"cba1ac08-707c-4a4d-8cfb-66dd20bd6ea0","method":"GET","route":"/api/v1/matches/live?page=1&limit=6","status":200,"latencyMs":145,"userId":null}
{"ts":"2026-10-07T01:06:59.507Z","requestId":"1144397b-8840-4d16-b6a4-f866669dac10","method":"GET","route":"/api/v1/players?page=2&limit=24","status":503,"latencyMs":143,"userId":null}
{"ts":"2026-10-07T01:07:00.163Z","requestId":"fa4c18a4-c637-4032-b401-c40361de4969","method":"GET","route":"/api/v1/players?page=2&limit=24","status":503,"latencyMs":149,"userId":null}
{"ts":"2026-10-07T01:07:00.358Z","requestId":"3faa4fd7-a955-428c-9af3-9c9e6026db24","method":"GET","route":"/api/v1/competitions?page=2&limit=24&active=true","status":503,"latencyMs":137,"userId":null}
{"ts":"2026-10-07T01:07:00.749Z","requestId":"5c068e23-258c-4fee-b7c5-df382d27e0e4","method":"GET","route":"/api/v1/competitions?page=2&limit=24&active=true","status":503,"latencyMs":135,"userId":null}
{"ts":"2026-10-07T01:07:01.400Z","requestId":"8d56052a-33be-4c27-bf58-f59042d9e227","method":"GET","route":"/api/v1/competitions?page=2&limit=24&active=true","status":503,"latencyMs":137,"userId":null}
{"ts":"2026-10-07T01:07:01.611Z","requestId":"19a931a9-9f02-4502-8f24-67d0858845a7","method":"GET","route":"/api/v1/news/no-such-article-xyz","status":404,"latencyMs":139,"userId":null}
{"ts":"2026-10-07T01:07:01.760Z","requestId":"9d53f6de-ae54-435b-9673-8f68f49c0270","method":"GET","route":"/api/v1/news/no-such-article-xyz","status":404,"latencyMs":142,"userId":null}
{"ts":"2026-10-07T01:07:01.966Z","requestId":"018d4292-7273-4480-8283-2eb25c2756bf","method":"GET","route":"/api/v1/teams/no-such-team-xyz/details","status":404,"latencyMs":141,"userId":null}
{"ts":"2026-10-07T01:07:02.108Z","requestId":"15e7922e-de8c-46cf-a9c2-79582357c53f","method":"GET","route":"/api/v1/teams/no-such-team-xyz/details","status":404,"latencyMs":138,"userId":null}
{"ts":"2026-10-07T01:07:02.505Z","msg":"search","q":"test","type":"all","durationMs":315,"results":0,"zeroResult":true}
{"ts":"2026-10-07T01:07:02.505Z","requestId":"9f9abff4-c255-470d-b359-361be078d308","method":"GET","route":"/api/v1/search?page=1&limit=10&q=test","status":200,"latencyMs":315,"userId":null}
{"ts":"2026-10-07T01:07:15.635Z","requestId":"e752e2ee-0493-4721-9ab1-6c24e592646f","method":"GET","route":"/api/v1/categories?page=1&limit=5","status":200,"latencyMs":166,"userId":null}
{"ts":"2026-10-07T01:07:15.961Z","requestId":"f7739899-804d-444b-8d68-aa974c573633","method":"GET","route":"/api/v1/tags?page=1&limit=5","status":200,"latencyMs":142,"userId":null}
{"ts":"2026-10-07T01:07:18.370Z","requestId":"81cb6d14-7272-4c23-b5bf-24c23853a155","method":"GET","route":"/api/v1/categories?page=1&limit=5","status":200,"latencyMs":135,"userId":null}
{"ts":"2026-10-07T01:07:18.542Z","requestId":"8b373125-a1d7-4c77-aacb-ab34718d52ae","method":"GET","route":"/api/v1/tags?page=1&limit=5","status":200,"latencyMs":135,"userId":null}
{"ts":"2026-10-07T01:16:13.063Z","requestId":"47ad5c92-ffee-43e9-9197-029f68508724","method":"GET","route":"/api/v1/matches/live?page=1&limit=6","status":200,"latencyMs":272,"userId":null}
{"ts":"2026-10-07T01:16:13.080Z","requestId":"84f02898-35c4-4ea4-85d6-d339bdbed257","method":"GET","route":"/api/v1/matches/upcoming?page=1&limit=6","status":200,"latencyMs":285,"userId":null}
{"ts":"2026-10-07T01:16:13.082Z","requestId":"d50a3bde-a933-41b1-b32a-38f7303c5647","method":"GET","route":"/api/v1/news/breaking?page=1&limit=4","status":200,"latencyMs":279,"userId":null}
{"ts":"2026-10-07T01:16:13.085Z","requestId":"8839f536-20b5-43d3-8989-57b0019b7453","method":"GET","route":"/api/v1/matches/live?page=1&limit=6","status":200,"latencyMs":274,"userId":null}
{"ts":"2026-10-07T01:16:13.087Z","requestId":"acdd4912-54a8-4866-988f-aeedc68ad834","method":"GET","route":"/api/v1/news?page=1&limit=4&type=transfer","status":200,"latencyMs":282,"userId":null}
{"ts":"2026-10-07T01:16:13.089Z","requestId":"75f75a1e-4363-47a8-933b-a95ca3527cde","method":"GET","route":"/api/v1/matches/upcoming?page=1&limit=6","status":200,"latencyMs":275,"userId":null}
{"ts":"2026-10-07T01:16:13.099Z","requestId":"c48db36e-d781-4c93-8f91-aa967ab2548d","method":"GET","route":"/api/v1/matches/finished?page=1&limit=6","status":200,"latencyMs":301,"userId":null}
{"ts":"2026-10-07T01:16:13.102Z","requestId":"c2590066-f64b-47a0-90ca-50502461c946","method":"GET","route":"/api/v1/news/latest?page=1&limit=8","status":200,"latencyMs":276,"userId":null}
{"ts":"2026-10-07T01:16:13.103Z","requestId":"2491a8d8-f83b-4cff-83cc-0a69c6b68975","method":"GET","route":"/api/v1/news?page=1&limit=4&type=transfer","status":200,"latencyMs":272,"userId":null}
{"ts":"2026-10-07T01:16:13.118Z","requestId":"18f1aa16-5657-4e2a-b3c0-348c199e443e","method":"GET","route":"/api/v1/news/breaking?page=1&limit=4","status":200,"latencyMs":284,"userId":null}
{"ts":"2026-10-07T01:16:13.119Z","requestId":"137ced83-a3b4-47ed-b521-256582f6485f","method":"GET","route":"/api/v1/news/latest?page=1&limit=8","status":200,"latencyMs":319,"userId":null}
{"ts":"2026-10-07T01:16:13.127Z","requestId":"76f3f961-febd-4c53-9402-458f0dcb9ef3","method":"GET","route":"/api/v1/matches/upcoming?page=1&limit=6","status":200,"latencyMs":309,"userId":null}
{"ts":"2026-10-07T01:16:13.131Z","requestId":"7c5277e1-6890-4797-8b50-7b7fcdc0dda7","method":"GET","route":"/api/v1/matches/finished?page=1&limit=6","status":200,"latencyMs":311,"userId":null}
{"ts":"2026-10-07T01:16:13.140Z","requestId":"2bbaefaf-27d4-462c-b9bd-bfe41cef845a","method":"GET","route":"/api/v1/matches/live?page=1&limit=6","status":200,"latencyMs":324,"userId":null}
{"ts":"2026-10-07T01:16:13.153Z","requestId":"c6e3867a-925d-4cde-b85e-64c32cc04c68","method":"GET","route":"/api/v1/news/latest?page=1&limit=8","status":200,"latencyMs":317,"userId":null}
{"ts":"2026-10-07T01:16:13.166Z","requestId":"f4c1492a-b4a3-41b1-bb40-e9bb0e2f2798","method":"GET","route":"/api/v1/matches/finished?page=1&limit=6","status":200,"latencyMs":343,"userId":null}
{"ts":"2026-10-07T01:16:13.180Z","requestId":"36a42178-3815-4357-8ef3-08810d500f6f","method":"GET","route":"/api/v1/news?page=1&limit=4&type=transfer","status":200,"latencyMs":338,"userId":null}
{"ts":"2026-10-07T01:16:13.184Z","requestId":"70cb2dc5-a8da-4614-aefb-2d02f8fbef6a","method":"GET","route":"/api/v1/news/breaking?page=1&limit=4","status":200,"latencyMs":356,"userId":null}
{"ts":"2026-10-07T01:16:13.213Z","requestId":"9a1c5b73-bd7f-40d9-b76b-f93bfb650f2b","method":"GET","route":"/api/v1/matches/live?page=1&limit=12","status":200,"latencyMs":213,"userId":null}
{"ts":"2026-10-07T01:16:13.287Z","requestId":"b8e8fff2-d46d-421d-b603-85fad1d328ae","method":"GET","route":"/api/v1/matches/live?page=1&limit=12","status":200,"latencyMs":271,"userId":null}
{"ts":"2026-10-07T01:16:13.344Z","requestId":"a43cd9af-dce0-43be-a7a1-844236f83da6","method":"GET","route":"/api/v1/matches/upcoming?page=1&limit=12","status":200,"latencyMs":334,"userId":null}
{"ts":"2026-10-07T01:16:13.346Z","requestId":"afeecc73-641b-4cfc-85ec-e87f68184ec7","method":"GET","route":"/api/v1/matches/upcoming?page=1&limit=12","status":200,"latencyMs":341,"userId":null}
{"ts":"2026-10-07T01:16:13.383Z","requestId":"5e8c81a6-0371-4abe-bc90-7fa99c88aedc","method":"GET","route":"/api/v1/matches/finished?page=1&limit=12","status":200,"latencyMs":366,"userId":null}
{"ts":"2026-10-07T01:16:13.401Z","requestId":"b9e1bfaa-053c-4d77-b7db-b1cde77eacf1","method":"GET","route":"/api/v1/transfers?page=1&limit=6","status":200,"latencyMs":593,"userId":null}
{"ts":"2026-10-07T01:16:13.423Z","requestId":"500c06a9-44a5-4a6b-a094-156071344a4a","method":"GET","route":"/api/v1/matches/seed-team-nbu-vs-seed-team-spr-2030-02-01/details","status":200,"latencyMs":569,"userId":null}
{"ts":"2026-10-07T01:16:13.426Z","requestId":"589a58de-3467-4e63-8116-5afee80d060c","method":"GET","route":"/api/v1/matches/seed-team-nbu-vs-seed-team-spr-2030-02-01/details","status":200,"latencyMs":570,"userId":null}
{"ts":"2026-10-07T01:17:01.467Z","requestId":"5ad80dd4-0bd4-4b95-b6a3-d24aaa218fa7","method":"GET","route":"/api/v1/matches?page=1&limit=24","status":200,"latencyMs":302,"userId":null}
