
> football-api@1.0.0 dev
> tsx --env-file=.env src/server.ts

{"ts":"2026-10-06T02:49:50.000Z","msg":"football-api listening","port":4000,"env":"development"}
{"ts":"2026-10-06T02:49:50.001Z","msg":"WARNING: ADMIN_BYPASS_AUTH is active - every /api/v1/admin/* request is granted super_admin without authentication","env":"development"}
{"ts":"2026-10-06T02:49:59.433Z","msg":"sitemap_index_generated","partitions":10}
{"ts":"2026-10-06T02:49:59.436Z","requestId":"4c83f88e-34c3-4ceb-b943-033bbe93723d","method":"GET","route":"/api/v1/sitemap.xml","status":200,"latencyMs":349,"userId":null}
{"ts":"2026-10-06T02:50:05.635Z","msg":"sitemap_index_generated","partitions":10}
{"ts":"2026-10-06T02:50:05.635Z","requestId":"62310620-487b-4853-b130-9628866c164a","method":"GET","route":"/api/v1/sitemap.xml","status":200,"latencyMs":219,"userId":null}
{"ts":"2026-10-06T02:50:06.101Z","msg":"sitemap_generated","partition":"news","page":1,"entries":0}
{"ts":"2026-10-06T02:50:06.102Z","requestId":"2c7744a1-a557-4c03-a0c0-45c7e66364ed","method":"GET","route":"/api/v1/sitemaps/news.xml","status":200,"latencyMs":146,"userId":null}
{"ts":"2026-10-06T02:50:06.301Z","msg":"sitemap_generated","partition":"articles","page":1,"entries":10}
{"ts":"2026-10-06T02:50:06.301Z","requestId":"b7c3a2e9-e33f-49d0-8f80-6f65e5959915","method":"GET","route":"/api/v1/sitemaps/articles.xml","status":200,"latencyMs":148,"userId":null}
{"ts":"2026-10-06T02:50:06.476Z","msg":"sitemap_generated","partition":"matches","page":1,"entries":3}
{"ts":"2026-10-06T02:50:06.477Z","requestId":"63659f8e-fea6-4276-b588-4f458fa98066","method":"GET","route":"/api/v1/sitemaps/matches.xml","status":200,"latencyMs":142,"userId":null}
{"ts":"2026-10-06T02:50:06.643Z","msg":"sitemap_generated","partition":"teams","page":1,"entries":4}
{"ts":"2026-10-06T02:50:06.643Z","requestId":"ee5dca83-ab20-4043-8186-eaed22be9330","method":"GET","route":"/api/v1/sitemaps/teams.xml","status":200,"latencyMs":141,"userId":null}
{"ts":"2026-10-06T02:50:06.805Z","msg":"sitemap_generated","partition":"players","page":1,"entries":8}
{"ts":"2026-10-06T02:50:06.805Z","requestId":"7d4fc1c2-846f-4353-a45b-7c21448dd19e","method":"GET","route":"/api/v1/sitemaps/players.xml","status":200,"latencyMs":144,"userId":null}
{"ts":"2026-10-06T02:50:06.978Z","msg":"sitemap_generated","partition":"competitions","page":1,"entries":1}
{"ts":"2026-10-06T02:50:06.978Z","requestId":"db89bca0-1714-45a0-aa4c-036155f0eff4","method":"GET","route":"/api/v1/sitemaps/competitions.xml","status":200,"latencyMs":140,"userId":null}
{"ts":"2026-10-06T02:50:07.187Z","msg":"sitemap_generated","partition":"transfers","page":1,"entries":1}
{"ts":"2026-10-06T02:50:07.188Z","requestId":"836f2f7f-6bf4-44f6-ae9d-bea981abf41d","method":"GET","route":"/api/v1/sitemaps/transfers.xml","status":200,"latencyMs":152,"userId":null}
{"ts":"2026-10-06T02:50:07.349Z","msg":"sitemap_generated","partition":"categories","page":1,"entries":0}
{"ts":"2026-10-06T02:50:07.349Z","requestId":"d31fd016-445a-45d1-bd1e-70a1b23238a0","method":"GET","route":"/api/v1/sitemaps/categories.xml","status":200,"latencyMs":138,"userId":null}
{"ts":"2026-10-06T02:50:07.505Z","msg":"sitemap_generated","partition":"tags","page":1,"entries":0}
{"ts":"2026-10-06T02:50:07.505Z","requestId":"d1a90b83-ea63-4109-b158-f74c2dc6f860","method":"GET","route":"/api/v1/sitemaps/tags.xml","status":200,"latencyMs":138,"userId":null}
{"ts":"2026-10-06T02:50:07.527Z","msg":"sitemap_generated","partition":"pages","page":1,"entries":9}
{"ts":"2026-10-06T02:50:07.527Z","requestId":"d9a4df27-bc09-48ca-90e6-fc16d1d5a2bc","method":"GET","route":"/api/v1/sitemaps/pages.xml","status":200,"latencyMs":1,"userId":null}
{"ts":"2026-10-06T02:50:10.298Z","requestId":"b44fa0c8-ed44-40d1-8d4e-f75e20720f5f","method":"GET","route":"/api/v1/matches/live?page=1&limit=6","status":200,"latencyMs":147,"userId":null}
{"ts":"2026-10-06T02:50:10.332Z","requestId":"7c35a9f3-78e9-4445-b04a-17bdd0992805","method":"GET","route":"/api/v1/news/breaking?page=1&limit=4","status":200,"latencyMs":171,"userId":null}
{"ts":"2026-10-06T02:50:10.341Z","requestId":"7c9bf83b-9cc6-4db0-8eec-5240643379b3","method":"GET","route":"/api/v1/players?page=1&limit=8","status":200,"latencyMs":177,"userId":null}
{"ts":"2026-10-06T02:50:10.355Z","requestId":"ecec5d09-7b3b-472e-8c20-8f9681cbb8cd","method":"GET","route":"/api/v1/teams?page=1&limit=8&active=true","status":200,"latencyMs":189,"userId":null}
{"ts":"2026-10-06T02:50:10.355Z","requestId":"cd0a3341-9380-4d56-8028-7b96b2755900","method":"GET","route":"/api/v1/competitions?page=1&limit=6&active=true","status":200,"latencyMs":192,"userId":null}
{"ts":"2026-10-06T02:50:10.358Z","requestId":"26aafb88-eddf-4ac5-b685-b6e62f6fbe61","method":"GET","route":"/api/v1/news?page=1&limit=4&type=transfer","status":200,"latencyMs":196,"userId":null}
{"ts":"2026-10-06T02:50:10.363Z","requestId":"2f017352-8ced-4d45-ae02-a6484bc9b036","method":"GET","route":"/api/v1/news/latest?page=1&limit=8","status":200,"latencyMs":203,"userId":null}
{"ts":"2026-10-06T02:50:10.365Z","requestId":"21cfc027-a9eb-4f69-b538-ee76170e08af","method":"GET","route":"/api/v1/matches/finished?page=1&limit=6","status":200,"latencyMs":207,"userId":null}
{"ts":"2026-10-06T02:50:10.367Z","requestId":"a4c8c7d4-9f16-4207-9158-8ac0ca566fc0","method":"GET","route":"/api/v1/matches/upcoming?page=1&limit=6","status":200,"latencyMs":208,"userId":null}
{"ts":"2026-10-06T02:50:10.506Z","requestId":"a1077e33-4bd2-4c63-8057-45c12c05e423","method":"GET","route":"/api/v1/transfers?page=1&limit=6","status":200,"latencyMs":338,"userId":null}
{"ts":"2026-10-06T02:50:10.690Z","requestId":"d97617f4-8173-4de1-b3f9-3f2e3facf5f8","method":"GET","route":"/api/v1/matches/seed-team-spr-vs-seed-team-wfa-2026-09-13/details","status":200,"latencyMs":311,"userId":null}
{"ts":"2026-10-06T02:50:10.757Z","requestId":"044394a0-9246-4fb8-890f-0e4c13f4527a","method":"GET","route":"/api/v1/matches/seed-team-nbu-vs-seed-team-spr-2030-02-01/details","status":200,"latencyMs":374,"userId":null}
{"ts":"2026-10-06T02:50:11.030Z","requestId":"13c2ea33-3816-4f8b-af82-a064bdc4e5af","method":"GET","route":"/api/v1/matches/seed-team-nbu-vs-seed-team-evc-2026-09-12/details","status":200,"latencyMs":649,"userId":null}
{"ts":"2026-10-06T02:50:13.423Z","requestId":"a542364c-3a8e-479e-8917-4edb9ec241c5","method":"GET","route":"/api/v1/matches/finished?page=1&limit=12","status":200,"latencyMs":144,"userId":null}
{"ts":"2026-10-06T02:50:13.424Z","requestId":"f2d34709-be3f-4ddb-9e7e-1b867ea73567","method":"GET","route":"/api/v1/matches/live?page=1&limit=12","status":200,"latencyMs":143,"userId":null}
{"ts":"2026-10-06T02:50:13.433Z","requestId":"cf946153-a5b3-4b66-82ed-75d2f5cf1b90","method":"GET","route":"/api/v1/matches/upcoming?page=1&limit=12","status":200,"latencyMs":152,"userId":null}
{"ts":"2026-10-06T02:50:15.887Z","requestId":"9347c942-e59c-45d0-875d-a6366beda240","method":"GET","route":"/api/v1/news/bennett-keepers-clean-sheet","status":200,"latencyMs":145,"userId":null}
{"ts":"2026-10-06T02:50:16.110Z","requestId":"1ab683e5-afa2-4137-9a98-396ba9bd42de","method":"GET","route":"/api/v1/news/eastvale-manager-under-pressure","status":200,"latencyMs":138,"userId":null}
{"ts":"2026-10-06T02:50:16.322Z","requestId":"c43f5b1c-83c9-4dc3-8cf4-ac36de2779be","method":"GET","route":"/api/v1/news/eastvale-thrash-northbridge","status":200,"latencyMs":139,"userId":null}
{"ts":"2026-10-06T02:50:16.533Z","requestId":"780153ec-26b7-4069-920e-2d4ed63ed5b5","method":"GET","route":"/api/v1/news/ferreira-completes-move-to-eastvale","status":200,"latencyMs":134,"userId":null}
{"ts":"2026-10-06T02:50:16.753Z","requestId":"f1e8b7ed-4b37-4453-962b-718e51f5d211","method":"GET","route":"/api/v1/news/northbridge-thornton-seizes-leadership","status":200,"latencyMs":140,"userId":null}
{"ts":"2026-10-06T02:50:17.836Z","requestId":"f03d6cfd-1655-4c9b-9eb0-e5e03aef693c","method":"GET","route":"/api/v1/matches/seed-team-nbu-vs-seed-team-evc-2026-09-12","status":200,"latencyMs":253,"userId":null}
{"ts":"2026-10-06T02:50:17.921Z","requestId":"add119c1-dcfa-4b1e-b35b-652100355e71","method":"GET","route":"/api/v1/news?page=1&limit=5&match=seed-team-nbu-vs-seed-team-evc-2026-09-12","status":200,"latencyMs":341,"userId":null}
{"ts":"2026-10-06T02:50:18.014Z","requestId":"083d8b53-2940-446c-8d75-2ab87cfbddf8","method":"GET","route":"/api/v1/seo/breadcrumbs?type=match&slug=seed-team-nbu-vs-seed-team-evc-2026-09-12","status":200,"latencyMs":428,"userId":null}
{"ts":"2026-10-06T02:50:18.016Z","msg":"seo_metadata_fallback","entityType":"match","slug":"seed-team-nbu-vs-seed-team-evc-2026-09-12"}
{"ts":"2026-10-06T02:50:18.016Z","requestId":"2cc8e057-acec-48ea-b203-b3aafa04f124","method":"GET","route":"/api/v1/seo/metadata?type=match&slug=seed-team-nbu-vs-seed-team-evc-2026-09-12","status":200,"latencyMs":429,"userId":null}
{"ts":"2026-10-06T02:50:18.425Z","requestId":"e21bac3e-676c-41b4-b2b4-c509a00dfc61","method":"GET","route":"/api/v1/seo/structured?type=match&slug=seed-team-nbu-vs-seed-team-evc-2026-09-12","status":200,"latencyMs":840,"userId":null}
{"ts":"2026-10-06T02:50:18.630Z","requestId":"cf2950a4-8da2-4ce7-ae19-3be080ec0487","method":"GET","route":"/api/v1/matches/seed-team-nbu-vs-seed-team-spr-2030-02-01","status":200,"latencyMs":148,"userId":null}
{"ts":"2026-10-06T02:50:18.770Z","requestId":"5ce6454c-2db2-41d3-a2dc-d57641565e5d","method":"GET","route":"/api/v1/news?page=1&limit=5&match=seed-team-nbu-vs-seed-team-spr-2030-02-01","status":200,"latencyMs":285,"userId":null}
{"ts":"2026-10-06T02:50:18.784Z","msg":"seo_metadata_fallback","entityType":"match","slug":"seed-team-nbu-vs-seed-team-spr-2030-02-01"}
{"ts":"2026-10-06T02:50:18.784Z","requestId":"56d064dd-4dee-4f30-8de0-366191495eb5","method":"GET","route":"/api/v1/seo/metadata?type=match&slug=seed-team-nbu-vs-seed-team-spr-2030-02-01","status":200,"latencyMs":298,"userId":null}
{"ts":"2026-10-06T02:50:18.787Z","requestId":"1683cca3-5645-4504-abf0-2361d35edce2","method":"GET","route":"/api/v1/seo/breadcrumbs?type=match&slug=seed-team-nbu-vs-seed-team-spr-2030-02-01","status":200,"latencyMs":304,"userId":null}
{"ts":"2026-10-06T02:50:19.210Z","requestId":"d84dc21b-53b7-4180-9839-9d2537018d2d","method":"GET","route":"/api/v1/seo/structured?type=match&slug=seed-team-nbu-vs-seed-team-spr-2030-02-01","status":200,"latencyMs":727,"userId":null}
{"ts":"2026-10-06T02:50:19.430Z","requestId":"931a3418-3f9b-4316-a1a1-87111fa19c5a","method":"GET","route":"/api/v1/matches/seed-team-spr-vs-seed-team-wfa-2026-09-13","status":200,"latencyMs":148,"userId":null}
{"ts":"2026-10-06T02:50:19.579Z","requestId":"abb5902f-064a-4c30-ae66-04fc603c8a45","method":"GET","route":"/api/v1/news?page=1&limit=5&match=seed-team-spr-vs-seed-team-wfa-2026-09-13","status":200,"latencyMs":294,"userId":null}
{"ts":"2026-10-06T02:50:19.583Z","msg":"seo_metadata_fallback","entityType":"match","slug":"seed-team-spr-vs-seed-team-wfa-2026-09-13"}
{"ts":"2026-10-06T02:50:19.584Z","requestId":"6809ab9e-725f-4334-9564-2d84608231d8","method":"GET","route":"/api/v1/seo/metadata?type=match&slug=seed-team-spr-vs-seed-team-wfa-2026-09-13","status":200,"latencyMs":298,"userId":null}
{"ts":"2026-10-06T02:50:19.585Z","requestId":"229ee2cb-719e-4487-8118-b13a63e9d7cd","method":"GET","route":"/api/v1/seo/breadcrumbs?type=match&slug=seed-team-spr-vs-seed-team-wfa-2026-09-13","status":200,"latencyMs":302,"userId":null}
{"ts":"2026-10-06T02:50:20.002Z","requestId":"904c57fe-7c94-40d6-9d33-0e20b7a3c976","method":"GET","route":"/api/v1/seo/structured?type=match&slug=seed-team-spr-vs-seed-team-wfa-2026-09-13","status":200,"latencyMs":717,"userId":null}
{"ts":"2026-10-06T02:50:23.210Z","requestId":"f730d063-51ab-421c-ad04-a1461bdcf6b2","method":"GET","route":"/api/v1/seo/breadcrumbs?type=transfer&slug=07d865b0-6fae-41ba-bfaf-bc523b2f1c1c","status":200,"latencyMs":154,"userId":null}
{"ts":"2026-10-06T02:50:23.210Z","msg":"seo_metadata_fallback","entityType":"transfer","slug":"07d865b0-6fae-41ba-bfaf-bc523b2f1c1c"}
{"ts":"2026-10-06T02:50:23.210Z","requestId":"db940614-8b51-4f04-8e19-7c4d9c973f6c","method":"GET","route":"/api/v1/seo/metadata?type=transfer&slug=07d865b0-6fae-41ba-bfaf-bc523b2f1c1c","status":200,"latencyMs":153,"userId":null}
{"ts":"2026-10-06T02:50:23.356Z","requestId":"e5fbc901-c059-4328-ba31-98f1d306d3f1","method":"GET","route":"/api/v1/seo/structured?type=transfer&slug=07d865b0-6fae-41ba-bfaf-bc523b2f1c1c","status":200,"latencyMs":299,"userId":null}
{"ts":"2026-10-06T02:50:23.495Z","requestId":"c456a8ca-3146-4602-b53a-27e76705e11f","method":"GET","route":"/api/v1/transfers/07d865b0-6fae-41ba-bfaf-bc523b2f1c1c/details","status":200,"latencyMs":440,"userId":null}
{"ts":"2026-10-06T02:50:23.788Z","requestId":"fc9651a7-1221-4b89-a1ac-8252cdfe6186","method":"GET","route":"/api/v1/news?page=1&limit=4&player=lucas-ferreira&type=transfer","status":200,"latencyMs":288,"userId":null}
{"ts":"2026-10-06T02:50:24.323Z","requestId":"b96b5d4a-301e-4d55-848d-ea07d4ac28be","method":"GET","route":"/api/v1/news/no-such-article-xyz","status":404,"latencyMs":135,"userId":null}
{"ts":"2026-10-06T02:50:24.464Z","requestId":"edaa4629-019b-4a24-bbb7-5190a2bf28b3","method":"GET","route":"/api/v1/news/no-such-article-xyz","status":404,"latencyMs":136,"userId":null}
{"ts":"2026-10-06T02:50:25.779Z","msg":"search","q":"test","type":"all","durationMs":303,"results":0,"zeroResult":true}
{"ts":"2026-10-06T02:50:25.780Z","requestId":"9d978584-5961-4268-94cf-0faddbfccf16","method":"GET","route":"/api/v1/search?page=1&limit=10&q=test","status":200,"latencyMs":305,"userId":null}
{"ts":"2026-10-06T02:50:32.320Z","requestId":"72adfe61-f0e1-4378-8a17-8e9fac1c3572","method":"GET","route":"/api/v1/news/no-such-article-xyz","status":404,"latencyMs":167,"userId":null}
{"ts":"2026-10-06T02:50:32.463Z","requestId":"6bc685ff-287a-40d7-9951-6e13a579b46d","method":"GET","route":"/api/v1/news/no-such-article-xyz","status":404,"latencyMs":138,"userId":null}
{"ts":"2026-10-06T02:50:35.173Z","requestId":"4e3712e5-e4bb-4853-a7ce-eecd46feaf61","method":"GET","route":"/api/v1/news/no-such-article-xyz","status":404,"latencyMs":137,"userId":null}
{"ts":"2026-10-06T02:50:35.319Z","requestId":"ecc22119-eb55-448d-8f79-1dfbdcbe0a22","method":"GET","route":"/api/v1/news/no-such-article-xyz","status":404,"latencyMs":139,"userId":null}
{"ts":"2026-10-06T02:50:39.160Z","requestId":"3f0bc626-78a8-4123-a2fa-abdd16c79b71","method":"GET","route":"/api/v1/news/no-such-article-xyz","status":404,"latencyMs":153,"userId":null}
{"ts":"2026-10-06T02:50:39.308Z","requestId":"5b736919-5e97-448c-a3d5-790c1b708159","method":"GET","route":"/api/v1/news/no-such-article-xyz","status":404,"latencyMs":144,"userId":null}
{"ts":"2026-10-06T02:50:44.178Z","requestId":"bf10f82c-12b6-4784-ae74-82c35610492c","method":"GET","route":"/api/v1/news/no-such-article-xyz","status":404,"latencyMs":167,"userId":null}
{"ts":"2026-10-06T02:50:44.185Z","requestId":"8cab1cbc-f495-4e87-91e5-9ed1bc96e661","method":"GET","route":"/api/v1/matches/live?page=1&limit=6","status":200,"latencyMs":175,"userId":null}
{"ts":"2026-10-06T02:50:44.319Z","requestId":"00628554-be61-4095-a5d2-e0e8f08f76b7","method":"GET","route":"/api/v1/news/no-such-article-xyz","status":404,"latencyMs":136,"userId":null}
{"ts":"2026-10-06T02:50:51.441Z","requestId":"57b30573-d88b-4c00-9054-d09a9f6e0df4","method":"GET","route":"/api/v1/news/no-such-article-xyz","status":404,"latencyMs":207,"userId":null}
{"ts":"2026-10-06T02:50:51.592Z","requestId":"c5015206-4d02-4684-afc3-71efeed09fd0","method":"GET","route":"/api/v1/news/no-such-article-xyz","status":404,"latencyMs":148,"userId":null}
{"ts":"2026-10-06T02:50:56.359Z","requestId":"19a08af1-52c5-4faa-8f8c-581f83b21b79","method":"GET","route":"/api/v1/news?page=1&limit=5&match=no-such-match-xyz","status":200,"latencyMs":168,"userId":null}
{"ts":"2026-10-06T02:50:56.364Z","requestId":"a0293496-4d04-452d-a170-a7f3c26d4d08","method":"GET","route":"/api/v1/seo/breadcrumbs?type=match&slug=no-such-match-xyz","status":404,"latencyMs":171,"userId":null}
{"ts":"2026-10-06T02:50:56.625Z","requestId":"83db297f-9d8a-438d-9479-4d224fd64c4c","method":"GET","route":"/api/v1/matches/no-such-match-xyz","status":404,"latencyMs":432,"userId":null}
{"ts":"2026-10-06T02:50:56.628Z","requestId":"fe6dbc3a-801d-499c-8680-18459a85df74","method":"GET","route":"/api/v1/seo/structured?type=match&slug=no-such-match-xyz","status":404,"latencyMs":436,"userId":null}
{"ts":"2026-10-06T02:50:56.629Z","requestId":"cf76a68a-7b44-4130-90e1-af7b717d374a","method":"GET","route":"/api/v1/seo/metadata?type=match&slug=no-such-match-xyz","status":404,"latencyMs":435,"userId":null}
{"ts":"2026-10-06T02:50:56.771Z","requestId":"a5057136-f9ca-45dd-87b2-69bef536906a","method":"GET","route":"/api/v1/matches/no-such-match-xyz/details","status":404,"latencyMs":145,"userId":null}
{"ts":"2026-10-06T02:51:03.690Z","requestId":"1022ee58-8499-44b7-8f78-57ab93bc444c","method":"GET","route":"/api/v1/seo/breadcrumbs?type=match&slug=no-such-match-xyz","status":404,"latencyMs":178,"userId":null}
{"ts":"2026-10-06T02:51:03.692Z","requestId":"de3ad0bf-8809-463a-85b9-af4bdc611966","method":"GET","route":"/api/v1/seo/structured?type=match&slug=no-such-match-xyz","status":404,"latencyMs":178,"userId":null}
{"ts":"2026-10-06T02:51:03.692Z","requestId":"d59a25a8-9a05-4fa4-9d7e-53e5e26f3c83","method":"GET","route":"/api/v1/matches/no-such-match-xyz","status":404,"latencyMs":179,"userId":null}
{"ts":"2026-10-06T02:51:03.694Z","requestId":"d565e2d4-8a88-48ec-b82d-8d14f9a3d2bd","method":"GET","route":"/api/v1/seo/metadata?type=match&slug=no-such-match-xyz","status":404,"latencyMs":179,"userId":null}
{"ts":"2026-10-06T02:51:03.838Z","requestId":"d8875d99-b3a5-442d-a210-d906d1274620","method":"GET","route":"/api/v1/matches/no-such-match-xyz/details","status":404,"latencyMs":143,"userId":null}
{"ts":"2026-10-06T02:51:06.390Z","requestId":"a1ffb5ea-57bd-4dd3-9c84-f0d9308bb86a","method":"GET","route":"/api/v1/seo/structured?type=match&slug=no-such-match-xyz","status":404,"latencyMs":142,"userId":null}
{"ts":"2026-10-06T02:51:06.393Z","requestId":"986715a7-3add-44ad-afd3-48098ace459d","method":"GET","route":"/api/v1/seo/breadcrumbs?type=match&slug=no-such-match-xyz","status":404,"latencyMs":145,"userId":null}
{"ts":"2026-10-06T02:51:06.394Z","requestId":"698f6ae0-671e-4356-a362-85af00701947","method":"GET","route":"/api/v1/matches/no-such-match-xyz","status":404,"latencyMs":147,"userId":null}
{"ts":"2026-10-06T02:51:06.396Z","requestId":"c26c0f19-dcc3-4965-a755-086a385ab526","method":"GET","route":"/api/v1/seo/metadata?type=match&slug=no-such-match-xyz","status":404,"latencyMs":148,"userId":null}
{"ts":"2026-10-06T02:51:06.531Z","requestId":"a5aa22cb-cbb9-4ef7-97f8-8767d70a1377","method":"GET","route":"/api/v1/matches/no-such-match-xyz/details","status":404,"latencyMs":134,"userId":null}
{"ts":"2026-10-06T02:51:42.258Z","requestId":"421f7428-348b-4bc0-a39a-8778c4aeaa90","method":"GET","route":"/api/v1/news/no-such-article-xyz2","status":404,"latencyMs":346,"userId":null}
{"ts":"2026-10-06T02:51:42.263Z","requestId":"f9a4885c-4a48-4df3-807b-d2b62efd492e","method":"GET","route":"/api/v1/matches/live?page=1&limit=6","status":200,"latencyMs":356,"userId":null}
{"ts":"2026-10-06T02:51:42.266Z","requestId":"d9476125-f13d-43f5-aabd-48cae104bc5d","method":"GET","route":"/api/v1/matches/upcoming?page=1&limit=6","status":200,"latencyMs":357,"userId":null}
{"ts":"2026-10-06T02:51:42.266Z","requestId":"416e12cc-0b42-49cd-988a-c555a7bd1980","method":"GET","route":"/api/v1/news/breaking?page=1&limit=4","status":200,"latencyMs":356,"userId":null}
{"ts":"2026-10-06T02:51:42.462Z","requestId":"6dfe4cd6-48e5-4463-ae55-17ab2491da9f","method":"GET","route":"/api/v1/news/no-such-article-xyz2","status":404,"latencyMs":197,"userId":null}
{"ts":"2026-10-06T02:51:42.474Z","requestId":"893304e2-029b-4225-b39d-bb944486ab42","method":"GET","route":"/api/v1/matches/seed-team-nbu-vs-seed-team-spr-2030-02-01/details","status":200,"latencyMs":563,"userId":null}
{"ts":"2026-10-06T02:52:54.593Z","requestId":"3019d582-3189-42be-a627-49b6cbcea4f5","method":"GET","route":"/api/v1/matches/live?page=1&limit=6","status":200,"latencyMs":991,"userId":null}
{"ts":"2026-10-06T02:52:54.595Z","requestId":"be967394-03cf-462a-9c0a-4f4c4d99f90b","method":"GET","route":"/api/v1/matches/upcoming?page=1&limit=6","status":200,"latencyMs":992,"userId":null}
{"ts":"2026-10-06T02:52:54.595Z","requestId":"0a4c4a6b-6a90-492a-a331-bc49c6b78ea9","method":"GET","route":"/api/v1/news/breaking?page=1&limit=4","status":200,"latencyMs":991,"userId":null}
{"ts":"2026-10-06T02:52:54.836Z","requestId":"c47ed390-53f4-47f0-b698-d781490076b7","method":"GET","route":"/api/v1/matches/seed-team-nbu-vs-seed-team-spr-2030-02-01/details","status":200,"latencyMs":1231,"userId":null}
{"ts":"2026-10-06T02:53:46.356Z","requestId":"f1734460-9080-434b-a0f9-f44bbc48b445","method":"GET","route":"/api/v1/matches/live?page=1&limit=6","status":200,"latencyMs":188,"userId":null}
{"ts":"2026-10-06T02:53:57.719Z","requestId":"a035ad21-ddbb-4969-a55a-d481fc7a2614","method":"GET","route":"/api/v1/news/breaking?page=1&limit=4","status":200,"latencyMs":206,"userId":null}
{"ts":"2026-10-06T02:53:57.733Z","requestId":"9f0d0632-a749-4577-a55b-a1d1d2e00612","method":"GET","route":"/api/v1/matches/upcoming?page=1&limit=6","status":200,"latencyMs":222,"userId":null}
{"ts":"2026-10-06T02:53:57.964Z","requestId":"360cb942-baa0-4da6-b6e4-7b75bdbac299","method":"GET","route":"/api/v1/matches/seed-team-nbu-vs-seed-team-spr-2030-02-01/details","status":200,"latencyMs":450,"userId":null}
{"ts":"2026-10-06T02:54:52.386Z","requestId":"cc4e1c7d-fd10-4853-b2b7-30647203d663","method":"GET","route":"/api/v1/matches/live?page=1&limit=6","status":200,"latencyMs":212,"userId":null}
{"ts":"2026-10-06T02:54:58.052Z","requestId":"55bef11a-9a44-42e8-9953-1be6c863ef3b","method":"GET","route":"/api/v1/news/breaking?page=1&limit=4","status":200,"latencyMs":190,"userId":null}
{"ts":"2026-10-06T02:54:58.059Z","requestId":"dd419f1f-7f50-47b3-bdd9-51951e03dfbf","method":"GET","route":"/api/v1/matches/upcoming?page=1&limit=6","status":200,"latencyMs":200,"userId":null}
{"ts":"2026-10-06T02:55:04.300Z","requestId":"8dbf5d72-b79c-4b9d-8d75-f4294ad52ab6","method":"GET","route":"/api/v1/matches/seed-team-nbu-vs-seed-team-spr-2030-02-01/details","status":200,"latencyMs":439,"userId":null}
