
> football-api@1.0.0 dev
> tsx --env-file=.env src/server.ts

{"ts":"2026-10-06T02:45:42.412Z","msg":"football-api listening","port":4000,"env":"development"}
{"ts":"2026-10-06T02:45:42.413Z","msg":"WARNING: ADMIN_BYPASS_AUTH is active - every /api/v1/admin/* request is granted super_admin without authentication","env":"development"}
{"ts":"2026-10-06T02:46:31.348Z","msg":"sitemap_index_generated","partitions":10}
{"ts":"2026-10-06T02:46:31.351Z","requestId":"281e560d-c075-467e-8928-eac826584ef9","method":"GET","route":"/api/v1/sitemap.xml","status":200,"latencyMs":1106,"userId":null}
{"ts":"2026-10-06T02:46:31.377Z","msg":"sitemap_generated","partition":"pages","page":1,"entries":9}
{"ts":"2026-10-06T02:46:31.378Z","requestId":"d7c2057c-dece-4b23-b09a-effddf8daafc","method":"GET","route":"/api/v1/sitemaps/pages.xml","status":200,"latencyMs":2,"userId":null}
{"ts":"2026-10-06T02:46:34.433Z","msg":"sitemap_generated","partition":"transfers","page":1,"entries":1}
{"ts":"2026-10-06T02:46:34.434Z","requestId":"d362d759-6f7a-4b4f-a4d8-cf901a1bb357","method":"GET","route":"/api/v1/sitemaps/transfers.xml","status":200,"latencyMs":192,"userId":null}
{"ts":"2026-10-06T02:46:34.677Z","msg":"sitemap_generated","partition":"categories","page":1,"entries":0}
{"ts":"2026-10-06T02:46:34.677Z","requestId":"d21ea48d-e015-4a59-815d-45d6885c81ab","method":"GET","route":"/api/v1/sitemaps/categories.xml","status":200,"latencyMs":148,"userId":null}
{"ts":"2026-10-06T02:46:39.101Z","msg":"sitemap_generated","partition":"transfers","page":1,"entries":1}
{"ts":"2026-10-06T02:46:39.101Z","requestId":"dd666d49-47aa-4744-8d2d-561cae7f9228","method":"GET","route":"/api/v1/sitemaps/transfers.xml","status":200,"latencyMs":175,"userId":null}
{"ts":"2026-10-06T02:46:39.258Z","msg":"sitemap_generated","partition":"categories","page":1,"entries":0}
{"ts":"2026-10-06T02:46:39.258Z","requestId":"7c7f9f07-a815-4bf5-bd09-a7e31022f1d2","method":"GET","route":"/api/v1/sitemaps/categories.xml","status":200,"latencyMs":139,"userId":null}
{"ts":"2026-10-06T02:47:31.823Z","requestId":"af0ee0dd-e66c-4cc6-88cb-f2fac9007228","method":"GET","route":"/api/v1/matches/live?page=1&limit=12","status":200,"latencyMs":498,"userId":null}
{"ts":"2026-10-06T02:47:31.824Z","requestId":"4d7809fc-7977-42e0-b179-a02f33e9da1a","method":"GET","route":"/api/v1/matches/finished?page=1&limit=12","status":200,"latencyMs":497,"userId":null}
{"ts":"2026-10-06T02:47:31.827Z","requestId":"2c4efea8-3307-4c03-bb1d-c04bf778d2aa","method":"GET","route":"/api/v1/matches/upcoming?page=1&limit=12","status":200,"latencyMs":504,"userId":null}
{"ts":"2026-10-06T02:47:32.288Z","requestId":"dd088f32-b5a1-4222-a013-97e9001f27ea","method":"GET","route":"/api/v1/matches/seed-team-nbu-vs-seed-team-spr-2030-02-01/details","status":200,"latencyMs":960,"userId":null}
{"ts":"2026-10-06T02:47:32.319Z","requestId":"b739de1d-04ae-4b78-bad5-7771bb629150","method":"GET","route":"/api/v1/matches/seed-team-spr-vs-seed-team-wfa-2026-09-13/details","status":200,"latencyMs":989,"userId":null}
{"ts":"2026-10-06T02:47:32.585Z","requestId":"40b4c828-a55e-4d2d-a8d7-d592937ff6b6","method":"GET","route":"/api/v1/matches/seed-team-nbu-vs-seed-team-evc-2026-09-12/details","status":200,"latencyMs":1254,"userId":null}
{"ts":"2026-10-06T02:48:06.304Z","requestId":"4f6b01c0-763d-42e0-8d84-b9d393b71668","method":"GET","route":"/api/v1/matches?page=1&limit=24","status":200,"latencyMs":188,"userId":null}
{"ts":"2026-10-06T02:48:57.070Z","msg":"sitemap_generated","partition":"news","page":1,"entries":0}
{"ts":"2026-10-06T02:48:57.070Z","requestId":"c12d38ec-317a-4b54-a3c6-0b2ea2957e89","method":"GET","route":"/api/v1/sitemaps/news.xml","status":200,"latencyMs":1143,"userId":null}
{"ts":"2026-10-06T02:48:57.296Z","msg":"sitemap_generated","partition":"articles","page":1,"entries":10}
{"ts":"2026-10-06T02:48:57.297Z","requestId":"87071bc3-8c45-418a-8f8c-52beff21ec7d","method":"GET","route":"/api/v1/sitemaps/articles.xml","status":200,"latencyMs":205,"userId":null}
{"ts":"2026-10-06T02:48:57.486Z","msg":"sitemap_generated","partition":"matches","page":1,"entries":3}
{"ts":"2026-10-06T02:48:57.486Z","requestId":"5fca2384-fb40-4d5b-836d-eb56cc43c21c","method":"GET","route":"/api/v1/sitemaps/matches.xml","status":200,"latencyMs":166,"userId":null}
{"ts":"2026-10-06T02:48:57.668Z","msg":"sitemap_generated","partition":"teams","page":1,"entries":4}
{"ts":"2026-10-06T02:48:57.668Z","requestId":"7ba1bc1c-c204-457d-8d1a-0aa00562ddf9","method":"GET","route":"/api/v1/sitemaps/teams.xml","status":200,"latencyMs":164,"userId":null}
{"ts":"2026-10-06T02:48:57.848Z","msg":"sitemap_generated","partition":"players","page":1,"entries":8}
{"ts":"2026-10-06T02:48:57.848Z","requestId":"a182aeb5-6655-43ba-b40d-fb84b1353925","method":"GET","route":"/api/v1/sitemaps/players.xml","status":200,"latencyMs":159,"userId":null}
{"ts":"2026-10-06T02:48:58.030Z","msg":"sitemap_generated","partition":"competitions","page":1,"entries":1}
{"ts":"2026-10-06T02:48:58.031Z","requestId":"7b0ce912-de61-4ebc-b956-eb6cf8124c7e","method":"GET","route":"/api/v1/sitemaps/competitions.xml","status":200,"latencyMs":164,"userId":null}
{"ts":"2026-10-06T02:48:58.831Z","requestId":"a0d98224-f990-4468-9e68-6e315228a35d","method":"GET","route":"/api/v1/matches/live?page=1&limit=6","status":200,"latencyMs":169,"userId":null}
{"ts":"2026-10-06T02:48:58.911Z","requestId":"7728680f-5d20-4ce5-944f-b8ad8dca1463","method":"GET","route":"/api/v1/news/latest?page=1&limit=8","status":200,"latencyMs":215,"userId":null}
{"ts":"2026-10-06T02:48:58.922Z","requestId":"76b380d1-f814-4657-b7a8-d75704f11815","method":"GET","route":"/api/v1/matches/upcoming?page=1&limit=6","status":200,"latencyMs":230,"userId":null}
{"ts":"2026-10-06T02:48:58.924Z","requestId":"9aa2b9f4-8e08-4818-b689-1bca7ae620b0","method":"GET","route":"/api/v1/matches/finished?page=1&limit=6","status":200,"latencyMs":230,"userId":null}
{"ts":"2026-10-06T02:48:58.925Z","requestId":"0b5a2101-b125-47e4-9296-a75860f2a449","method":"GET","route":"/api/v1/news/breaking?page=1&limit=4","status":200,"latencyMs":228,"userId":null}
{"ts":"2026-10-06T02:48:58.927Z","requestId":"03e3cb33-121a-4bda-b81f-08bcc7c71026","method":"GET","route":"/api/v1/news?page=1&limit=4&type=transfer","status":200,"latencyMs":229,"userId":null}
{"ts":"2026-10-06T02:48:59.101Z","requestId":"d17362fb-a15c-4080-b61c-a780070475fe","method":"GET","route":"/api/v1/matches/seed-team-nbu-vs-seed-team-spr-2030-02-01/details","status":200,"latencyMs":400,"userId":null}
{"ts":"2026-10-06T02:48:59.104Z","requestId":"4c4c26a8-af26-4cba-82e5-a0d2b3f50a0d","method":"GET","route":"/api/v1/transfers?page=1&limit=6","status":200,"latencyMs":404,"userId":null}
{"ts":"2026-10-06T02:48:59.637Z","requestId":"563930a7-1655-423e-aaac-57dc0cf05e02","method":"GET","route":"/api/v1/matches/live?page=1&limit=12","status":200,"latencyMs":137,"userId":null}
{"ts":"2026-10-06T02:48:59.640Z","requestId":"e435d7da-2dc7-4a59-8ee6-06099886c7a6","method":"GET","route":"/api/v1/matches/upcoming?page=1&limit=12","status":200,"latencyMs":140,"userId":null}
{"ts":"2026-10-06T02:49:03.738Z","requestId":"4824d076-7ec1-461c-8134-f0a0dd7be42c","method":"GET","route":"/api/v1/matches/seed-team-nbu-vs-seed-team-evc-2026-09-12","status":200,"latencyMs":141,"userId":null}
{"ts":"2026-10-06T02:49:03.920Z","requestId":"b98d0603-631e-41a8-ab24-f96650a2525f","method":"GET","route":"/api/v1/seo/breadcrumbs?type=match&slug=seed-team-nbu-vs-seed-team-evc-2026-09-12","status":200,"latencyMs":321,"userId":null}
{"ts":"2026-10-06T02:49:03.934Z","requestId":"7402731d-21ea-45ec-96f0-0d5d9f7ea3cd","method":"GET","route":"/api/v1/news?page=1&limit=5&match=seed-team-nbu-vs-seed-team-evc-2026-09-12","status":200,"latencyMs":334,"userId":null}
{"ts":"2026-10-06T02:49:03.951Z","msg":"seo_metadata_fallback","entityType":"match","slug":"seed-team-nbu-vs-seed-team-evc-2026-09-12"}
{"ts":"2026-10-06T02:49:03.951Z","requestId":"75b46be2-7792-4c7a-9a21-70b4812d3e1d","method":"GET","route":"/api/v1/seo/metadata?type=match&slug=seed-team-nbu-vs-seed-team-evc-2026-09-12","status":200,"latencyMs":350,"userId":null}
{"ts":"2026-10-06T02:49:04.377Z","requestId":"b612f144-371d-4e3a-98e2-de381c49fbee","method":"GET","route":"/api/v1/seo/structured?type=match&slug=seed-team-nbu-vs-seed-team-evc-2026-09-12","status":200,"latencyMs":779,"userId":null}
{"ts":"2026-10-06T02:49:04.625Z","requestId":"2e0a4015-4363-4996-9814-d105fc4adba5","method":"GET","route":"/api/v1/matches/seed-team-nbu-vs-seed-team-spr-2030-02-01","status":200,"latencyMs":159,"userId":null}
{"ts":"2026-10-06T02:49:04.747Z","requestId":"101e2f4e-5c83-43e2-96d2-e2052d2f652a","method":"GET","route":"/api/v1/seo/breadcrumbs?type=match&slug=seed-team-nbu-vs-seed-team-spr-2030-02-01","status":200,"latencyMs":282,"userId":null}
{"ts":"2026-10-06T02:49:04.771Z","requestId":"c5bc102c-7d72-40a4-a525-86403f1e7133","method":"GET","route":"/api/v1/news?page=1&limit=5&match=seed-team-nbu-vs-seed-team-spr-2030-02-01","status":200,"latencyMs":307,"userId":null}
{"ts":"2026-10-06T02:49:04.777Z","msg":"seo_metadata_fallback","entityType":"match","slug":"seed-team-nbu-vs-seed-team-spr-2030-02-01"}
{"ts":"2026-10-06T02:49:04.777Z","requestId":"e4b41d7c-8e2e-4694-a9a7-c56567506783","method":"GET","route":"/api/v1/seo/metadata?type=match&slug=seed-team-nbu-vs-seed-team-spr-2030-02-01","status":200,"latencyMs":309,"userId":null}
{"ts":"2026-10-06T02:49:05.208Z","requestId":"1c924f9f-dbd6-4401-93de-f846bf1f2f28","method":"GET","route":"/api/v1/seo/structured?type=match&slug=seed-team-nbu-vs-seed-team-spr-2030-02-01","status":200,"latencyMs":741,"userId":null}
{"ts":"2026-10-06T02:49:05.411Z","requestId":"75011e79-d173-497e-bdb0-b33980be84a0","method":"GET","route":"/api/v1/matches/seed-team-spr-vs-seed-team-wfa-2026-09-13","status":200,"latencyMs":144,"userId":null}
{"ts":"2026-10-06T02:49:05.559Z","requestId":"65ef5b99-0942-4d1a-bcd8-3e1774e14fa8","method":"GET","route":"/api/v1/news?page=1&limit=5&match=seed-team-spr-vs-seed-team-wfa-2026-09-13","status":200,"latencyMs":291,"userId":null}
{"ts":"2026-10-06T02:49:05.568Z","msg":"seo_metadata_fallback","entityType":"match","slug":"seed-team-spr-vs-seed-team-wfa-2026-09-13"}
{"ts":"2026-10-06T02:49:05.569Z","requestId":"7682922b-a5e0-423c-89f5-3b454eafef87","method":"GET","route":"/api/v1/seo/metadata?type=match&slug=seed-team-spr-vs-seed-team-wfa-2026-09-13","status":200,"latencyMs":301,"userId":null}
{"ts":"2026-10-06T02:49:05.582Z","requestId":"7057bacd-845d-4a54-9cc9-f81a775495b2","method":"GET","route":"/api/v1/seo/breadcrumbs?type=match&slug=seed-team-spr-vs-seed-team-wfa-2026-09-13","status":200,"latencyMs":315,"userId":null}
{"ts":"2026-10-06T02:49:05.991Z","requestId":"7976ee79-a6ce-4af9-b90d-135034dd3a2c","method":"GET","route":"/api/v1/seo/structured?type=match&slug=seed-team-spr-vs-seed-team-wfa-2026-09-13","status":200,"latencyMs":723,"userId":null}
{"ts":"2026-10-06T02:49:11.018Z","msg":"search","q":"test","type":"all","durationMs":339,"results":0,"zeroResult":true}
{"ts":"2026-10-06T02:49:11.018Z","requestId":"785fec1e-8641-4ee8-bc29-36528da0ea22","method":"GET","route":"/api/v1/search?page=1&limit=10&q=test","status":200,"latencyMs":340,"userId":null}
