
> football-api@1.0.0 dev
> tsx --env-file=.env src/server.ts

{"ts":"2026-10-08T05:22:36.568Z","msg":"football-api listening","port":4000,"env":"development"}
{"ts":"2026-10-08T05:22:36.569Z","msg":"WARNING: ADMIN_BYPASS_AUTH is active - every /api/v1/admin/* request is granted super_admin without authentication","env":"development"}
{"ts":"2026-10-08T05:22:47.205Z","requestId":"ae562a8f-0aa3-4f0a-a156-91648d4d9cd3","method":"GET","route":"/api/v1/health","status":200,"latencyMs":5,"userId":null}
{"ts":"2026-10-08T05:22:57.048Z","requestId":"aa9bc2d6-3d58-42fa-a638-71a7519bf53d","method":"GET","route":"/api/v1/news/latest?limit=8","status":200,"latencyMs":1346,"userId":null}
{"ts":"2026-10-08T05:22:57.245Z","requestId":"ca68b86a-32a3-419a-a033-dbfb9152f688","method":"GET","route":"/api/v1/news/latest?limit=8","status":200,"latencyMs":166,"userId":null}
{"ts":"2026-10-08T05:22:57.423Z","requestId":"d9bcbd65-892d-4c3d-ac8e-47ad95e783c5","method":"GET","route":"/api/v1/news/latest?limit=8","status":200,"latencyMs":160,"userId":null}
{"ts":"2026-10-08T05:22:57.604Z","requestId":"1bcfa9a1-41eb-4454-8cb5-1cb3ae6c86f7","method":"GET","route":"/api/v1/news/breaking?limit=4","status":200,"latencyMs":162,"userId":null}
{"ts":"2026-10-08T05:22:57.776Z","requestId":"c0b61835-1b73-4b96-b5fb-42da7bf01008","method":"GET","route":"/api/v1/news/breaking?limit=4","status":200,"latencyMs":160,"userId":null}
{"ts":"2026-10-08T05:22:57.945Z","requestId":"15a3cd23-4f6b-4d3a-a36f-39f1e8a102fb","method":"GET","route":"/api/v1/news/breaking?limit=4","status":200,"latencyMs":157,"userId":null}
{"ts":"2026-10-08T05:22:58.131Z","requestId":"6e69134f-165a-46c5-8552-33babb0e7564","method":"GET","route":"/api/v1/matches/live?limit=6","status":200,"latencyMs":173,"userId":null}
{"ts":"2026-10-08T05:22:58.305Z","requestId":"c57bdb8e-84da-4965-aeea-f6d8f92dd757","method":"GET","route":"/api/v1/matches/live?limit=6","status":200,"latencyMs":160,"userId":null}
{"ts":"2026-10-08T05:22:58.458Z","requestId":"e2ed5ccc-aecb-4518-a1ae-2905b8f35138","method":"GET","route":"/api/v1/matches/live?limit=6","status":200,"latencyMs":141,"userId":null}
{"ts":"2026-10-08T05:22:58.614Z","requestId":"decbe29b-abe8-4c3d-87ca-9cae0469e50e","method":"GET","route":"/api/v1/matches/upcoming?limit=6","status":200,"latencyMs":143,"userId":null}
{"ts":"2026-10-08T05:22:58.766Z","requestId":"cb05e599-6f74-45bc-8ecb-773b57f7f2d9","method":"GET","route":"/api/v1/matches/upcoming?limit=6","status":200,"latencyMs":139,"userId":null}
{"ts":"2026-10-08T05:22:58.921Z","requestId":"62556e41-e8ba-4c59-a256-a68088b02f1f","method":"GET","route":"/api/v1/matches/upcoming?limit=6","status":200,"latencyMs":142,"userId":null}
{"ts":"2026-10-08T05:22:59.075Z","requestId":"6817081e-ae32-45f4-83e1-a621401205a8","method":"GET","route":"/api/v1/matches/finished?limit=6","status":200,"latencyMs":141,"userId":null}
{"ts":"2026-10-08T05:22:59.227Z","requestId":"c897d192-702a-48b2-bd13-5bc85facc379","method":"GET","route":"/api/v1/matches/finished?limit=6","status":200,"latencyMs":139,"userId":null}
{"ts":"2026-10-08T05:22:59.379Z","requestId":"815a06b1-30bf-49fd-81f2-09522e528eee","method":"GET","route":"/api/v1/matches/finished?limit=6","status":200,"latencyMs":139,"userId":null}
{"ts":"2026-10-08T05:22:59.532Z","requestId":"88b3b30e-888d-47fb-a1db-4191c2cc2845","method":"GET","route":"/api/v1/news?limit=100","status":200,"latencyMs":139,"userId":null}
{"ts":"2026-10-08T05:22:59.691Z","requestId":"a1ab4540-ec8f-4208-a7a4-e5753868450d","method":"GET","route":"/api/v1/news?limit=100","status":200,"latencyMs":140,"userId":null}
{"ts":"2026-10-08T05:22:59.848Z","requestId":"4fd78ac4-a442-49af-aa16-85f636fa36e6","method":"GET","route":"/api/v1/news?limit=100","status":200,"latencyMs":137,"userId":null}
{"ts":"2026-10-08T05:23:00.010Z","requestId":"4f669c9c-f72f-40a4-9c2c-ad2281090b15","method":"GET","route":"/api/v1/teams?active=true&limit=8","status":200,"latencyMs":144,"userId":null}
{"ts":"2026-10-08T05:23:00.165Z","requestId":"b0c89bdc-4642-4732-b573-a83e3c755b1b","method":"GET","route":"/api/v1/teams?active=true&limit=8","status":200,"latencyMs":143,"userId":null}
{"ts":"2026-10-08T05:23:00.315Z","requestId":"90774e3d-13d1-4cc9-86cd-3315894cfbcd","method":"GET","route":"/api/v1/teams?active=true&limit=8","status":200,"latencyMs":137,"userId":null}
{"ts":"2026-10-08T05:23:00.473Z","requestId":"bd822678-e3fd-4f77-af08-631830b6098e","method":"GET","route":"/api/v1/players?limit=8","status":200,"latencyMs":146,"userId":null}
{"ts":"2026-10-08T05:23:00.624Z","requestId":"4d4a924e-142d-4d2b-9f29-9d17ea154f4b","method":"GET","route":"/api/v1/players?limit=8","status":200,"latencyMs":138,"userId":null}
{"ts":"2026-10-08T05:23:00.776Z","requestId":"e4ae72ed-1311-4efb-87ea-53e9d159326f","method":"GET","route":"/api/v1/players?limit=8","status":200,"latencyMs":139,"userId":null}
{"ts":"2026-10-08T05:23:00.931Z","requestId":"cb257ab9-568e-473c-a4a9-808c753d87b1","method":"GET","route":"/api/v1/competitions?active=true&limit=6","status":200,"latencyMs":142,"userId":null}
{"ts":"2026-10-08T05:23:01.109Z","requestId":"bfa7b6d3-4a75-4fee-aad1-fbf83cc30738","method":"GET","route":"/api/v1/competitions?active=true&limit=6","status":200,"latencyMs":166,"userId":null}
{"ts":"2026-10-08T05:23:01.258Z","requestId":"8cdfbaf3-bbd0-4f48-81a6-41b6feccacd4","method":"GET","route":"/api/v1/competitions?active=true&limit=6","status":200,"latencyMs":137,"userId":null}
{"ts":"2026-10-08T05:23:01.849Z","requestId":"a266f460-a15f-4f34-8bac-fdeafeae6e6e","method":"GET","route":"/api/v1/transfers?limit=6","status":200,"latencyMs":577,"userId":null}
{"ts":"2026-10-08T05:23:02.140Z","requestId":"6f33afb9-082e-4e0c-9f49-b2c259ee2014","method":"GET","route":"/api/v1/transfers?limit=6","status":200,"latencyMs":281,"userId":null}
{"ts":"2026-10-08T05:23:02.441Z","requestId":"60fdb0ea-41d8-4f59-963c-d5ada111dba0","method":"GET","route":"/api/v1/transfers?limit=6","status":200,"latencyMs":291,"userId":null}
{"ts":"2026-10-08T05:23:03.149Z","msg":"search","q":"united","type":"all","durationMs":698,"results":4,"zeroResult":false}
{"ts":"2026-10-08T05:23:03.149Z","requestId":"c383de70-4ad8-40d3-a0cc-5e0985a69163","method":"GET","route":"/api/v1/search?q=united","status":200,"latencyMs":699,"userId":null}
{"ts":"2026-10-08T05:23:03.588Z","msg":"search","q":"united","type":"all","durationMs":429,"results":4,"zeroResult":false}
{"ts":"2026-10-08T05:23:03.588Z","requestId":"ca33d549-a9ec-4508-ab39-a415dbc7c310","method":"GET","route":"/api/v1/search?q=united","status":200,"latencyMs":429,"userId":null}
{"ts":"2026-10-08T05:23:04.019Z","msg":"search","q":"united","type":"all","durationMs":422,"results":4,"zeroResult":false}
{"ts":"2026-10-08T05:23:04.019Z","requestId":"a6904390-ff7f-4bcc-9cff-afbbf1142f96","method":"GET","route":"/api/v1/search?q=united","status":200,"latencyMs":422,"userId":null}
{"ts":"2026-10-08T05:23:04.672Z","msg":"sitemap_index_generated","partitions":10}
{"ts":"2026-10-08T05:23:04.673Z","requestId":"24ecf12d-4e2e-4364-83c2-6f6b0217930d","method":"GET","route":"/api/v1/sitemap.xml","status":200,"latencyMs":644,"userId":null}
{"ts":"2026-10-08T05:23:04.849Z","msg":"sitemap_index_generated","partitions":10}
{"ts":"2026-10-08T05:23:04.849Z","requestId":"4bb3e664-5c5b-411c-b321-fc75ac66bbf6","method":"GET","route":"/api/v1/sitemap.xml","status":200,"latencyMs":167,"userId":null}
{"ts":"2026-10-08T05:23:05.027Z","msg":"sitemap_index_generated","partitions":10}
{"ts":"2026-10-08T05:23:05.028Z","requestId":"215a0ed3-2d03-4249-bb31-a2eed59187eb","method":"GET","route":"/api/v1/sitemap.xml","status":200,"latencyMs":169,"userId":null}
{"ts":"2026-10-08T05:23:15.673Z","requestId":"39a467a5-d2eb-4781-8fcf-b4321c510295","method":"GET","route":"/api/v1/matches/upcoming?limit=1","status":200,"latencyMs":184,"userId":null}
{"ts":"2026-10-08T05:23:15.876Z","requestId":"0bbe88ec-dd27-4879-84d1-b74147eee35f","method":"GET","route":"/api/v1/teams?limit=1","status":200,"latencyMs":137,"userId":null}
{"ts":"2026-10-08T05:23:16.034Z","requestId":"e238ec78-11c4-4473-aaaf-22533794d9c0","method":"GET","route":"/api/v1/players?limit=1","status":200,"latencyMs":145,"userId":null}
{"ts":"2026-10-08T05:23:16.187Z","requestId":"9f2f3c02-f773-4a40-823d-b296d2056ff2","method":"GET","route":"/api/v1/news/latest?limit=1","status":200,"latencyMs":139,"userId":null}
{"ts":"2026-10-08T05:23:16.336Z","requestId":"01bec2f8-63e6-43ba-bb50-bbb1befe4f6a","method":"GET","route":"/api/v1/competitions?limit=1","status":200,"latencyMs":135,"userId":null}
{"ts":"2026-10-08T05:23:25.637Z","requestId":"1806c36e-d801-4809-a0f9-09ac31bcc8af","method":"GET","route":"/api/v1/matches/seed-team-nbu-vs-seed-team-spr-2030-02-01/details","status":200,"latencyMs":365,"userId":null}
{"ts":"2026-10-08T05:23:25.951Z","requestId":"5d101d77-1990-4333-a39f-b4e4757f2be5","method":"GET","route":"/api/v1/matches/seed-team-nbu-vs-seed-team-spr-2030-02-01/details","status":200,"latencyMs":291,"userId":null}
{"ts":"2026-10-08T05:23:26.263Z","requestId":"56217885-eace-4fec-94ec-ae7c84a6917e","method":"GET","route":"/api/v1/matches/seed-team-nbu-vs-seed-team-spr-2030-02-01/details","status":200,"latencyMs":300,"userId":null}
{"ts":"2026-10-08T05:23:26.721Z","requestId":"fb4fec45-8aff-4f35-ae6b-668ade1f28d7","method":"GET","route":"/api/v1/teams/evc/details","status":200,"latencyMs":443,"userId":null}
{"ts":"2026-10-08T05:23:27.179Z","requestId":"02977416-6916-456b-adbc-65994c3eddae","method":"GET","route":"/api/v1/teams/evc/details","status":200,"latencyMs":440,"userId":null}
{"ts":"2026-10-08T05:23:27.624Z","requestId":"7c7b8f6d-a1ed-4749-8978-d7c8d6f1dbed","method":"GET","route":"/api/v1/teams/evc/details","status":200,"latencyMs":427,"userId":null}
{"ts":"2026-10-08T05:23:28.073Z","requestId":"e0c8fd34-a184-4524-888c-1639e59e32ec","method":"GET","route":"/api/v1/players/carlos-mendez/details","status":200,"latencyMs":429,"userId":null}
{"ts":"2026-10-08T05:23:28.516Z","requestId":"6a196ebd-268c-4f7e-807b-458dd41f4033","method":"GET","route":"/api/v1/players/carlos-mendez/details","status":200,"latencyMs":430,"userId":null}
{"ts":"2026-10-08T05:23:28.946Z","requestId":"8f04b84c-dfd4-4091-a2d6-dd6872b6048f","method":"GET","route":"/api/v1/players/carlos-mendez/details","status":200,"latencyMs":417,"userId":null}
{"ts":"2026-10-08T05:23:29.399Z","requestId":"bdbf8ec3-1402-4ba6-8097-31cfc8ad3685","method":"GET","route":"/api/v1/competitions/premier-league/details","status":200,"latencyMs":440,"userId":null}
{"ts":"2026-10-08T05:23:29.841Z","requestId":"e97db786-bf92-44e3-99e3-5c8e35d748d9","method":"GET","route":"/api/v1/competitions/premier-league/details","status":200,"latencyMs":424,"userId":null}
{"ts":"2026-10-08T05:23:30.286Z","requestId":"929b641c-9598-4036-8e97-1ca685722633","method":"GET","route":"/api/v1/competitions/premier-league/details","status":200,"latencyMs":426,"userId":null}
{"ts":"2026-10-08T05:23:30.448Z","requestId":"ebaa1cca-25a8-4f92-a6c2-f242509a39e9","method":"GET","route":"/api/v1/news/northbridge-thornton-seizes-leadership","status":200,"latencyMs":144,"userId":null}
{"ts":"2026-10-08T05:23:30.608Z","requestId":"14f9d35d-facb-4049-9abd-e3076ffb42a6","method":"GET","route":"/api/v1/news/northbridge-thornton-seizes-leadership","status":200,"latencyMs":148,"userId":null}
{"ts":"2026-10-08T05:23:30.757Z","requestId":"186079bf-5780-4559-9d01-1d533857e2ee","method":"GET","route":"/api/v1/news/northbridge-thornton-seizes-leadership","status":200,"latencyMs":136,"userId":null}
{"ts":"2026-10-08T05:23:31.351Z","requestId":"69c8f83d-c0f3-4010-8372-52dc59041663","method":"GET","route":"/api/v1/seo/metadata?type=news&slug=northbridge-thornton-seizes-leadership","status":200,"latencyMs":581,"userId":null}
{"ts":"2026-10-08T05:23:31.935Z","requestId":"a5dfeb9f-0a47-47ab-99a8-6ca2f4518433","method":"GET","route":"/api/v1/seo/metadata?type=news&slug=northbridge-thornton-seizes-leadership","status":200,"latencyMs":571,"userId":null}
{"ts":"2026-10-08T05:23:32.523Z","requestId":"7ec32b00-b6d8-4c99-a9f5-cba730508a71","method":"GET","route":"/api/v1/seo/metadata?type=news&slug=northbridge-thornton-seizes-leadership","status":200,"latencyMs":575,"userId":null}
{"ts":"2026-10-08T05:23:33.664Z","requestId":"c4942041-c81f-485d-82fb-6256d1b4fc80","method":"GET","route":"/api/v1/seo/related?type=news&slug=northbridge-thornton-seizes-leadership","status":200,"latencyMs":1128,"userId":null}
{"ts":"2026-10-08T05:23:34.808Z","requestId":"e6d69bfa-1ad9-4ff9-8703-735723a57d55","method":"GET","route":"/api/v1/seo/related?type=news&slug=northbridge-thornton-seizes-leadership","status":200,"latencyMs":1129,"userId":null}
{"ts":"2026-10-08T05:23:35.957Z","requestId":"16793000-4a96-4cb1-9796-92bd0990660f","method":"GET","route":"/api/v1/seo/related?type=news&slug=northbridge-thornton-seizes-leadership","status":200,"latencyMs":1137,"userId":null}
{"ts":"2026-10-08T05:23:36.680Z","requestId":"2762736f-7984-4cd3-9650-86a2baf8ac22","method":"GET","route":"/api/v1/seo/structured?type=match&slug=seed-team-nbu-vs-seed-team-spr-2030-02-01","status":200,"latencyMs":711,"userId":null}
{"ts":"2026-10-08T05:23:37.402Z","requestId":"906d5431-b44d-4394-8490-69461efb93c6","method":"GET","route":"/api/v1/seo/structured?type=match&slug=seed-team-nbu-vs-seed-team-spr-2030-02-01","status":200,"latencyMs":709,"userId":null}
{"ts":"2026-10-08T05:23:38.136Z","requestId":"e7c8d0c4-7661-4bbd-94ab-4f9ba929fea8","method":"GET","route":"/api/v1/seo/structured?type=match&slug=seed-team-nbu-vs-seed-team-spr-2030-02-01","status":200,"latencyMs":721,"userId":null}
{"ts":"2026-10-08T05:23:38.297Z","requestId":"4b7d3e53-32b1-40be-bc07-11b6735da3d9","method":"GET","route":"/api/v1/seo/redirect?path=/news/old-slug","status":200,"latencyMs":148,"userId":null}
{"ts":"2026-10-08T05:23:38.455Z","requestId":"a133154e-3d05-422d-a2cc-2d31d33ef474","method":"GET","route":"/api/v1/seo/redirect?path=/news/old-slug","status":200,"latencyMs":145,"userId":null}
{"ts":"2026-10-08T05:23:38.614Z","requestId":"51d34077-221f-4ac2-99bc-bca1968ba59a","method":"GET","route":"/api/v1/seo/redirect?path=/news/old-slug","status":200,"latencyMs":147,"userId":null}
{"ts":"2026-10-08T05:24:51.758Z","requestId":"980ea9a4-487b-4a8c-b3c8-19c6b5b3f02a","method":"GET","route":"/api/v1/news/breaking?page=1&limit=4","status":200,"latencyMs":307,"userId":null}
{"ts":"2026-10-08T05:24:51.759Z","requestId":"59fd6e30-3e9c-4a39-8eb9-afed17d36ad6","method":"GET","route":"/api/v1/competitions?page=1&limit=6&active=true","status":200,"latencyMs":307,"userId":null}
{"ts":"2026-10-08T05:24:51.760Z","requestId":"cf27ef8b-bdc1-47e3-817e-d2d486e0e72d","method":"GET","route":"/api/v1/teams?page=1&limit=8&active=true","status":200,"latencyMs":307,"userId":null}
{"ts":"2026-10-08T05:24:51.761Z","requestId":"948a119a-b7af-4631-9285-7888e2943ecb","method":"GET","route":"/api/v1/news/latest?page=1&limit=8","status":200,"latencyMs":318,"userId":null}
{"ts":"2026-10-08T05:24:51.762Z","requestId":"3bc63cd1-62bb-47cc-94c4-aa775cd618b6","method":"GET","route":"/api/v1/news?page=1&limit=4&type=transfer","status":200,"latencyMs":313,"userId":null}
{"ts":"2026-10-08T05:24:51.763Z","requestId":"5de9ffa9-3c77-4a35-9369-9ab8dfa71eaa","method":"GET","route":"/api/v1/matches/finished?page=1&limit=6","status":200,"latencyMs":317,"userId":null}
{"ts":"2026-10-08T05:24:51.763Z","requestId":"93d05f11-93c2-4361-b66a-ee110375b0f6","method":"GET","route":"/api/v1/matches/upcoming?page=1&limit=6","status":200,"latencyMs":315,"userId":null}
{"ts":"2026-10-08T05:24:51.771Z","requestId":"5a0f5d1f-1604-49f2-9f2a-e8295018022b","method":"GET","route":"/api/v1/matches/live?page=1&limit=6","status":200,"latencyMs":321,"userId":null}
{"ts":"2026-10-08T05:24:51.771Z","requestId":"8a301bf5-6c21-4bdc-ad00-1a77aac539cb","method":"GET","route":"/api/v1/players?page=1&limit=8","status":200,"latencyMs":318,"userId":null}
{"ts":"2026-10-08T05:24:51.889Z","requestId":"3fca286e-25f7-4b23-8de6-f58de48e20aa","method":"GET","route":"/api/v1/news/latest?page=1&limit=8","status":200,"latencyMs":200,"userId":null}
{"ts":"2026-10-08T05:24:51.895Z","requestId":"f16f2a94-17db-472a-bf0b-c392675210c2","method":"GET","route":"/api/v1/players?page=1&limit=8","status":200,"latencyMs":202,"userId":null}
{"ts":"2026-10-08T05:24:51.897Z","requestId":"38013e9c-e11a-4fdb-a062-01b69b2535b9","method":"GET","route":"/api/v1/matches/upcoming?page=1&limit=6","status":200,"latencyMs":210,"userId":null}
{"ts":"2026-10-08T05:24:51.899Z","requestId":"5c4f4303-2bb5-479e-9017-1a14d511b716","method":"GET","route":"/api/v1/news?page=1&limit=4&type=transfer","status":200,"latencyMs":208,"userId":null}
{"ts":"2026-10-08T05:24:51.903Z","requestId":"9dd42bfc-7221-491a-8e5c-b654bb49ec93","method":"GET","route":"/api/v1/teams?page=1&limit=8&active=true","status":200,"latencyMs":211,"userId":null}
{"ts":"2026-10-08T05:24:51.903Z","requestId":"46953088-74a8-4323-9f17-2980004cf0b3","method":"GET","route":"/api/v1/matches/finished?page=1&limit=6","status":200,"latencyMs":215,"userId":null}
{"ts":"2026-10-08T05:24:51.907Z","requestId":"a85692d5-65dc-4eff-a5c8-975653817956","method":"GET","route":"/api/v1/competitions?page=1&limit=6&active=true","status":200,"latencyMs":215,"userId":null}
{"ts":"2026-10-08T05:24:52.312Z","requestId":"c2d7cbc8-ec49-49ca-8402-c319b9fddd1e","method":"GET","route":"/api/v1/news/breaking?page=1&limit=4","status":200,"latencyMs":622,"userId":null}
{"ts":"2026-10-08T05:24:52.355Z","requestId":"b5c9c03d-d9e0-46e2-ab04-348469e7e30e","method":"GET","route":"/api/v1/news?page=1&limit=100","status":200,"latencyMs":645,"userId":null}
{"ts":"2026-10-08T05:24:52.362Z","requestId":"0c33121d-9243-4822-9676-8ba24ca93b82","method":"GET","route":"/api/v1/transfers?page=1&limit=6","status":200,"latencyMs":908,"userId":null}
{"ts":"2026-10-08T05:24:52.387Z","requestId":"d70e2d61-8349-43de-95ae-519981e22c7a","method":"GET","route":"/api/v1/tags?page=1&limit=50","status":200,"latencyMs":675,"userId":null}
{"ts":"2026-10-08T05:24:52.388Z","requestId":"f62a919f-9e31-4545-8257-f154b0e49d13","method":"GET","route":"/api/v1/categories?page=1&limit=50","status":200,"latencyMs":674,"userId":null}
{"ts":"2026-10-08T05:24:52.389Z","requestId":"8e83c9c3-09be-49c6-93d7-e4605f913b54","method":"GET","route":"/api/v1/transfers?page=1&limit=6","status":200,"latencyMs":695,"userId":null}
{"ts":"2026-10-08T05:24:52.392Z","requestId":"1fdb3e87-e063-4fb9-bbbe-dd1fb93aaaa7","method":"GET","route":"/api/v1/matches/live?page=1&limit=6","status":200,"latencyMs":706,"userId":null}
{"ts":"2026-10-08T05:24:52.424Z","requestId":"f7bbe12c-09e2-428b-9501-a10f790e7c8c","method":"GET","route":"/api/v1/matches/seed-team-nbu-vs-seed-team-spr-2030-02-01/details","status":200,"latencyMs":719,"userId":null}
{"ts":"2026-10-08T05:24:52.429Z","requestId":"1009fe9a-c940-4dba-8ed7-6efcc6d7b791","method":"GET","route":"/api/v1/matches/seed-team-spr-vs-seed-team-wfa-2026-09-13/details","status":200,"latencyMs":727,"userId":null}
{"ts":"2026-10-08T05:24:52.535Z","requestId":"e3a16fba-4953-47a1-9f71-9c3630258fff","method":"GET","route":"/api/v1/matches/seed-team-spr-vs-seed-team-wfa-2026-09-13/details","status":200,"latencyMs":749,"userId":null}
{"ts":"2026-10-08T05:24:52.555Z","requestId":"d528a423-d4b5-41de-8929-2a47d76138ad","method":"GET","route":"/api/v1/matches/seed-team-nbu-vs-seed-team-spr-2030-02-01/details","status":200,"latencyMs":767,"userId":null}
{"ts":"2026-10-08T05:24:52.707Z","requestId":"4c418091-8bfa-4b27-8b40-c74e78b69e3e","method":"GET","route":"/api/v1/matches/seed-team-nbu-vs-seed-team-evc-2026-09-12/details","status":200,"latencyMs":1004,"userId":null}
{"ts":"2026-10-08T05:24:52.744Z","requestId":"c1cdc5f1-66a8-4574-a17a-422d3635ca87","method":"GET","route":"/api/v1/matches/seed-team-nbu-vs-seed-team-spr-2030-02-01/details","status":200,"latencyMs":318,"userId":null}
{"ts":"2026-10-08T05:24:52.761Z","requestId":"6ae1bbd4-38d6-43ce-953d-83332fa188a3","method":"GET","route":"/api/v1/matches/seed-team-spr-vs-seed-team-wfa-2026-09-13/details","status":200,"latencyMs":335,"userId":null}
{"ts":"2026-10-08T05:24:52.897Z","requestId":"d0b475a9-8519-4dd5-9251-b3c6e8dd600e","method":"GET","route":"/api/v1/matches/seed-team-nbu-vs-seed-team-evc-2026-09-12/details","status":200,"latencyMs":1110,"userId":null}
{"ts":"2026-10-08T05:24:53.036Z","requestId":"a243429c-ed20-43f3-9e84-dc14024f9198","method":"GET","route":"/api/v1/matches/seed-team-nbu-vs-seed-team-evc-2026-09-12/details","status":200,"latencyMs":609,"userId":null}
{"ts":"2026-10-08T05:24:53.441Z","requestId":"be0cf033-68fb-46cb-a577-7864e0ef7265","method":"GET","route":"/api/v1/matches/upcoming?page=1&limit=12","status":200,"latencyMs":140,"userId":null}
{"ts":"2026-10-08T05:24:53.444Z","requestId":"a20df239-4e79-4d71-8cd1-bf3fc1ca7db8","method":"GET","route":"/api/v1/matches/finished?page=1&limit=12","status":200,"latencyMs":141,"userId":null}
{"ts":"2026-10-08T05:24:53.448Z","requestId":"bc975672-4014-41f8-a808-598e864993ad","method":"GET","route":"/api/v1/matches/live?page=1&limit=12","status":200,"latencyMs":146,"userId":null}
{"ts":"2026-10-08T05:24:53.568Z","requestId":"95f2157f-61ee-4f8d-aae2-c22527cdb67c","method":"GET","route":"/api/v1/matches/upcoming?page=1&limit=12","status":200,"latencyMs":139,"userId":null}
{"ts":"2026-10-08T05:24:53.570Z","requestId":"a8efe4d8-44cf-4be9-bd57-59ed855cf7f3","method":"GET","route":"/api/v1/matches/live?page=1&limit=12","status":200,"latencyMs":142,"userId":null}
{"ts":"2026-10-08T05:24:53.724Z","requestId":"66a149be-2102-47e4-b617-83c306533649","method":"GET","route":"/api/v1/teams?page=1&limit=24&active=true","status":200,"latencyMs":159,"userId":null}
{"ts":"2026-10-08T05:24:54.136Z","requestId":"9565bdd5-a076-4118-bd05-2b27b41df9a5","method":"GET","route":"/api/v1/players?page=1&limit=24","status":200,"latencyMs":146,"userId":null}
{"ts":"2026-10-08T05:24:54.265Z","requestId":"aa5b8c25-335e-48b2-be4e-e4c514c8d069","method":"GET","route":"/api/v1/players?page=1&limit=24","status":200,"latencyMs":164,"userId":null}
{"ts":"2026-10-08T05:24:54.555Z","requestId":"ddc611b4-696d-4bce-b039-11ff036ffd71","method":"GET","route":"/api/v1/competitions?page=1&limit=24&active=true","status":200,"latencyMs":139,"userId":null}
{"ts":"2026-10-08T05:24:55.070Z","requestId":"13985900-7ee8-4905-b22f-c27215a3a5fb","method":"GET","route":"/api/v1/transfers?page=1&limit=20&sort=desc&sortField=effective_date","status":200,"latencyMs":273,"userId":null}
{"ts":"2026-10-08T05:24:55.169Z","requestId":"04f56480-b05c-49a6-bd9c-cca0f45ef1fb","method":"GET","route":"/api/v1/transfers?page=1&limit=20&sort=desc&sortField=effective_date","status":200,"latencyMs":279,"userId":null}
{"ts":"2026-10-08T05:24:55.449Z","requestId":"d2bc9d8f-28da-45e8-a8fc-1fdaf2d6c78b","method":"GET","route":"/api/v1/news/northbridge-thornton-seizes-leadership","status":200,"latencyMs":135,"userId":null}
{"ts":"2026-10-08T05:24:56.450Z","requestId":"053507e5-b309-4bb7-80f7-0c40ebfac571","method":"GET","route":"/api/v1/seo/related?limit=6&type=news&slug=northbridge-thornton-seizes-leadership","status":200,"latencyMs":1135,"userId":null}
{"ts":"2026-10-08T05:24:56.860Z","requestId":"6047547f-c429-43cc-9012-eedbc9c33608","method":"GET","route":"/api/v1/matches/seed-team-nbu-vs-seed-team-spr-2030-02-01","status":200,"latencyMs":155,"userId":null}
{"ts":"2026-10-08T05:24:57.006Z","msg":"seo_metadata_fallback","entityType":"match","slug":"seed-team-nbu-vs-seed-team-spr-2030-02-01"}
{"ts":"2026-10-08T05:24:57.007Z","requestId":"55b9e905-e73d-478d-9abe-4e23560f45eb","method":"GET","route":"/api/v1/seo/metadata?type=match&slug=seed-team-nbu-vs-seed-team-spr-2030-02-01","status":200,"latencyMs":293,"userId":null}
{"ts":"2026-10-08T05:24:57.007Z","requestId":"14577db4-a122-4b0b-8dc4-4956a1f9d472","method":"GET","route":"/api/v1/news?page=1&limit=5&match=seed-team-nbu-vs-seed-team-spr-2030-02-01","status":200,"latencyMs":301,"userId":null}
{"ts":"2026-10-08T05:24:57.036Z","requestId":"bddbcd89-161a-4ecc-854f-db2df9ad2e7b","method":"GET","route":"/api/v1/seo/breadcrumbs?type=match&slug=seed-team-nbu-vs-seed-team-spr-2030-02-01","status":200,"latencyMs":323,"userId":null}
{"ts":"2026-10-08T05:24:57.447Z","requestId":"0c6a0ba3-1eae-4d3a-ac23-59fee4b39514","method":"GET","route":"/api/v1/seo/structured?type=match&slug=seed-team-nbu-vs-seed-team-spr-2030-02-01","status":200,"latencyMs":735,"userId":null}
{"ts":"2026-10-08T05:24:58.150Z","requestId":"4ee4040c-49ed-4fc2-915c-a0a86de60e75","method":"GET","route":"/api/v1/teams/evc/details","status":200,"latencyMs":438,"userId":null}
{"ts":"2026-10-08T05:24:58.833Z","requestId":"2d0e4d49-1d2a-4699-9f73-0113a416fb8e","method":"GET","route":"/api/v1/players/carlos-mendez/details","status":200,"latencyMs":424,"userId":null}
{"ts":"2026-10-08T05:24:59.586Z","requestId":"4e75c28e-6a14-44f2-9f11-1ca09995695a","method":"GET","route":"/api/v1/competitions/premier-league/details","status":200,"latencyMs":431,"userId":null}
{"ts":"2026-10-08T05:25:00.300Z","msg":"search","q":"united","type":"all","durationMs":428,"results":4,"zeroResult":false}
{"ts":"2026-10-08T05:25:00.300Z","requestId":"6f3d01e2-8537-4bbf-901c-d7c2dd5480fa","method":"GET","route":"/api/v1/search?page=1&limit=10&q=united","status":200,"latencyMs":428,"userId":null}
{"ts":"2026-10-08T05:25:58.810Z","requestId":"c1e21ef7-cc06-4aa2-ac2d-6783359a1112","method":"GET","route":"/api/v1/matches/upcoming?page=1&limit=6","status":200,"latencyMs":343,"userId":null}
{"ts":"2026-10-08T05:25:58.820Z","requestId":"28ed8a6c-693a-4fd5-b237-961181c5fc94","method":"GET","route":"/api/v1/matches/finished?page=1&limit=6","status":200,"latencyMs":351,"userId":null}
{"ts":"2026-10-08T05:25:58.828Z","requestId":"936b0a77-1f40-49f2-9b60-77029acc1591","method":"GET","route":"/api/v1/matches/live?page=1&limit=6","status":200,"latencyMs":358,"userId":null}
{"ts":"2026-10-08T05:25:58.834Z","requestId":"eddba4b4-e582-4020-8e38-d1781b445271","method":"GET","route":"/api/v1/news/breaking?page=1&limit=4","status":200,"latencyMs":363,"userId":null}
{"ts":"2026-10-08T05:25:58.839Z","requestId":"882ad228-7369-4187-a969-ec65764bda44","method":"GET","route":"/api/v1/news/latest?page=1&limit=8","status":200,"latencyMs":371,"userId":null}
{"ts":"2026-10-08T05:25:58.842Z","requestId":"c86b3fe2-1686-483e-aebc-ca8bac081713","method":"GET","route":"/api/v1/matches/live?page=1&limit=6","status":200,"latencyMs":317,"userId":null}
{"ts":"2026-10-08T05:25:58.846Z","requestId":"b540e4a6-c00a-47a4-b355-32f661fc9627","method":"GET","route":"/api/v1/news/latest?page=1&limit=8","status":200,"latencyMs":318,"userId":null}
{"ts":"2026-10-08T05:25:58.846Z","requestId":"13d81b56-8f5d-436a-9623-9c37e832d06c","method":"GET","route":"/api/v1/news?page=1&limit=4&type=transfer","status":200,"latencyMs":316,"userId":null}
{"ts":"2026-10-08T05:25:58.853Z","requestId":"f18001fa-e862-403f-b4f7-a9a4dbe41e93","method":"GET","route":"/api/v1/news/breaking?page=1&limit=4","status":200,"latencyMs":324,"userId":null}
{"ts":"2026-10-08T05:25:58.853Z","requestId":"140a30ac-5142-4b4b-8c62-2bd53354e205","method":"GET","route":"/api/v1/teams?page=1&limit=8&active=true","status":200,"latencyMs":348,"userId":null}
{"ts":"2026-10-08T05:25:58.854Z","requestId":"7cad4814-edcf-44a0-b0ce-5f17a242ad71","method":"GET","route":"/api/v1/competitions?page=1&limit=6&active=true","status":200,"latencyMs":350,"userId":null}
{"ts":"2026-10-08T05:25:58.860Z","requestId":"7b25cbe7-555f-4648-8f0a-511343efa53c","method":"GET","route":"/api/v1/teams?page=1&limit=8&active=true","status":200,"latencyMs":327,"userId":null}
{"ts":"2026-10-08T05:25:58.860Z","requestId":"2eeadee0-6d7d-45dd-9ceb-c568fc80e6a6","method":"GET","route":"/api/v1/players?page=1&limit=8","status":200,"latencyMs":354,"userId":null}
{"ts":"2026-10-08T05:25:58.860Z","requestId":"1f695b59-ff2e-4ff2-bd15-45ecb039a64f","method":"GET","route":"/api/v1/matches/finished?page=1&limit=6","status":200,"latencyMs":332,"userId":null}
{"ts":"2026-10-08T05:25:58.861Z","requestId":"24845da6-a90a-4d8a-9df2-907ef2296c15","method":"GET","route":"/api/v1/competitions?page=1&limit=6&active=true","status":200,"latencyMs":330,"userId":null}
{"ts":"2026-10-08T05:25:58.861Z","requestId":"f709f959-3158-4bce-8920-74f53af92956","method":"GET","route":"/api/v1/matches/upcoming?page=1&limit=6","status":200,"latencyMs":334,"userId":null}
{"ts":"2026-10-08T05:25:58.862Z","requestId":"b685e37c-4ee7-418e-9acf-093dc327f313","method":"GET","route":"/api/v1/news?page=1&limit=4&type=transfer","status":200,"latencyMs":360,"userId":null}
{"ts":"2026-10-08T05:25:58.863Z","requestId":"aa7f4649-33be-4071-bcb8-9f7325dbc723","method":"GET","route":"/api/v1/players?page=1&limit=8","status":200,"latencyMs":329,"userId":null}
{"ts":"2026-10-08T05:25:59.173Z","requestId":"8115ce3f-d1b4-4927-962c-a6ff1dea0999","method":"GET","route":"/api/v1/transfers?page=1&limit=6","status":200,"latencyMs":666,"userId":null}
{"ts":"2026-10-08T05:25:59.183Z","requestId":"42939cc7-85f4-43d8-ab25-a24c46617ad9","method":"GET","route":"/api/v1/transfers?page=1&limit=6","status":200,"latencyMs":649,"userId":null}
{"ts":"2026-10-08T05:25:59.204Z","requestId":"fda79700-aeba-4a39-8d36-05f5cfcad362","method":"GET","route":"/api/v1/matches/seed-team-nbu-vs-seed-team-spr-2030-02-01/details","status":200,"latencyMs":383,"userId":null}
{"ts":"2026-10-08T05:25:59.237Z","requestId":"36d31c19-8ff2-41ec-a1d8-6568942a0db7","method":"GET","route":"/api/v1/matches/seed-team-spr-vs-seed-team-wfa-2026-09-13/details","status":200,"latencyMs":409,"userId":null}
{"ts":"2026-10-08T05:25:59.385Z","requestId":"e0b8e6c2-8ecf-4106-b1f5-3c65be6af3f7","method":"GET","route":"/api/v1/matches/seed-team-nbu-vs-seed-team-spr-2030-02-01/details","status":200,"latencyMs":505,"userId":null}
{"ts":"2026-10-08T05:25:59.399Z","requestId":"f9f6f1e8-9aea-4a9f-9c53-a8733a30cd1a","method":"GET","route":"/api/v1/matches/seed-team-spr-vs-seed-team-wfa-2026-09-13/details","status":200,"latencyMs":521,"userId":null}
{"ts":"2026-10-08T05:25:59.529Z","requestId":"eea98f89-10c1-4755-8193-6c958aa549e5","method":"GET","route":"/api/v1/matches/seed-team-nbu-vs-seed-team-evc-2026-09-12/details","status":200,"latencyMs":699,"userId":null}
{"ts":"2026-10-08T05:25:59.669Z","requestId":"ec38a523-df65-46e6-a6ad-1c7587194c58","method":"GET","route":"/api/v1/matches/seed-team-nbu-vs-seed-team-evc-2026-09-12/details","status":200,"latencyMs":789,"userId":null}
{"ts":"2026-10-08T05:25:59.817Z","requestId":"681d71d7-4e7b-4d2f-a599-f32374607109","method":"GET","route":"/api/v1/news?page=1&limit=100","status":200,"latencyMs":144,"userId":null}
{"ts":"2026-10-08T05:25:59.956Z","requestId":"0f164186-4c5d-44f3-8dfa-4829bb28a18d","method":"GET","route":"/api/v1/categories?page=1&limit=50","status":200,"latencyMs":135,"userId":null}
{"ts":"2026-10-08T05:25:59.962Z","requestId":"0339cc08-b215-465d-9046-8de2ce52c2cf","method":"GET","route":"/api/v1/tags?page=1&limit=50","status":200,"latencyMs":140,"userId":null}
{"ts":"2026-10-08T05:26:00.231Z","requestId":"64eee858-0fe2-4f8f-a233-9446aefaa771","method":"GET","route":"/api/v1/matches/upcoming?page=1&limit=12","status":200,"latencyMs":139,"userId":null}
{"ts":"2026-10-08T05:26:00.233Z","requestId":"b3e8edc0-bddf-4a0a-aeaf-77d8cae82840","method":"GET","route":"/api/v1/matches/finished?page=1&limit=12","status":200,"latencyMs":140,"userId":null}
{"ts":"2026-10-08T05:26:00.238Z","requestId":"562020d7-463a-43e7-8c73-5988edec6bbb","method":"GET","route":"/api/v1/matches/live?page=1&limit=12","status":200,"latencyMs":145,"userId":null}
{"ts":"2026-10-08T05:26:00.293Z","requestId":"b3b51dfb-60b8-4c77-b92c-4e6c2083f288","method":"GET","route":"/api/v1/matches/live?page=1&limit=12","status":200,"latencyMs":143,"userId":null}
{"ts":"2026-10-08T05:26:00.296Z","requestId":"75a6e45a-5e4c-4669-8dbf-491c9cb6483b","method":"GET","route":"/api/v1/matches/upcoming?page=1&limit=12","status":200,"latencyMs":145,"userId":null}
{"ts":"2026-10-08T05:26:00.344Z","requestId":"26cfc349-5d77-424b-9dcc-bc6416b457c5","method":"GET","route":"/api/v1/teams?page=1&limit=24&active=true","status":200,"latencyMs":137,"userId":null}
{"ts":"2026-10-08T05:26:00.551Z","requestId":"8b60f890-16b2-4138-aa5a-cfe272981dc0","method":"GET","route":"/api/v1/players?page=1&limit=24","status":200,"latencyMs":140,"userId":null}
{"ts":"2026-10-08T05:26:00.745Z","requestId":"19d95fbb-d3ad-46d0-bd3a-f841042c1a03","method":"GET","route":"/api/v1/competitions?page=1&limit=24&active=true","status":200,"latencyMs":136,"userId":null}
{"ts":"2026-10-08T05:26:01.107Z","requestId":"05e9e6af-afcc-4827-9c67-7fb3c960e609","method":"GET","route":"/api/v1/transfers?page=1&limit=20&sort=desc&sortField=effective_date","status":200,"latencyMs":279,"userId":null}
{"ts":"2026-10-08T05:26:01.321Z","requestId":"e6d84439-653a-4c62-a3e1-8e2c6be2eef3","method":"GET","route":"/api/v1/news/northbridge-thornton-seizes-leadership","status":200,"latencyMs":146,"userId":null}
{"ts":"2026-10-08T05:26:02.494Z","requestId":"108425d5-16c6-46a7-b9a7-6426f50cdae3","method":"GET","route":"/api/v1/seo/related?limit=6&type=news&slug=northbridge-thornton-seizes-leadership","status":200,"latencyMs":1167,"userId":null}
{"ts":"2026-10-08T05:26:02.696Z","requestId":"2e7fcc45-0e33-4142-89e6-7be4a34fdb62","method":"GET","route":"/api/v1/matches/seed-team-nbu-vs-seed-team-spr-2030-02-01","status":200,"latencyMs":144,"userId":null}
{"ts":"2026-10-08T05:26:02.829Z","requestId":"f4b48c0c-aa4b-48a3-b676-6311ad29af0f","method":"GET","route":"/api/v1/news?page=1&limit=5&match=seed-team-nbu-vs-seed-team-spr-2030-02-01","status":200,"latencyMs":276,"userId":null}
{"ts":"2026-10-08T05:26:02.853Z","requestId":"61b4160f-e299-428c-b324-1ad3749cd47a","method":"GET","route":"/api/v1/seo/breadcrumbs?type=match&slug=seed-team-nbu-vs-seed-team-spr-2030-02-01","status":200,"latencyMs":301,"userId":null}
{"ts":"2026-10-08T05:26:02.857Z","msg":"seo_metadata_fallback","entityType":"match","slug":"seed-team-nbu-vs-seed-team-spr-2030-02-01"}
{"ts":"2026-10-08T05:26:02.858Z","requestId":"ee7b4de6-4269-43cb-84c4-d6194d581807","method":"GET","route":"/api/v1/seo/metadata?type=match&slug=seed-team-nbu-vs-seed-team-spr-2030-02-01","status":200,"latencyMs":305,"userId":null}
{"ts":"2026-10-08T05:26:03.268Z","requestId":"f517397e-cdad-4310-b1db-c98c26a2df30","method":"GET","route":"/api/v1/seo/structured?type=match&slug=seed-team-nbu-vs-seed-team-spr-2030-02-01","status":200,"latencyMs":717,"userId":null}
{"ts":"2026-10-08T05:26:03.766Z","requestId":"27effa42-1640-4cec-9398-6cc71de933d3","method":"GET","route":"/api/v1/teams/evc/details","status":200,"latencyMs":440,"userId":null}
{"ts":"2026-10-08T05:26:04.332Z","requestId":"de6646b5-bf69-4e6f-bc10-4ddebb66f27a","method":"GET","route":"/api/v1/players/carlos-mendez/details","status":200,"latencyMs":433,"userId":null}
{"ts":"2026-10-08T05:26:04.876Z","requestId":"65b39098-12df-48d0-8f33-0e59abf4b838","method":"GET","route":"/api/v1/competitions/premier-league/details","status":200,"latencyMs":426,"userId":null}
